Archive member included to satisfy reference by file (symbol)

c:/st/stm32cubeide_1.1.0/stm32cubeide/plugins/com.st.stm32cube.ide.mcu.externaltools.gnu-tools-for-stm32.7-2018-q2-update.win32_1.0.0.201904181610/tools/bin/../lib/gcc/arm-none-eabi/7.3.1/../../../../arm-none-eabi/lib/thumb/v7e-m/fpv4-sp/hard\libc_nano.a(lib_a-errno.o)
                              Src/syscalls.o (__errno)
c:/st/stm32cubeide_1.1.0/stm32cubeide/plugins/com.st.stm32cube.ide.mcu.externaltools.gnu-tools-for-stm32.7-2018-q2-update.win32_1.0.0.201904181610/tools/bin/../lib/gcc/arm-none-eabi/7.3.1/../../../../arm-none-eabi/lib/thumb/v7e-m/fpv4-sp/hard\libc_nano.a(lib_a-exit.o)
                              c:/st/stm32cubeide_1.1.0/stm32cubeide/plugins/com.st.stm32cube.ide.mcu.externaltools.gnu-tools-for-stm32.7-2018-q2-update.win32_1.0.0.201904181610/tools/bin/../lib/gcc/arm-none-eabi/7.3.1/../../../../arm-none-eabi/lib/thumb/v7e-m/fpv4-sp/hard/crt0.o (exit)
c:/st/stm32cubeide_1.1.0/stm32cubeide/plugins/com.st.stm32cube.ide.mcu.externaltools.gnu-tools-for-stm32.7-2018-q2-update.win32_1.0.0.201904181610/tools/bin/../lib/gcc/arm-none-eabi/7.3.1/../../../../arm-none-eabi/lib/thumb/v7e-m/fpv4-sp/hard\libc_nano.a(lib_a-impure.o)
                              c:/st/stm32cubeide_1.1.0/stm32cubeide/plugins/com.st.stm32cube.ide.mcu.externaltools.gnu-tools-for-stm32.7-2018-q2-update.win32_1.0.0.201904181610/tools/bin/../lib/gcc/arm-none-eabi/7.3.1/../../../../arm-none-eabi/lib/thumb/v7e-m/fpv4-sp/hard\libc_nano.a(lib_a-exit.o) (_global_impure_ptr)
c:/st/stm32cubeide_1.1.0/stm32cubeide/plugins/com.st.stm32cube.ide.mcu.externaltools.gnu-tools-for-stm32.7-2018-q2-update.win32_1.0.0.201904181610/tools/bin/../lib/gcc/arm-none-eabi/7.3.1/../../../../arm-none-eabi/lib/thumb/v7e-m/fpv4-sp/hard\libc_nano.a(lib_a-init.o)
                              c:/st/stm32cubeide_1.1.0/stm32cubeide/plugins/com.st.stm32cube.ide.mcu.externaltools.gnu-tools-for-stm32.7-2018-q2-update.win32_1.0.0.201904181610/tools/bin/../lib/gcc/arm-none-eabi/7.3.1/../../../../arm-none-eabi/lib/thumb/v7e-m/fpv4-sp/hard/crt0.o (__libc_init_array)
c:/st/stm32cubeide_1.1.0/stm32cubeide/plugins/com.st.stm32cube.ide.mcu.externaltools.gnu-tools-for-stm32.7-2018-q2-update.win32_1.0.0.201904181610/tools/bin/../lib/gcc/arm-none-eabi/7.3.1/../../../../arm-none-eabi/lib/thumb/v7e-m/fpv4-sp/hard\libc_nano.a(lib_a-memcmp.o)
                              ThirdParty/SEGGER/OS/SEGGER_SYSVIEW_FreeRTOS.o (memcmp)
c:/st/stm32cubeide_1.1.0/stm32cubeide/plugins/com.st.stm32cube.ide.mcu.externaltools.gnu-tools-for-stm32.7-2018-q2-update.win32_1.0.0.201904181610/tools/bin/../lib/gcc/arm-none-eabi/7.3.1/../../../../arm-none-eabi/lib/thumb/v7e-m/fpv4-sp/hard\libc_nano.a(lib_a-memcpy-stub.o)
                              ThirdParty/FreeRTOS/queue.o (memcpy)
c:/st/stm32cubeide_1.1.0/stm32cubeide/plugins/com.st.stm32cube.ide.mcu.externaltools.gnu-tools-for-stm32.7-2018-q2-update.win32_1.0.0.201904181610/tools/bin/../lib/gcc/arm-none-eabi/7.3.1/../../../../arm-none-eabi/lib/thumb/v7e-m/fpv4-sp/hard\libc_nano.a(lib_a-memset.o)
                              c:/st/stm32cubeide_1.1.0/stm32cubeide/plugins/com.st.stm32cube.ide.mcu.externaltools.gnu-tools-for-stm32.7-2018-q2-update.win32_1.0.0.201904181610/tools/bin/../lib/gcc/arm-none-eabi/7.3.1/../../../../arm-none-eabi/lib/thumb/v7e-m/fpv4-sp/hard/crt0.o (memset)
c:/st/stm32cubeide_1.1.0/stm32cubeide/plugins/com.st.stm32cube.ide.mcu.externaltools.gnu-tools-for-stm32.7-2018-q2-update.win32_1.0.0.201904181610/tools/bin/../lib/gcc/arm-none-eabi/7.3.1/../../../../arm-none-eabi/lib/thumb/v7e-m/fpv4-sp/hard\libc_nano.a(lib_a-strlen.o)
                              ThirdParty/SEGGER/SEGGER/SEGGER_RTT.o (strlen)
c:/st/stm32cubeide_1.1.0/stm32cubeide/plugins/com.st.stm32cube.ide.mcu.externaltools.gnu-tools-for-stm32.7-2018-q2-update.win32_1.0.0.201904181610/tools/bin/../lib/gcc/arm-none-eabi/7.3.1/thumb/v7e-m/fpv4-sp/hard\libgcc.a(_aeabi_uldivmod.o)
                              Drivers/STM32F4xx_HAL_Driver/Src/stm32f4xx_hal_rcc.o (__aeabi_uldivmod)
c:/st/stm32cubeide_1.1.0/stm32cubeide/plugins/com.st.stm32cube.ide.mcu.externaltools.gnu-tools-for-stm32.7-2018-q2-update.win32_1.0.0.201904181610/tools/bin/../lib/gcc/arm-none-eabi/7.3.1/thumb/v7e-m/fpv4-sp/hard\libgcc.a(_udivmoddi4.o)
                              c:/st/stm32cubeide_1.1.0/stm32cubeide/plugins/com.st.stm32cube.ide.mcu.externaltools.gnu-tools-for-stm32.7-2018-q2-update.win32_1.0.0.201904181610/tools/bin/../lib/gcc/arm-none-eabi/7.3.1/thumb/v7e-m/fpv4-sp/hard\libgcc.a(_aeabi_uldivmod.o) (__udivmoddi4)
c:/st/stm32cubeide_1.1.0/stm32cubeide/plugins/com.st.stm32cube.ide.mcu.externaltools.gnu-tools-for-stm32.7-2018-q2-update.win32_1.0.0.201904181610/tools/bin/../lib/gcc/arm-none-eabi/7.3.1/thumb/v7e-m/fpv4-sp/hard\libgcc.a(_dvmd_tls.o)
[...]
Memory Configuration

Name             Origin             Length             Attributes
CCMRAM           0x0000000010000000 0x0000000000010000 xrw
RAM              0x0000000020000000 0x0000000000020000 xrw
FLASH            0x0000000008000000 0x0000000000100000 xr
*default*        0x0000000000000000 0xffffffffffffffff

Linker script and memory map

LOAD c:/st/stm32cubeide_1.1.0/stm32cubeide/plugins/com.st.stm32cube.ide.mcu.externaltools.gnu-tools-for-stm32.7-2018-q2-update.win32_1.0.0.201904181610/tools/bin/../lib/gcc/arm-none-eabi/7.3.1/thumb/v7e-m/fpv4-sp/hard/crti.o
LOAD c:/st/stm32cubeide_1.1.0/stm32cubeide/plugins/com.st.stm32cube.ide.mcu.externaltools.gnu-tools-for-stm32.7-2018-q2-update.win32_1.0.0.201904181610/tools/bin/../lib/gcc/arm-none-eabi/7.3.1/thumb/v7e-m/fpv4-sp/hard/crtbegin.o
LOAD c:/st/stm32cubeide_1.1.0/stm32cubeide/plugins/com.st.stm32cube.ide.mcu.externaltools.gnu-tools-for-stm32.7-2018-q2-update.win32_1.0.0.201904181610/tools/bin/../lib/gcc/arm-none-eabi/7.3.1/../../../../arm-none-eabi/lib/thumb/v7e-m/fpv4-sp/hard/crt0.o
LOAD CLC_Sys/software_timers/software_timers.o
LOAD CLC_Sys/tasks/intersection_ctrl/intersection_ctrl.o
LOAD CLC_Sys/tasks/sensor_read/sensor_read.o
LOAD CLC_Sys/tasks/state_machine/state_machine.o
LOAD Drivers/STM32F4xx_HAL_Driver/Src/stm32f4xx_hal.o
LOAD Drivers/STM32F4xx_HAL_Driver/Src/stm32f4xx_hal_cortex.o
LOAD Drivers/STM32F4xx_HAL_Driver/Src/stm32f4xx_hal_dma.o
LOAD Drivers/STM32F4xx_HAL_Driver/Src/stm32f4xx_hal_dma_ex.o
LOAD Drivers/STM32F4xx_HAL_Driver/Src/stm32f4xx_hal_exti.o
LOAD Drivers/STM32F4xx_HAL_Driver/Src/stm32f4xx_hal_flash.o
LOAD Drivers/STM32F4xx_HAL_Driver/Src/stm32f4xx_hal_flash_ex.o
LOAD Drivers/STM32F4xx_HAL_Driver/Src/stm32f4xx_hal_flash_ramfunc.o
LOAD Drivers/STM32F4xx_HAL_Driver/Src/stm32f4xx_hal_gpio.o
LOAD Drivers/STM32F4xx_HAL_Driver/Src/stm32f4xx_hal_pwr.o
LOAD Drivers/STM32F4xx_HAL_Driver/Src/stm32f4xx_hal_pwr_ex.o
LOAD Drivers/STM32F4xx_HAL_Driver/Src/stm32f4xx_hal_rcc.o
LOAD Drivers/STM32F4xx_HAL_Driver/Src/stm32f4xx_hal_rcc_ex.o
LOAD Drivers/STM32F4xx_HAL_Driver/Src/stm32f4xx_hal_tim.o
LOAD Drivers/STM32F4xx_HAL_Driver/Src/stm32f4xx_hal_tim_ex.o
LOAD Src/main.o
LOAD Src/stm32f4xx_hal_msp.o
LOAD Src/stm32f4xx_hal_timebase_tim.o
LOAD Src/stm32f4xx_it.o
LOAD Src/syscalls.o
LOAD Src/system_stm32f4xx.o
LOAD Startup/startup_stm32f407vgtx.o
LOAD ThirdParty/FreeRTOS/croutine.o
LOAD ThirdParty/FreeRTOS/event_groups.o
LOAD ThirdParty/FreeRTOS/list.o
LOAD ThirdParty/FreeRTOS/queue.o
LOAD ThirdParty/FreeRTOS/stream_buffer.o
LOAD ThirdParty/FreeRTOS/tasks.o
LOAD ThirdParty/FreeRTOS/timers.o
LOAD ThirdParty/FreeRTOS/portable/GCC/ARM_CM4F/port.o
LOAD ThirdParty/FreeRTOS/portable/MemMang/heap_4.o
LOAD ThirdParty/SEGGER/Config/SEGGER_SYSVIEW_Config_FreeRTOS.o
LOAD ThirdParty/SEGGER/OS/SEGGER_SYSVIEW_FreeRTOS.o
LOAD ThirdParty/SEGGER/SEGGER/SEGGER_RTT.o
LOAD ThirdParty/SEGGER/SEGGER/SEGGER_RTT_ASM_ARMv7M.o
LOAD ThirdParty/SEGGER/SEGGER/SEGGER_RTT_printf.o
LOAD ThirdParty/SEGGER/SEGGER/SEGGER_SYSVIEW.o
LOAD ThirdParty/SEGGER/SEGGER/Syscalls/SEGGER_RTT_Syscalls_GCC.o
START GROUP
LOAD c:/st/stm32cubeide_1.1.0/stm32cubeide/plugins/com.st.stm32cube.ide.mcu.externaltools.gnu-tools-for-stm32.7-2018-q2-update.win32_1.0.0.201904181610/tools/bin/../lib/gcc/arm-none-eabi/7.3.1/../../../../arm-none-eabi/lib/thumb/v7e-m/fpv4-sp/hard\libc_nano.a
LOAD c:/st/stm32cubeide_1.1.0/stm32cubeide/plugins/com.st.stm32cube.ide.mcu.externaltools.gnu-tools-for-stm32.7-2018-q2-update.win32_1.0.0.201904181610/tools/bin/../lib/gcc/arm-none-eabi/7.3.1/../../../../arm-none-eabi/lib/thumb/v7e-m/fpv4-sp/hard\libm.a
END GROUP
START GROUP
LOAD c:/st/stm32cubeide_1.1.0/stm32cubeide/plugins/com.st.stm32cube.ide.mcu.externaltools.gnu-tools-for-stm32.7-2018-q2-update.win32_1.0.0.201904181610/tools/bin/../lib/gcc/arm-none-eabi/7.3.1/thumb/v7e-m/fpv4-sp/hard\libgcc.a
LOAD c:/st/stm32cubeide_1.1.0/stm32cubeide/plugins/com.st.stm32cube.ide.mcu.externaltools.gnu-tools-for-stm32.7-2018-q2-update.win32_1.0.0.201904181610/tools/bin/../lib/gcc/arm-none-eabi/7.3.1/../../../../arm-none-eabi/lib/thumb/v7e-m/fpv4-sp/hard\libc_nano.a
END GROUP
START GROUP
LOAD c:/st/stm32cubeide_1.1.0/stm32cubeide/plugins/com.st.stm32cube.ide.mcu.externaltools.gnu-tools-for-stm32.7-2018-q2-update.win32_1.0.0.201904181610/tools/bin/../lib/gcc/arm-none-eabi/7.3.1/thumb/v7e-m/fpv4-sp/hard\libgcc.a
LOAD c:/st/stm32cubeide_1.1.0/stm32cubeide/plugins/com.st.stm32cube.ide.mcu.externaltools.gnu-tools-for-stm32.7-2018-q2-update.win32_1.0.0.201904181610/tools/bin/../lib/gcc/arm-none-eabi/7.3.1/../../../../arm-none-eabi/lib/thumb/v7e-m/fpv4-sp/hard\libc_nano.a
LOAD c:/st/stm32cubeide_1.1.0/stm32cubeide/plugins/com.st.stm32cube.ide.mcu.externaltools.gnu-tools-for-stm32.7-2018-q2-update.win32_1.0.0.201904181610/tools/bin/../lib/gcc/arm-none-eabi/7.3.1/../../../../arm-none-eabi/lib/thumb/v7e-m/fpv4-sp/hard\libnosys.a
END GROUP
START GROUP
LOAD c:/st/stm32cubeide_1.1.0/stm32cubeide/plugins/com.st.stm32cube.ide.mcu.externaltools.gnu-tools-for-stm32.7-2018-q2-update.win32_1.0.0.201904181610/tools/bin/../lib/gcc/arm-none-eabi/7.3.1/thumb/v7e-m/fpv4-sp/hard\libgcc.a
LOAD c:/st/stm32cubeide_1.1.0/stm32cubeide/plugins/com.st.stm32cube.ide.mcu.externaltools.gnu-tools-for-stm32.7-2018-q2-update.win32_1.0.0.201904181610/tools/bin/../lib/gcc/arm-none-eabi/7.3.1/../../../../arm-none-eabi/lib/thumb/v7e-m/fpv4-sp/hard\libc_nano.a
LOAD c:/st/stm32cubeide_1.1.0/stm32cubeide/plugins/com.st.stm32cube.ide.mcu.externaltools.gnu-tools-for-stm32.7-2018-q2-update.win32_1.0.0.201904181610/tools/bin/../lib/gcc/arm-none-eabi/7.3.1/../../../../arm-none-eabi/lib/thumb/v7e-m/fpv4-sp/hard\libnosys.a
END GROUP
LOAD c:/st/stm32cubeide_1.1.0/stm32cubeide/plugins/com.st.stm32cube.ide.mcu.externaltools.gnu-tools-for-stm32.7-2018-q2-update.win32_1.0.0.201904181610/tools/bin/../lib/gcc/arm-none-eabi/7.3.1/thumb/v7e-m/fpv4-sp/hard/crtend.o
LOAD c:/st/stm32cubeide_1.1.0/stm32cubeide/plugins/com.st.stm32cube.ide.mcu.externaltools.gnu-tools-for-stm32.7-2018-q2-update.win32_1.0.0.201904181610/tools/bin/../lib/gcc/arm-none-eabi/7.3.1/thumb/v7e-m/fpv4-sp/hard/crtn.o
                0x0000000020020000                _estack = 0x20020000
                0x0000000000000200                _Min_Heap_Size = 0x200
                0x0000000000000400                _Min_Stack_Size = 0x400

.isr_vector     0x0000000008000000      0x188
                0x0000000008000000                . = ALIGN (0x4)
 *(.isr_vector)
 .isr_vector    0x0000000008000000      0x188 Startup/startup_stm32f407vgtx.o
                0x0000000008000000                g_pfnVectors
                0x0000000008000188                . = ALIGN (0x4)

.text           0x0000000008000190     0x705c
                0x0000000008000190                . = ALIGN (0x4)
 *(.text)
 .text          0x0000000008000190       0x40 c:/st/stm32cubeide_1.1.0/stm32cubeide/plugins/com.st.stm32cube.ide.mcu.externaltools.gnu-tools-for-stm32.7-2018-q2-update.win32_1.0.0.201904181610/tools/bin/../lib/gcc/arm-none-eabi/7.3.1/thumb/v7e-m/fpv4-sp/hard/crtbegin.o
 .text          0x00000000080001d0       0x94 ThirdParty/SEGGER/SEGGER/SEGGER_RTT_ASM_ARMv7M.o
                0x00000000080001d0                SEGGER_RTT_ASM_WriteSkipNoLock
 .text          0x0000000008000264       0x30 c:/st/stm32cubeide_1.1.0/stm32cubeide/plugins/com.st.stm32cube.ide.mcu.externaltools.gnu-tools-for-stm32.7-2018-q2-update.win32_1.0.0.201904181610/tools/bin/../lib/gcc/arm-none-eabi/7.3.1/thumb/v7e-m/fpv4-sp/hard\libgcc.a(_aeabi_uldivmod.o)
                0x0000000008000264                __aeabi_uldivmod
 .text          0x0000000008000294      0x2cc c:/st/stm32cubeide_1.1.0/stm32cubeide/plugins/com.st.stm32cube.ide.mcu.externaltools.gnu-tools-for-stm32.7-2018-q2-update.win32_1.0.0.201904181610/tools/bin/../lib/gcc/arm-none-eabi/7.3.1/thumb/v7e-m/fpv4-sp/hard\libgcc.a(_udivmoddi4.o)
                0x0000000008000294                __udivmoddi4
 .text          0x0000000008000560        0x4 c:/st/stm32cubeide_1.1.0/stm32cubeide/plugins/com.st.stm32cube.ide.mcu.externaltools.gnu-tools-for-stm32.7-2018-q2-update.win32_1.0.0.201904181610/tools/bin/../lib/gcc/arm-none-eabi/7.3.1/thumb/v7e-m/fpv4-sp/hard\libgcc.a(_dvmd_tls.o)
                0x0000000008000560                __aeabi_idiv0
                0x0000000008000560                __aeabi_ldiv0
 *(.text*)
 .text.software_timers_init
                0x0000000008000564       0xa4 CLC_Sys/software_timers/software_timers.o
                0x0000000008000564                software_timers_init
 .text.sensor1_cond_tim_callback
                0x0000000008000608       0x16 CLC_Sys/software_timers/software_timers.o
                0x0000000008000608                sensor1_cond_tim_callback
 .text.sensor2_cond_tim_callback
                0x000000000800061e       0x16 CLC_Sys/software_timers/software_timers.o
                0x000000000800061e                sensor2_cond_tim_callback
 .text.CLC_train_exit_timeout_ballback
                0x0000000008000634       0x16 CLC_Sys/software_timers/software_timers.o
                0x0000000008000634                CLC_train_exit_timeout_ballback
 *fill*         0x000000000800064a        0x2 
 .text.vTask_IntersectionCtrl
                0x000000000800064c       0x60 CLC_Sys/tasks/intersection_ctrl/intersection_ctrl.o
                0x000000000800064c                vTask_IntersectionCtrl
 .text.vTask_SensorRead
                0x00000000080006ac       0x3c CLC_Sys/tasks/sensor_read/sensor_read.o
                0x00000000080006ac                vTask_SensorRead
 .text.sensor_read_get_sensor1_reading
                0x00000000080006e8       0x18 CLC_Sys/tasks/sensor_read/sensor_read.o
                0x00000000080006e8                sensor_read_get_sensor1_reading
 .text.sensor_read_get_sensor2_reading
                0x0000000008000700       0x18 CLC_Sys/tasks/sensor_read/sensor_read.o
                0x0000000008000700                sensor_read_get_sensor2_reading
 .text.sensor_read_set_sensor1_cond_timer_state
                0x0000000008000718       0x20 CLC_Sys/tasks/sensor_read/sensor_read.o
                0x0000000008000718                sensor_read_set_sensor1_cond_timer_state
 .text.sensor_read_set_sensor2_cond_timer_state
                0x0000000008000738       0x20 CLC_Sys/tasks/sensor_read/sensor_read.o
                0x0000000008000738                sensor_read_set_sensor2_cond_timer_state
 .text.vTask_StateMachine
                0x0000000008000758       0x38 CLC_Sys/tasks/state_machine/state_machine.o
                0x0000000008000758                vTask_StateMachine
 .text.state_machine_get_state
                0x0000000008000790       0x18 CLC_Sys/tasks/state_machine/state_machine.o
                0x0000000008000790                state_machine_get_state
 .text.CLC_train_set_exit_timeout
                0x00000000080007a8       0x20 CLC_Sys/tasks/state_machine/state_machine.o
                0x00000000080007a8                CLC_train_set_exit_timeout
 .text.HAL_Init
                0x00000000080007c8       0x44 Drivers/STM32F4xx_HAL_Driver/Src/stm32f4xx_hal.o
                0x00000000080007c8                HAL_Init
 .text.HAL_IncTick
                0x000000000800080c       0x28 Drivers/STM32F4xx_HAL_Driver/Src/stm32f4xx_hal.o
                0x000000000800080c                HAL_IncTick
 .text.HAL_GetTick
                0x0000000008000834       0x18 Drivers/STM32F4xx_HAL_Driver/Src/stm32f4xx_hal.o
                0x0000000008000834                HAL_GetTick
 .text.__NVIC_SetPriorityGrouping
                0x000000000800084c       0x48 Drivers/STM32F4xx_HAL_Driver/Src/stm32f4xx_hal_cortex.o
 .text.__NVIC_GetPriorityGrouping
                0x0000000008000894       0x1c Drivers/STM32F4xx_HAL_Driver/Src/stm32f4xx_hal_cortex.o
 .text.__NVIC_EnableIRQ
                0x00000000080008b0       0x3c Drivers/STM32F4xx_HAL_Driver/Src/stm32f4xx_hal_cortex.o
 .text.__NVIC_SetPriority
                0x00000000080008ec       0x54 Drivers/STM32F4xx_HAL_Driver/Src/stm32f4xx_hal_cortex.o
 .text.NVIC_EncodePriority
                0x0000000008000940       0x66 Drivers/STM32F4xx_HAL_Driver/Src/stm32f4xx_hal_cortex.o
 .text.HAL_NVIC_SetPriorityGrouping
                0x00000000080009a6       0x16 Drivers/STM32F4xx_HAL_Driver/Src/stm32f4xx_hal_cortex.o
                0x00000000080009a6                HAL_NVIC_SetPriorityGrouping
 .text.HAL_NVIC_SetPriority
                0x00000000080009bc       0x38 Drivers/STM32F4xx_HAL_Driver/Src/stm32f4xx_hal_cortex.o
                0x00000000080009bc                HAL_NVIC_SetPriority
 .text.HAL_NVIC_EnableIRQ
                0x00000000080009f4       0x1c Drivers/STM32F4xx_HAL_Driver/Src/stm32f4xx_hal_cortex.o
                0x00000000080009f4                HAL_NVIC_EnableIRQ
 .text.HAL_GPIO_Init
                0x0000000008000a10      0x334 Drivers/STM32F4xx_HAL_Driver/Src/stm32f4xx_hal_gpio.o
                0x0000000008000a10                HAL_GPIO_Init
 .text.HAL_GPIO_ReadPin
                0x0000000008000d44       0x30 Drivers/STM32F4xx_HAL_Driver/Src/stm32f4xx_hal_gpio.o
                0x0000000008000d44                HAL_GPIO_ReadPin
 .text.HAL_GPIO_WritePin
                0x0000000008000d74       0x32 Drivers/STM32F4xx_HAL_Driver/Src/stm32f4xx_hal_gpio.o
                0x0000000008000d74                HAL_GPIO_WritePin
 *fill*         0x0000000008000da6        0x2 
 .text.HAL_RCC_OscConfig
                0x0000000008000da8      0x4e0 Drivers/STM32F4xx_HAL_Driver/Src/stm32f4xx_hal_rcc.o
                0x0000000008000da8                HAL_RCC_OscConfig
 .text.HAL_RCC_ClockConfig
                0x0000000008001288      0x1cc Drivers/STM32F4xx_HAL_Driver/Src/stm32f4xx_hal_rcc.o
                0x0000000008001288                HAL_RCC_ClockConfig
 .text.HAL_RCC_GetSysClockFreq
                0x0000000008001454      0x1b0 Drivers/STM32F4xx_HAL_Driver/Src/stm32f4xx_hal_rcc.o
                0x0000000008001454                HAL_RCC_GetSysClockFreq
 .text.HAL_RCC_GetHCLKFreq
                0x0000000008001604       0x18 Drivers/STM32F4xx_HAL_Driver/Src/stm32f4xx_hal_rcc.o
                0x0000000008001604                HAL_RCC_GetHCLKFreq
 .text.HAL_RCC_GetPCLK1Freq
                0x000000000800161c       0x28 Drivers/STM32F4xx_HAL_Driver/Src/stm32f4xx_hal_rcc.o
                0x000000000800161c                HAL_RCC_GetPCLK1Freq
 .text.HAL_RCC_GetClockConfig
                0x0000000008001644       0x64 Drivers/STM32F4xx_HAL_Driver/Src/stm32f4xx_hal_rcc.o
                0x0000000008001644                HAL_RCC_GetClockConfig
 .text.HAL_TIM_Base_Init
                0x00000000080016a8       0x56 Drivers/STM32F4xx_HAL_Driver/Src/stm32f4xx_hal_tim.o
                0x00000000080016a8                HAL_TIM_Base_Init
 .text.HAL_TIM_Base_Start_IT
                0x00000000080016fe       0x48 Drivers/STM32F4xx_HAL_Driver/Src/stm32f4xx_hal_tim.o
                0x00000000080016fe                HAL_TIM_Base_Start_IT
 .text.HAL_TIM_PWM_Init
                0x0000000008001746       0x56 Drivers/STM32F4xx_HAL_Driver/Src/stm32f4xx_hal_tim.o
                0x0000000008001746                HAL_TIM_PWM_Init
 .text.HAL_TIM_PWM_MspInit
                0x000000000800179c       0x14 Drivers/STM32F4xx_HAL_Driver/Src/stm32f4xx_hal_tim.o
                0x000000000800179c                HAL_TIM_PWM_MspInit
 .text.HAL_TIM_PWM_Start
                0x00000000080017b0       0x7c Drivers/STM32F4xx_HAL_Driver/Src/stm32f4xx_hal_tim.o
                0x00000000080017b0                HAL_TIM_PWM_Start
 .text.HAL_TIM_IRQHandler
                0x000000000800182c      0x210 Drivers/STM32F4xx_HAL_Driver/Src/stm32f4xx_hal_tim.o
                0x000000000800182c                HAL_TIM_IRQHandler
 .text.HAL_TIM_PWM_ConfigChannel
                0x0000000008001a3c      0x18c Drivers/STM32F4xx_HAL_Driver/Src/stm32f4xx_hal_tim.o
                0x0000000008001a3c                HAL_TIM_PWM_ConfigChannel
 .text.HAL_TIM_ConfigClockSource
                0x0000000008001bc8      0x16e Drivers/STM32F4xx_HAL_Driver/Src/stm32f4xx_hal_tim.o
                0x0000000008001bc8                HAL_TIM_ConfigClockSource
 .text.HAL_TIM_OC_DelayElapsedCallback
                0x0000000008001d36       0x14 Drivers/STM32F4xx_HAL_Driver/Src/stm32f4xx_hal_tim.o
                0x0000000008001d36                HAL_TIM_OC_DelayElapsedCallback
 .text.HAL_TIM_IC_CaptureCallback
                0x0000000008001d4a       0x14 Drivers/STM32F4xx_HAL_Driver/Src/stm32f4xx_hal_tim.o
                0x0000000008001d4a                HAL_TIM_IC_CaptureCallback
 .text.HAL_TIM_PWM_PulseFinishedCallback
                0x0000000008001d5e       0x14 Drivers/STM32F4xx_HAL_Driver/Src/stm32f4xx_hal_tim.o
                0x0000000008001d5e                HAL_TIM_PWM_PulseFinishedCallback
 .text.HAL_TIM_TriggerCallback
                0x0000000008001d72       0x14 Drivers/STM32F4xx_HAL_Driver/Src/stm32f4xx_hal_tim.o
                0x0000000008001d72                HAL_TIM_TriggerCallback
 *fill*         0x0000000008001d86        0x2 
 .text.TIM_Base_SetConfig
                0x0000000008001d88      0x140 Drivers/STM32F4xx_HAL_Driver/Src/stm32f4xx_hal_tim.o
                0x0000000008001d88                TIM_Base_SetConfig
 .text.TIM_OC1_SetConfig
                0x0000000008001ec8       0xe0 Drivers/STM32F4xx_HAL_Driver/Src/stm32f4xx_hal_tim.o
 .text.TIM_OC2_SetConfig
                0x0000000008001fa8       0xec Drivers/STM32F4xx_HAL_Driver/Src/stm32f4xx_hal_tim.o
                0x0000000008001fa8                TIM_OC2_SetConfig
 .text.TIM_OC3_SetConfig
                0x0000000008002094       0xe8 Drivers/STM32F4xx_HAL_Driver/Src/stm32f4xx_hal_tim.o
 .text.TIM_OC4_SetConfig
                0x000000000800217c       0xac Drivers/STM32F4xx_HAL_Driver/Src/stm32f4xx_hal_tim.o
 .text.TIM_TI1_ConfigInputStage
                0x0000000008002228       0x5e Drivers/STM32F4xx_HAL_Driver/Src/stm32f4xx_hal_tim.o
 .text.TIM_TI2_ConfigInputStage
                0x0000000008002286       0x60 Drivers/STM32F4xx_HAL_Driver/Src/stm32f4xx_hal_tim.o
 .text.TIM_ITRx_SetConfig
                0x00000000080022e6       0x36 Drivers/STM32F4xx_HAL_Driver/Src/stm32f4xx_hal_tim.o
 .text.TIM_ETR_SetConfig
                0x000000000800231c       0x40 Drivers/STM32F4xx_HAL_Driver/Src/stm32f4xx_hal_tim.o
                0x000000000800231c                TIM_ETR_SetConfig
 .text.TIM_CCxChannelCmd
                0x000000000800235c       0x4a Drivers/STM32F4xx_HAL_Driver/Src/stm32f4xx_hal_tim.o
                0x000000000800235c                TIM_CCxChannelCmd
 *fill*         0x00000000080023a6        0x2 
 .text.HAL_TIMEx_MasterConfigSynchronization
                0x00000000080023a8       0xf8 Drivers/STM32F4xx_HAL_Driver/Src/stm32f4xx_hal_tim_ex.o
                0x00000000080023a8                HAL_TIMEx_MasterConfigSynchronization
 .text.HAL_TIMEx_CommutCallback
                0x00000000080024a0       0x14 Drivers/STM32F4xx_HAL_Driver/Src/stm32f4xx_hal_tim_ex.o
                0x00000000080024a0                HAL_TIMEx_CommutCallback
 .text.HAL_TIMEx_BreakCallback
                0x00000000080024b4       0x14 Drivers/STM32F4xx_HAL_Driver/Src/stm32f4xx_hal_tim_ex.o
                0x00000000080024b4                HAL_TIMEx_BreakCallback
 .text.main     0x00000000080024c8       0xf4 Src/main.o
                0x00000000080024c8                main
 .text.SystemClock_Config
                0x00000000080025bc       0xd4 Src/main.o
                0x00000000080025bc                SystemClock_Config
 .text.MX_TIM1_Init
                0x0000000008002690       0xa0 Src/main.o
 .text.MX_TIM3_Init
                0x0000000008002730       0xec Src/main.o
 .text.MX_GPIO_Init
                0x000000000800281c      0x2d0 Src/main.o
 .text.HAL_TIM_PeriodElapsedCallback
                0x0000000008002aec       0x24 Src/main.o
                0x0000000008002aec                HAL_TIM_PeriodElapsedCallback
 .text.Error_Handler
                0x0000000008002b10        0xe Src/main.o
                0x0000000008002b10                Error_Handler
 *fill*         0x0000000008002b1e        0x2 
 .text.HAL_MspInit
                0x0000000008002b20       0x50 Src/stm32f4xx_hal_msp.o
                0x0000000008002b20                HAL_MspInit
 .text.HAL_TIM_Base_MspInit
                0x0000000008002b70       0x70 Src/stm32f4xx_hal_msp.o
                0x0000000008002b70                HAL_TIM_Base_MspInit
 .text.HAL_TIM_MspPostInit
                0x0000000008002be0       0x74 Src/stm32f4xx_hal_msp.o
                0x0000000008002be0                HAL_TIM_MspPostInit
 .text.HAL_InitTick
                0x0000000008002c54       0xb4 Src/stm32f4xx_hal_timebase_tim.o
                0x0000000008002c54                HAL_InitTick
 .text.NMI_Handler
                0x0000000008002d08        0xe Src/stm32f4xx_it.o
                0x0000000008002d08                NMI_Handler
 .text.HardFault_Handler
                0x0000000008002d16        0x6 Src/stm32f4xx_it.o
                0x0000000008002d16                HardFault_Handler
 .text.MemManage_Handler
                0x0000000008002d1c        0x6 Src/stm32f4xx_it.o
                0x0000000008002d1c                MemManage_Handler
 .text.BusFault_Handler
                0x0000000008002d22        0x6 Src/stm32f4xx_it.o
                0x0000000008002d22                BusFault_Handler
 .text.UsageFault_Handler
                0x0000000008002d28        0x6 Src/stm32f4xx_it.o
                0x0000000008002d28                UsageFault_Handler
 .text.DebugMon_Handler
                0x0000000008002d2e        0xe Src/stm32f4xx_it.o
                0x0000000008002d2e                DebugMon_Handler
 .text.TIM5_IRQHandler
                0x0000000008002d3c       0x14 Src/stm32f4xx_it.o
                0x0000000008002d3c                TIM5_IRQHandler
 .text.SystemInit
                0x0000000008002d50       0x2c Src/system_stm32f4xx.o
                0x0000000008002d50                SystemInit
 .text.Reset_Handler
                0x0000000008002d7c       0x50 Startup/startup_stm32f407vgtx.o
                0x0000000008002d7c                Reset_Handler
 .text.Default_Handler
                0x0000000008002dcc        0x2 Startup/startup_stm32f407vgtx.o
                0x0000000008002dcc                RTC_Alarm_IRQHandler
                0x0000000008002dcc                HASH_RNG_IRQHandler
                0x0000000008002dcc                EXTI2_IRQHandler
                0x0000000008002dcc                TIM8_CC_IRQHandler
                0x0000000008002dcc                TIM1_CC_IRQHandler
                0x0000000008002dcc                DMA2_Stream5_IRQHandler
                0x0000000008002dcc                DMA1_Stream5_IRQHandler
                0x0000000008002dcc                PVD_IRQHandler
                0x0000000008002dcc                SDIO_IRQHandler
                0x0000000008002dcc                TAMP_STAMP_IRQHandler
                0x0000000008002dcc                CAN2_RX1_IRQHandler
                0x0000000008002dcc                EXTI3_IRQHandler
                0x0000000008002dcc                TIM8_TRG_COM_TIM14_IRQHandler
                0x0000000008002dcc                TIM1_UP_TIM10_IRQHandler
                0x0000000008002dcc                TIM8_UP_TIM13_IRQHandler
                0x0000000008002dcc                I2C3_ER_IRQHandler
                0x0000000008002dcc                EXTI0_IRQHandler
                0x0000000008002dcc                I2C2_EV_IRQHandler
                0x0000000008002dcc                DMA1_Stream2_IRQHandler
                0x0000000008002dcc                CAN1_RX0_IRQHandler
                0x0000000008002dcc                FPU_IRQHandler
                0x0000000008002dcc                OTG_HS_WKUP_IRQHandler
                0x0000000008002dcc                CAN2_SCE_IRQHandler
                0x0000000008002dcc                DMA2_Stream2_IRQHandler
                0x0000000008002dcc                SPI1_IRQHandler
                0x0000000008002dcc                TIM6_DAC_IRQHandler
                0x0000000008002dcc                TIM1_BRK_TIM9_IRQHandler
                0x0000000008002dcc                DCMI_IRQHandler
                0x0000000008002dcc                CAN2_RX0_IRQHandler
                0x0000000008002dcc                DMA2_Stream3_IRQHandler
                0x0000000008002dcc                USART6_IRQHandler
                0x0000000008002dcc                USART3_IRQHandler
                0x0000000008002dcc                CAN1_RX1_IRQHandler
                0x0000000008002dcc                UART5_IRQHandler
                0x0000000008002dcc                DMA2_Stream0_IRQHandler
                0x0000000008002dcc                TIM4_IRQHandler
                0x0000000008002dcc                I2C1_EV_IRQHandler
                0x0000000008002dcc                DMA1_Stream6_IRQHandler
                0x0000000008002dcc                DMA1_Stream1_IRQHandler
                0x0000000008002dcc                UART4_IRQHandler
                0x0000000008002dcc                TIM3_IRQHandler
                0x0000000008002dcc                RCC_IRQHandler
                0x0000000008002dcc                TIM8_BRK_TIM12_IRQHandler
                0x0000000008002dcc                Default_Handler
                0x0000000008002dcc                EXTI15_10_IRQHandler
                0x0000000008002dcc                ADC_IRQHandler
                0x0000000008002dcc                DMA1_Stream7_IRQHandler
                0x0000000008002dcc                TIM7_IRQHandler
                0x0000000008002dcc                CAN2_TX_IRQHandler
                0x0000000008002dcc                DMA2_Stream7_IRQHandler
                0x0000000008002dcc                I2C3_EV_IRQHandler
                0x0000000008002dcc                EXTI9_5_IRQHandler
                0x0000000008002dcc                RTC_WKUP_IRQHandler
                0x0000000008002dcc                ETH_WKUP_IRQHandler
                0x0000000008002dcc                SPI2_IRQHandler
                0x0000000008002dcc                OTG_HS_EP1_IN_IRQHandler
                0x0000000008002dcc                DMA1_Stream0_IRQHandler
                0x0000000008002dcc                CAN1_TX_IRQHandler
                0x0000000008002dcc                EXTI4_IRQHandler
                0x0000000008002dcc                FSMC_IRQHandler
                0x0000000008002dcc                ETH_IRQHandler
                0x0000000008002dcc                OTG_HS_EP1_OUT_IRQHandler
                0x0000000008002dcc                WWDG_IRQHandler
                0x0000000008002dcc                TIM2_IRQHandler
                0x0000000008002dcc                OTG_FS_WKUP_IRQHandler
                0x0000000008002dcc                TIM1_TRG_COM_TIM11_IRQHandler
                0x0000000008002dcc                OTG_HS_IRQHandler
                0x0000000008002dcc                EXTI1_IRQHandler
                0x0000000008002dcc                USART2_IRQHandler
                0x0000000008002dcc                I2C2_ER_IRQHandler
                0x0000000008002dcc                DMA2_Stream1_IRQHandler
                0x0000000008002dcc                CAN1_SCE_IRQHandler
                0x0000000008002dcc                FLASH_IRQHandler
                0x0000000008002dcc                DMA2_Stream4_IRQHandler
                0x0000000008002dcc                USART1_IRQHandler
                0x0000000008002dcc                OTG_FS_IRQHandler
                0x0000000008002dcc                SPI3_IRQHandler
                0x0000000008002dcc                DMA1_Stream4_IRQHandler
                0x0000000008002dcc                I2C1_ER_IRQHandler
                0x0000000008002dcc                DMA2_Stream6_IRQHandler
                0x0000000008002dcc                DMA1_Stream3_IRQHandler
 .text.vListInitialise
                0x0000000008002dce       0x40 ThirdParty/FreeRTOS/list.o
                0x0000000008002dce                vListInitialise
 .text.vListInitialiseItem
                0x0000000008002e0e       0x1a ThirdParty/FreeRTOS/list.o
                0x0000000008002e0e                vListInitialiseItem
 .text.vListInsertEnd
                0x0000000008002e28       0x48 ThirdParty/FreeRTOS/list.o
                0x0000000008002e28                vListInsertEnd
 .text.vListInsert
                0x0000000008002e70       0x72 ThirdParty/FreeRTOS/list.o
                0x0000000008002e70                vListInsert
 .text.uxListRemove
                0x0000000008002ee2       0x54 ThirdParty/FreeRTOS/list.o
                0x0000000008002ee2                uxListRemove
 *fill*         0x0000000008002f36        0x2 
 .text.xQueueGenericReset
                0x0000000008002f38       0xd0 ThirdParty/FreeRTOS/queue.o
                0x0000000008002f38                xQueueGenericReset
 .text.xQueueGenericCreate
                0x0000000008003008       0xb8 ThirdParty/FreeRTOS/queue.o
                0x0000000008003008                xQueueGenericCreate
 .text.prvInitialiseNewQueue
                0x00000000080030c0       0x52 ThirdParty/FreeRTOS/queue.o
 *fill*         0x0000000008003112        0x2 
 .text.xQueueGenericSend
                0x0000000008003114      0x244 ThirdParty/FreeRTOS/queue.o
                0x0000000008003114                xQueueGenericSend
 .text.xQueueGenericSendFromISR
                0x0000000008003358      0x172 ThirdParty/FreeRTOS/queue.o
                0x0000000008003358                xQueueGenericSendFromISR
 *fill*         0x00000000080034ca        0x2 
 .text.xQueueReceive
                0x00000000080034cc      0x228 ThirdParty/FreeRTOS/queue.o
                0x00000000080034cc                xQueueReceive
 .text.prvCopyDataToQueue
                0x00000000080036f4       0xd4 ThirdParty/FreeRTOS/queue.o
 .text.prvCopyDataFromQueue
                0x00000000080037c8       0x4c ThirdParty/FreeRTOS/queue.o
 .text.prvUnlockQueue
                0x0000000008003814       0xa4 ThirdParty/FreeRTOS/queue.o
 .text.prvIsQueueEmpty
                0x00000000080038b8       0x2c ThirdParty/FreeRTOS/queue.o
 .text.prvIsQueueFull
                0x00000000080038e4       0x30 ThirdParty/FreeRTOS/queue.o
 .text.vQueueAddToRegistry
                0x0000000008003914       0x60 ThirdParty/FreeRTOS/queue.o
                0x0000000008003914                vQueueAddToRegistry
 .text.vQueueWaitForMessageRestricted
                0x0000000008003974       0x68 ThirdParty/FreeRTOS/queue.o
                0x0000000008003974                vQueueWaitForMessageRestricted
 .text.xTaskCreate
                0x00000000080039dc       0x82 ThirdParty/FreeRTOS/tasks.o
                0x00000000080039dc                xTaskCreate
 .text.prvInitialiseNewTask
                0x0000000008003a5e      0x12a ThirdParty/FreeRTOS/tasks.o
 .text.prvAddNewTaskToReadyList
                0x0000000008003b88      0x118 ThirdParty/FreeRTOS/tasks.o
 .text.vTaskStartScheduler
                0x0000000008003ca0       0xc0 ThirdParty/FreeRTOS/tasks.o
                0x0000000008003ca0                vTaskStartScheduler
 .text.vTaskSuspendAll
                0x0000000008003d60       0x1c ThirdParty/FreeRTOS/tasks.o
                0x0000000008003d60                vTaskSuspendAll
 .text.xTaskResumeAll
                0x0000000008003d7c      0x140 ThirdParty/FreeRTOS/tasks.o
                0x0000000008003d7c                xTaskResumeAll
 .text.xTaskGetTickCount
                0x0000000008003ebc       0x20 ThirdParty/FreeRTOS/tasks.o
                0x0000000008003ebc                xTaskGetTickCount
 .text.xTaskGetTickCountFromISR
                0x0000000008003edc       0x24 ThirdParty/FreeRTOS/tasks.o
                0x0000000008003edc                xTaskGetTickCountFromISR
 .text.xTaskIncrementTick
                0x0000000008003f00      0x178 ThirdParty/FreeRTOS/tasks.o
                0x0000000008003f00                xTaskIncrementTick
 .text.vTaskSwitchContext
                0x0000000008004078       0xd0 ThirdParty/FreeRTOS/tasks.o
                0x0000000008004078                vTaskSwitchContext
 .text.vTaskPlaceOnEventList
                0x0000000008004148       0x48 ThirdParty/FreeRTOS/tasks.o
                0x0000000008004148                vTaskPlaceOnEventList
 .text.vTaskPlaceOnEventListRestricted
                0x0000000008004190       0x5c ThirdParty/FreeRTOS/tasks.o
                0x0000000008004190                vTaskPlaceOnEventListRestricted
 .text.xTaskRemoveFromEventList
                0x00000000080041ec       0xcc ThirdParty/FreeRTOS/tasks.o
                0x00000000080041ec                xTaskRemoveFromEventList
 .text.vTaskInternalSetTimeOutState
                0x00000000080042b8       0x2c ThirdParty/FreeRTOS/tasks.o
                0x00000000080042b8                vTaskInternalSetTimeOutState
 .text.xTaskCheckForTimeOut
                0x00000000080042e4       0xc8 ThirdParty/FreeRTOS/tasks.o
                0x00000000080042e4                xTaskCheckForTimeOut
 .text.vTaskMissedYield
                0x00000000080043ac       0x18 ThirdParty/FreeRTOS/tasks.o
                0x00000000080043ac                vTaskMissedYield
 .text.prvIdleTask
                0x00000000080043c4       0x30 ThirdParty/FreeRTOS/tasks.o
 .text.prvInitialiseTaskLists
                0x00000000080043f4       0x80 ThirdParty/FreeRTOS/tasks.o
 .text.prvCheckTasksWaitingTermination
                0x0000000008004474       0x58 ThirdParty/FreeRTOS/tasks.o
 .text.prvDeleteTCB
                0x00000000080044cc       0x20 ThirdParty/FreeRTOS/tasks.o
 .text.prvResetNextTaskUnblockTime
                0x00000000080044ec       0x38 ThirdParty/FreeRTOS/tasks.o
 .text.xTaskGetSchedulerState
                0x0000000008004524       0x3c ThirdParty/FreeRTOS/tasks.o
                0x0000000008004524                xTaskGetSchedulerState
 .text.xTaskPriorityDisinherit
                0x0000000008004560       0xfc ThirdParty/FreeRTOS/tasks.o
                0x0000000008004560                xTaskPriorityDisinherit
 .text.prvAddCurrentTaskToDelayedList
                0x000000000800465c       0xf0 ThirdParty/FreeRTOS/tasks.o
 .text.xTimerCreateTimerTask
                0x000000000800474c       0x64 ThirdParty/FreeRTOS/timers.o
                0x000000000800474c                xTimerCreateTimerTask
 .text.xTimerCreate
                0x00000000080047b0       0x42 ThirdParty/FreeRTOS/timers.o
                0x00000000080047b0                xTimerCreate
 .text.prvInitialiseNewTimer
                0x00000000080047f2       0x74 ThirdParty/FreeRTOS/timers.o
 *fill*         0x0000000008004866        0x2 
 .text.xTimerGenericCommand
                0x0000000008004868       0x98 ThirdParty/FreeRTOS/timers.o
                0x0000000008004868                xTimerGenericCommand
 .text.prvProcessExpiredTimer
                0x0000000008004900       0x98 ThirdParty/FreeRTOS/timers.o
 .text.prvTimerTask
                0x0000000008004998       0x24 ThirdParty/FreeRTOS/timers.o
 .text.prvProcessTimerOrBlockTask
                0x00000000080049bc       0x9c ThirdParty/FreeRTOS/timers.o
 .text.prvGetNextExpireTime
                0x0000000008004a58       0x48 ThirdParty/FreeRTOS/timers.o
 .text.prvSampleTimeNow
                0x0000000008004aa0       0x40 ThirdParty/FreeRTOS/timers.o
 .text.prvInsertTimerInActiveList
                0x0000000008004ae0       0x84 ThirdParty/FreeRTOS/timers.o
 .text.prvProcessReceivedCommands
                0x0000000008004b64      0x188 ThirdParty/FreeRTOS/timers.o
 .text.prvSwitchTimerLists
                0x0000000008004cec       0xc8 ThirdParty/FreeRTOS/timers.o
 .text.prvCheckForValidListAndQueue
                0x0000000008004db4       0x6c ThirdParty/FreeRTOS/timers.o
 .text.pxPortInitialiseStack
                0x0000000008004e20       0x68 ThirdParty/FreeRTOS/portable/GCC/ARM_CM4F/port.o
                0x0000000008004e20                pxPortInitialiseStack
 .text.prvTaskExitError
                0x0000000008004e88       0x54 ThirdParty/FreeRTOS/portable/GCC/ARM_CM4F/port.o
 *fill*         0x0000000008004edc        0x4 
 .text.SVC_Handler
                0x0000000008004ee0       0x28 ThirdParty/FreeRTOS/portable/GCC/ARM_CM4F/port.o
                0x0000000008004ee0                SVC_Handler
 .text.prvPortStartFirstTask
                0x0000000008004f08       0x2c ThirdParty/FreeRTOS/portable/GCC/ARM_CM4F/port.o
 .text.xPortStartScheduler
                0x0000000008004f34      0x13c ThirdParty/FreeRTOS/portable/GCC/ARM_CM4F/port.o
                0x0000000008004f34                xPortStartScheduler
 .text.vInitPrioGroupValue
                0x0000000008005070       0xf4 ThirdParty/FreeRTOS/portable/GCC/ARM_CM4F/port.o
                0x0000000008005070                vInitPrioGroupValue
 .text.vPortEnterCritical
                0x0000000008005164       0x5c ThirdParty/FreeRTOS/portable/GCC/ARM_CM4F/port.o
                0x0000000008005164                vPortEnterCritical
 .text.vPortExitCritical
                0x00000000080051c0       0x50 ThirdParty/FreeRTOS/portable/GCC/ARM_CM4F/port.o
                0x00000000080051c0                vPortExitCritical
 .text.PendSV_Handler
                0x0000000008005210       0x68 ThirdParty/FreeRTOS/portable/GCC/ARM_CM4F/port.o
                0x0000000008005210                PendSV_Handler
 .text.SysTick_Handler
                0x0000000008005278       0x50 ThirdParty/FreeRTOS/portable/GCC/ARM_CM4F/port.o
                0x0000000008005278                SysTick_Handler
 .text.vPortSetupTimerInterrupt
                0x00000000080052c8       0x48 ThirdParty/FreeRTOS/portable/GCC/ARM_CM4F/port.o
                0x00000000080052c8                vPortSetupTimerInterrupt
 .text.vPortEnableVFP
                0x0000000008005310       0x18 ThirdParty/FreeRTOS/portable/GCC/ARM_CM4F/port.o
 .text.vPortValidateInterruptPriority
                0x0000000008005328       0x7c ThirdParty/FreeRTOS/portable/GCC/ARM_CM4F/port.o
                0x0000000008005328                vPortValidateInterruptPriority
 .text.pvPortMalloc
                0x00000000080053a4      0x1b8 ThirdParty/FreeRTOS/portable/MemMang/heap_4.o
                0x00000000080053a4                pvPortMalloc
 .text.vPortFree
                0x000000000800555c       0xc0 ThirdParty/FreeRTOS/portable/MemMang/heap_4.o
                0x000000000800555c                vPortFree
 .text.prvHeapInit
                0x000000000800561c       0xc4 ThirdParty/FreeRTOS/portable/MemMang/heap_4.o
 .text.prvInsertBlockIntoFreeList
                0x00000000080056e0       0xb4 ThirdParty/FreeRTOS/portable/MemMang/heap_4.o
 .text._cbSendSystemDesc
                0x0000000008005794       0x1c ThirdParty/SEGGER/Config/SEGGER_SYSVIEW_Config_FreeRTOS.o
 .text.SEGGER_SYSVIEW_Conf
                0x00000000080057b0       0x2c ThirdParty/SEGGER/Config/SEGGER_SYSVIEW_Config_FreeRTOS.o
                0x00000000080057b0                SEGGER_SYSVIEW_Conf
 .text._cbSendTaskList
                0x00000000080057dc       0x90 ThirdParty/SEGGER/OS/SEGGER_SYSVIEW_FreeRTOS.o
 .text._cbGetTime
                0x000000000800586c       0x76 ThirdParty/SEGGER/OS/SEGGER_SYSVIEW_FreeRTOS.o
 *fill*         0x00000000080058e2        0x2 
 .text.SYSVIEW_AddTask
                0x00000000080058e4       0xd0 ThirdParty/SEGGER/OS/SEGGER_SYSVIEW_FreeRTOS.o
                0x00000000080058e4                SYSVIEW_AddTask
 .text.SYSVIEW_SendTaskInfo
                0x00000000080059b4       0x42 ThirdParty/SEGGER/OS/SEGGER_SYSVIEW_FreeRTOS.o
                0x00000000080059b4                SYSVIEW_SendTaskInfo
 *fill*         0x00000000080059f6        0x2 
 .text._DoInit  0x00000000080059f8       0xb0 ThirdParty/SEGGER/SEGGER/SEGGER_RTT.o
 .text.SEGGER_RTT_ReadNoLock
                0x0000000008005aa8      0x10c ThirdParty/SEGGER/SEGGER/SEGGER_RTT.o
                0x0000000008005aa8                SEGGER_RTT_ReadNoLock
 .text.SEGGER_RTT_AllocUpBuffer
                0x0000000008005bb4      0x108 ThirdParty/SEGGER/SEGGER/SEGGER_RTT.o
                0x0000000008005bb4                SEGGER_RTT_AllocUpBuffer
 .text.SEGGER_RTT_ConfigDownBuffer
                0x0000000008005cbc       0x98 ThirdParty/SEGGER/SEGGER/SEGGER_RTT.o
                0x0000000008005cbc                SEGGER_RTT_ConfigDownBuffer
 .text._EncodeStr
                0x0000000008005d54       0xa0 ThirdParty/SEGGER/SEGGER/SEGGER_SYSVIEW.o
 .text._PreparePacket
                0x0000000008005df4       0x18 ThirdParty/SEGGER/SEGGER/SEGGER_SYSVIEW.o
 .text._HandleIncomingPacket
                0x0000000008005e0c       0xd8 ThirdParty/SEGGER/SEGGER/SEGGER_SYSVIEW.o
 .text._TrySendOverflowPacket
                0x0000000008005ee4       0xe4 ThirdParty/SEGGER/SEGGER/SEGGER_SYSVIEW.o
 .text._SendPacket
                0x0000000008005fc8      0x1cc ThirdParty/SEGGER/SEGGER/SEGGER_SYSVIEW.o
 .text.SEGGER_SYSVIEW_Init
                0x0000000008006194       0x88 ThirdParty/SEGGER/SEGGER/SEGGER_SYSVIEW.o
                0x0000000008006194                SEGGER_SYSVIEW_Init
 .text.SEGGER_SYSVIEW_SetRAMBase
                0x000000000800621c       0x20 ThirdParty/SEGGER/SEGGER/SEGGER_SYSVIEW.o
                0x000000000800621c                SEGGER_SYSVIEW_SetRAMBase
 .text.SEGGER_SYSVIEW_RecordVoid
                0x000000000800623c       0x3c ThirdParty/SEGGER/SEGGER/SEGGER_SYSVIEW.o
                0x000000000800623c                SEGGER_SYSVIEW_RecordVoid
 .text.SEGGER_SYSVIEW_RecordU32
                0x0000000008006278       0x78 ThirdParty/SEGGER/SEGGER/SEGGER_SYSVIEW.o
                0x0000000008006278                SEGGER_SYSVIEW_RecordU32
 .text.SEGGER_SYSVIEW_RecordU32x2
                0x00000000080062f0       0xb4 ThirdParty/SEGGER/SEGGER/SEGGER_SYSVIEW.o
                0x00000000080062f0                SEGGER_SYSVIEW_RecordU32x2
 .text.SEGGER_SYSVIEW_RecordU32x3
                0x00000000080063a4       0xec ThirdParty/SEGGER/SEGGER/SEGGER_SYSVIEW.o
                0x00000000080063a4                SEGGER_SYSVIEW_RecordU32x3
 .text.SEGGER_SYSVIEW_RecordU32x4
                0x0000000008006490      0x124 ThirdParty/SEGGER/SEGGER/SEGGER_SYSVIEW.o
                0x0000000008006490                SEGGER_SYSVIEW_RecordU32x4
 .text.SEGGER_SYSVIEW_Start
                0x00000000080065b4      0x174 ThirdParty/SEGGER/SEGGER/SEGGER_SYSVIEW.o
                0x00000000080065b4                SEGGER_SYSVIEW_Start
 .text.SEGGER_SYSVIEW_Stop
                0x0000000008006728       0x4c ThirdParty/SEGGER/SEGGER/SEGGER_SYSVIEW.o
                0x0000000008006728                SEGGER_SYSVIEW_Stop
 .text.SEGGER_SYSVIEW_GetSysDesc
                0x0000000008006774      0x134 ThirdParty/SEGGER/SEGGER/SEGGER_SYSVIEW.o
                0x0000000008006774                SEGGER_SYSVIEW_GetSysDesc
 .text.SEGGER_SYSVIEW_SendTaskInfo
                0x00000000080068a8      0x1c8 ThirdParty/SEGGER/SEGGER/SEGGER_SYSVIEW.o
                0x00000000080068a8                SEGGER_SYSVIEW_SendTaskInfo
 .text.SEGGER_SYSVIEW_SendTaskList
                0x0000000008006a70       0x28 ThirdParty/SEGGER/SEGGER/SEGGER_SYSVIEW.o
                0x0000000008006a70                SEGGER_SYSVIEW_SendTaskList
 .text.SEGGER_SYSVIEW_SendSysDesc
                0x0000000008006a98       0x48 ThirdParty/SEGGER/SEGGER/SEGGER_SYSVIEW.o
                0x0000000008006a98                SEGGER_SYSVIEW_SendSysDesc
 .text.SEGGER_SYSVIEW_RecordSystime
                0x0000000008006ae0       0x60 ThirdParty/SEGGER/SEGGER/SEGGER_SYSVIEW.o
                0x0000000008006ae0                SEGGER_SYSVIEW_RecordSystime
 .text.SEGGER_SYSVIEW_RecordEnterISR
                0x0000000008006b40       0x84 ThirdParty/SEGGER/SEGGER/SEGGER_SYSVIEW.o
                0x0000000008006b40                SEGGER_SYSVIEW_RecordEnterISR
 .text.SEGGER_SYSVIEW_RecordExitISR
                0x0000000008006bc4       0x38 ThirdParty/SEGGER/SEGGER/SEGGER_SYSVIEW.o
                0x0000000008006bc4                SEGGER_SYSVIEW_RecordExitISR
 .text.SEGGER_SYSVIEW_RecordExitISRToScheduler
                0x0000000008006bfc       0x38 ThirdParty/SEGGER/SEGGER/SEGGER_SYSVIEW.o
                0x0000000008006bfc                SEGGER_SYSVIEW_RecordExitISRToScheduler
 .text.SEGGER_SYSVIEW_OnIdle
                0x0000000008006c34       0x38 ThirdParty/SEGGER/SEGGER/SEGGER_SYSVIEW.o
                0x0000000008006c34                SEGGER_SYSVIEW_OnIdle
 .text.SEGGER_SYSVIEW_OnTaskCreate
                0x0000000008006c6c       0x84 ThirdParty/SEGGER/SEGGER/SEGGER_SYSVIEW.o
                0x0000000008006c6c                SEGGER_SYSVIEW_OnTaskCreate
 .text.SEGGER_SYSVIEW_OnTaskStartExec
                0x0000000008006cf0       0x84 ThirdParty/SEGGER/SEGGER/SEGGER_SYSVIEW.o
                0x0000000008006cf0                SEGGER_SYSVIEW_OnTaskStartExec
 .text.SEGGER_SYSVIEW_OnTaskStartReady
                0x0000000008006d74       0x84 ThirdParty/SEGGER/SEGGER/SEGGER_SYSVIEW.o
                0x0000000008006d74                SEGGER_SYSVIEW_OnTaskStartReady
 .text.SEGGER_SYSVIEW_OnTaskStopReady
                0x0000000008006df8       0xc0 ThirdParty/SEGGER/SEGGER/SEGGER_SYSVIEW.o
                0x0000000008006df8                SEGGER_SYSVIEW_OnTaskStopReady
 .text.SEGGER_SYSVIEW_ShrinkId
                0x0000000008006eb8       0x20 ThirdParty/SEGGER/SEGGER/SEGGER_SYSVIEW.o
                0x0000000008006eb8                SEGGER_SYSVIEW_ShrinkId
 .text.SEGGER_SYSVIEW_SendModule
                0x0000000008006ed8      0x100 ThirdParty/SEGGER/SEGGER/SEGGER_SYSVIEW.o
                0x0000000008006ed8                SEGGER_SYSVIEW_SendModule
 .text.SEGGER_SYSVIEW_SendModuleDescription
                0x0000000008006fd8       0x3c ThirdParty/SEGGER/SEGGER/SEGGER_SYSVIEW.o
                0x0000000008006fd8                SEGGER_SYSVIEW_SendModuleDescription
 .text.SEGGER_SYSVIEW_SendNumModules
                0x0000000008007014       0x7c ThirdParty/SEGGER/SEGGER/SEGGER_SYSVIEW.o
                0x0000000008007014                SEGGER_SYSVIEW_SendNumModules
 .text.SEGGER_SYSVIEW_Warn
                0x0000000008007090       0xb8 ThirdParty/SEGGER/SEGGER/SEGGER_SYSVIEW.o
                0x0000000008007090                SEGGER_SYSVIEW_Warn
 .text.__libc_init_array
                0x0000000008007148       0x48 c:/st/stm32cubeide_1.1.0/stm32cubeide/plugins/com.st.stm32cube.ide.mcu.externaltools.gnu-tools-for-stm32.7-2018-q2-update.win32_1.0.0.201904181610/tools/bin/../lib/gcc/arm-none-eabi/7.3.1/../../../../arm-none-eabi/lib/thumb/v7e-m/fpv4-sp/hard\libc_nano.a(lib_a-init.o)
                0x0000000008007148                __libc_init_array
 .text.memcmp   0x0000000008007190       0x1e c:/st/stm32cubeide_1.1.0/stm32cubeide/plugins/com.st.stm32cube.ide.mcu.externaltools.gnu-tools-for-stm32.7-2018-q2-update.win32_1.0.0.201904181610/tools/bin/../lib/gcc/arm-none-eabi/7.3.1/../../../../arm-none-eabi/lib/thumb/v7e-m/fpv4-sp/hard\libc_nano.a(lib_a-memcmp.o)
                0x0000000008007190                memcmp
 .text.memcpy   0x00000000080071ae       0x16 c:/st/stm32cubeide_1.1.0/stm32cubeide/plugins/com.st.stm32cube.ide.mcu.externaltools.gnu-tools-for-stm32.7-2018-q2-update.win32_1.0.0.201904181610/tools/bin/../lib/gcc/arm-none-eabi/7.3.1/../../../../arm-none-eabi/lib/thumb/v7e-m/fpv4-sp/hard\libc_nano.a(lib_a-memcpy-stub.o)
                0x00000000080071ae                memcpy
 .text.memset   0x00000000080071c4       0x10 c:/st/stm32cubeide_1.1.0/stm32cubeide/plugins/com.st.stm32cube.ide.mcu.externaltools.gnu-tools-for-stm32.7-2018-q2-update.win32_1.0.0.201904181610/tools/bin/../lib/gcc/arm-none-eabi/7.3.1/../../../../arm-none-eabi/lib/thumb/v7e-m/fpv4-sp/hard\libc_nano.a(lib_a-memset.o)
                0x00000000080071c4                memset
 *(.glue_7)
 .glue_7        0x00000000080071d4        0x0 linker stubs
 *(.glue_7t)
 .glue_7t       0x00000000080071d4        0x0 linker stubs
 *(.eh_frame)
 .eh_frame      0x00000000080071d4        0x0 c:/st/stm32cubeide_1.1.0/stm32cubeide/plugins/com.st.stm32cube.ide.mcu.externaltools.gnu-tools-for-stm32.7-2018-q2-update.win32_1.0.0.201904181610/tools/bin/../lib/gcc/arm-none-eabi/7.3.1/thumb/v7e-m/fpv4-sp/hard/crtbegin.o
 *(.init)
 .init          0x00000000080071d4        0x4 c:/st/stm32cubeide_1.1.0/stm32cubeide/plugins/com.st.stm32cube.ide.mcu.externaltools.gnu-tools-for-stm32.7-2018-q2-update.win32_1.0.0.201904181610/tools/bin/../lib/gcc/arm-none-eabi/7.3.1/thumb/v7e-m/fpv4-sp/hard/crti.o
                0x00000000080071d4                _init
 .init          0x00000000080071d8        0x8 c:/st/stm32cubeide_1.1.0/stm32cubeide/plugins/com.st.stm32cube.ide.mcu.externaltools.gnu-tools-for-stm32.7-2018-q2-update.win32_1.0.0.201904181610/tools/bin/../lib/gcc/arm-none-eabi/7.3.1/thumb/v7e-m/fpv4-sp/hard/crtn.o
 *(.fini)
 .fini          0x00000000080071e0        0x4 c:/st/stm32cubeide_1.1.0/stm32cubeide/plugins/com.st.stm32cube.ide.mcu.externaltools.gnu-tools-for-stm32.7-2018-q2-update.win32_1.0.0.201904181610/tools/bin/../lib/gcc/arm-none-eabi/7.3.1/thumb/v7e-m/fpv4-sp/hard/crti.o
                0x00000000080071e0                _fini
 .fini          0x00000000080071e4        0x8 c:/st/stm32cubeide_1.1.0/stm32cubeide/plugins/com.st.stm32cube.ide.mcu.externaltools.gnu-tools-for-stm32.7-2018-q2-update.win32_1.0.0.201904181610/tools/bin/../lib/gcc/arm-none-eabi/7.3.1/thumb/v7e-m/fpv4-sp/hard/crtn.o
                0x00000000080071ec                . = ALIGN (0x4)
                0x00000000080071ec                _etext = .

.vfp11_veneer   0x00000000080071ec        0x0
 .vfp11_veneer  0x00000000080071ec        0x0 linker stubs

.v4_bx          0x00000000080071ec        0x0
 .v4_bx         0x00000000080071ec        0x0 linker stubs

.iplt           0x00000000080071ec        0x0
 .iplt          0x00000000080071ec        0x0 c:/st/stm32cubeide_1.1.0/stm32cubeide/plugins/com.st.stm32cube.ide.mcu.externaltools.gnu-tools-for-stm32.7-2018-q2-update.win32_1.0.0.201904181610/tools/bin/../lib/gcc/arm-none-eabi/7.3.1/thumb/v7e-m/fpv4-sp/hard/crtbegin.o

.rodata         0x00000000080071ec      0x1a4
                0x00000000080071ec                . = ALIGN (0x4)
 *(.rodata)
 .rodata        0x00000000080071ec       0x55 CLC_Sys/software_timers/software_timers.o
 *fill*         0x0000000008007241        0x3 
 .rodata        0x0000000008007244       0x3a Src/main.o
 *fill*         0x000000000800727e        0x2 
 .rodata        0x0000000008007280        0x5 ThirdParty/FreeRTOS/tasks.o
 *fill*         0x0000000008007285        0x3 
 .rodata        0x0000000008007288        0xd ThirdParty/FreeRTOS/timers.o
 *fill*         0x0000000008007295        0x3 
 .rodata        0x0000000008007298       0x51 ThirdParty/SEGGER/Config/SEGGER_SYSVIEW_Config_FreeRTOS.o
 *fill*         0x00000000080072e9        0x3 
 .rodata        0x00000000080072ec       0x58 ThirdParty/SEGGER/OS/SEGGER_SYSVIEW_FreeRTOS.o
 .rodata        0x0000000008007344       0x17 ThirdParty/SEGGER/SEGGER/SEGGER_RTT.o
 *fill*         0x000000000800735b        0x1 
 .rodata        0x000000000800735c        0x8 ThirdParty/SEGGER/SEGGER/SEGGER_SYSVIEW.o
 *(.rodata*)
 .rodata.AHBPrescTable
                0x0000000008007364       0x10 Src/system_stm32f4xx.o
                0x0000000008007364                AHBPrescTable
 .rodata.APBPrescTable
                0x0000000008007374        0x8 Src/system_stm32f4xx.o
                0x0000000008007374                APBPrescTable
 .rodata.SYSVIEW_X_OS_TraceAPI
                0x000000000800737c        0x8 ThirdParty/SEGGER/OS/SEGGER_SYSVIEW_FreeRTOS.o
                0x000000000800737c                SYSVIEW_X_OS_TraceAPI
 .rodata._abSync
                0x0000000008007384        0xa ThirdParty/SEGGER/SEGGER/SEGGER_SYSVIEW.o
                0x0000000008007390                . = ALIGN (0x4)
 *fill*         0x000000000800738e        0x2 

.ARM.extab      0x0000000008007390        0x0
                0x0000000008007390                . = ALIGN (0x4)
 *(.ARM.extab* .gnu.linkonce.armextab.*)
                0x0000000008007390                . = ALIGN (0x4)

.ARM            0x0000000008007390        0x8
                0x0000000008007390                . = ALIGN (0x4)
                0x0000000008007390                __exidx_start = .
 *(.ARM.exidx*)
 .ARM.exidx     0x0000000008007390        0x8 c:/st/stm32cubeide_1.1.0/stm32cubeide/plugins/com.st.stm32cube.ide.mcu.externaltools.gnu-tools-for-stm32.7-2018-q2-update.win32_1.0.0.201904181610/tools/bin/../lib/gcc/arm-none-eabi/7.3.1/thumb/v7e-m/fpv4-sp/hard\libgcc.a(_udivmoddi4.o)
                0x0000000008007398                __exidx_end = .
                0x0000000008007398                . = ALIGN (0x4)

.rel.dyn        0x0000000008007398        0x0
 .rel.iplt      0x0000000008007398        0x0 c:/st/stm32cubeide_1.1.0/stm32cubeide/plugins/com.st.stm32cube.ide.mcu.externaltools.gnu-tools-for-stm32.7-2018-q2-update.win32_1.0.0.201904181610/tools/bin/../lib/gcc/arm-none-eabi/7.3.1/thumb/v7e-m/fpv4-sp/hard/crtbegin.o

.preinit_array  0x0000000008007398        0x0
                0x0000000008007398                . = ALIGN (0x4)
                0x0000000008007398                PROVIDE (__preinit_array_start = .)
 *(.preinit_array*)
                0x0000000008007398                PROVIDE (__preinit_array_end = .)
                0x0000000008007398                . = ALIGN (0x4)

.init_array     0x0000000008007398        0x4
                0x0000000008007398                . = ALIGN (0x4)
                0x0000000008007398                PROVIDE (__init_array_start = .)
 *(SORT_BY_NAME(.init_array.*))
 *(.init_array*)
 .init_array    0x0000000008007398        0x4 c:/st/stm32cubeide_1.1.0/stm32cubeide/plugins/com.st.stm32cube.ide.mcu.externaltools.gnu-tools-for-stm32.7-2018-q2-update.win32_1.0.0.201904181610/tools/bin/../lib/gcc/arm-none-eabi/7.3.1/thumb/v7e-m/fpv4-sp/hard/crtbegin.o
                0x000000000800739c                PROVIDE (__init_array_end = .)
                0x000000000800739c                . = ALIGN (0x4)

.fini_array     0x000000000800739c        0x4
                0x000000000800739c                . = ALIGN (0x4)
                [!provide]                        PROVIDE (__fini_array_start = .)
 *(SORT_BY_NAME(.fini_array.*))
 *(.fini_array*)
 .fini_array    0x000000000800739c        0x4 c:/st/stm32cubeide_1.1.0/stm32cubeide/plugins/com.st.stm32cube.ide.mcu.externaltools.gnu-tools-for-stm32.7-2018-q2-update.win32_1.0.0.201904181610/tools/bin/../lib/gcc/arm-none-eabi/7.3.1/thumb/v7e-m/fpv4-sp/hard/crtbegin.o
                [!provide]                        PROVIDE (__fini_array_end = .)
                0x00000000080073a0                . = ALIGN (0x4)
                0x00000000080073a0                _sidata = LOADADDR (.data)

.data           0x0000000020000000       0x14 load address 0x00000000080073a0
                0x0000000020000000                . = ALIGN (0x4)
                0x0000000020000000                _sdata = .
 *(.data)
 *(.data*)
 .data.uwTickPrio
                0x0000000020000000        0x4 Drivers/STM32F4xx_HAL_Driver/Src/stm32f4xx_hal.o
                0x0000000020000000                uwTickPrio
 .data.uwTickFreq
                0x0000000020000004        0x1 Drivers/STM32F4xx_HAL_Driver/Src/stm32f4xx_hal.o
                0x0000000020000004                uwTickFreq
 *fill*         0x0000000020000005        0x3 
 .data.SystemCoreClock
                0x0000000020000008        0x4 Src/system_stm32f4xx.o
                0x0000000020000008                SystemCoreClock
 .data.uxTopUsedPriority
                0x000000002000000c        0x4 ThirdParty/FreeRTOS/tasks.o
                0x000000002000000c                uxTopUsedPriority
 .data.uxCriticalNesting
                0x0000000020000010        0x4 ThirdParty/FreeRTOS/portable/GCC/ARM_CM4F/port.o
                0x0000000020000014                . = ALIGN (0x4)
                0x0000000020000014                _edata = .

.igot.plt       0x0000000020000014        0x0 load address 0x00000000080073b4
 .igot.plt      0x0000000020000014        0x0 c:/st/stm32cubeide_1.1.0/stm32cubeide/plugins/com.st.stm32cube.ide.mcu.externaltools.gnu-tools-for-stm32.7-2018-q2-update.win32_1.0.0.201904181610/tools/bin/../lib/gcc/arm-none-eabi/7.3.1/thumb/v7e-m/fpv4-sp/hard/crtbegin.o
                0x0000000020000014                . = ALIGN (0x4)

.bss            0x0000000020000014    0x1a914 load address 0x00000000080073b4
                0x0000000020000014                _sbss = .
                0x0000000020000014                __bss_start__ = _sbss
 *(.bss)
 .bss           0x0000000020000014       0x1c c:/st/stm32cubeide_1.1.0/stm32cubeide/plugins/com.st.stm32cube.ide.mcu.externaltools.gnu-tools-for-stm32.7-2018-q2-update.win32_1.0.0.201904181610/tools/bin/../lib/gcc/arm-none-eabi/7.3.1/thumb/v7e-m/fpv4-sp/hard/crtbegin.o
 *(.bss*)
 .bss.sensor1_reading
                0x0000000020000030        0x1 CLC_Sys/tasks/sensor_read/sensor_read.o
 .bss.sensor2_reading
                0x0000000020000031        0x1 CLC_Sys/tasks/sensor_read/sensor_read.o
 .bss.sensor1_cond_timer_state
                0x0000000020000032        0x1 CLC_Sys/tasks/sensor_read/sensor_read.o
 .bss.sensor2_cond_timer_state
                0x0000000020000033        0x1 CLC_Sys/tasks/sensor_read/sensor_read.o
 .bss.CLC_current_state
                0x0000000020000034        0x1 CLC_Sys/tasks/state_machine/state_machine.o
 .bss.CLC_train_exit_timeout_timer_state
                0x0000000020000035        0x1 CLC_Sys/tasks/state_machine/state_machine.o
 *fill*         0x0000000020000036        0x2 
 .bss.pxCurrentTCB
                0x0000000020000038        0x4 ThirdParty/FreeRTOS/tasks.o
                0x0000000020000038                pxCurrentTCB
 .bss.pxReadyTasksLists
                0x000000002000003c       0x64 ThirdParty/FreeRTOS/tasks.o
 .bss.xDelayedTaskList1
                0x00000000200000a0       0x14 ThirdParty/FreeRTOS/tasks.o
 .bss.xDelayedTaskList2
                0x00000000200000b4       0x14 ThirdParty/FreeRTOS/tasks.o
 .bss.pxDelayedTaskList
                0x00000000200000c8        0x4 ThirdParty/FreeRTOS/tasks.o
 .bss.pxOverflowDelayedTaskList
                0x00000000200000cc        0x4 ThirdParty/FreeRTOS/tasks.o
 .bss.xPendingReadyList
                0x00000000200000d0       0x14 ThirdParty/FreeRTOS/tasks.o
 .bss.xTasksWaitingTermination
                0x00000000200000e4       0x14 ThirdParty/FreeRTOS/tasks.o
 .bss.uxDeletedTasksWaitingCleanUp
                0x00000000200000f8        0x4 ThirdParty/FreeRTOS/tasks.o
 .bss.xSuspendedTaskList
                0x00000000200000fc       0x14 ThirdParty/FreeRTOS/tasks.o
 .bss.uxCurrentNumberOfTasks
                0x0000000020000110        0x4 ThirdParty/FreeRTOS/tasks.o
 .bss.xTickCount
                0x0000000020000114        0x4 ThirdParty/FreeRTOS/tasks.o
 .bss.uxTopReadyPriority
                0x0000000020000118        0x4 ThirdParty/FreeRTOS/tasks.o
 .bss.xSchedulerRunning
                0x000000002000011c        0x4 ThirdParty/FreeRTOS/tasks.o
 .bss.xPendedTicks
                0x0000000020000120        0x4 ThirdParty/FreeRTOS/tasks.o
 .bss.xYieldPending
                0x0000000020000124        0x4 ThirdParty/FreeRTOS/tasks.o
 .bss.xNumOfOverflows
                0x0000000020000128        0x4 ThirdParty/FreeRTOS/tasks.o
 .bss.uxTaskNumber
                0x000000002000012c        0x4 ThirdParty/FreeRTOS/tasks.o
 .bss.xNextTaskUnblockTime
                0x0000000020000130        0x4 ThirdParty/FreeRTOS/tasks.o
 .bss.xIdleTaskHandle
                0x0000000020000134        0x4 ThirdParty/FreeRTOS/tasks.o
 .bss.uxSchedulerSuspended
                0x0000000020000138        0x4 ThirdParty/FreeRTOS/tasks.o
 .bss.xActiveTimerList1
                0x000000002000013c       0x14 ThirdParty/FreeRTOS/timers.o
 .bss.xActiveTimerList2
                0x0000000020000150       0x14 ThirdParty/FreeRTOS/timers.o
 .bss.pxCurrentTimerList
                0x0000000020000164        0x4 ThirdParty/FreeRTOS/timers.o
 .bss.pxOverflowTimerList
                0x0000000020000168        0x4 ThirdParty/FreeRTOS/timers.o
 .bss.xTimerQueue
                0x000000002000016c        0x4 ThirdParty/FreeRTOS/timers.o
 .bss.xTimerTaskHandle
                0x0000000020000170        0x4 ThirdParty/FreeRTOS/timers.o
 .bss.xLastTime.7146
                0x0000000020000174        0x4 ThirdParty/FreeRTOS/timers.o
 .bss.ucMaxSysCallPriority
                0x0000000020000178        0x1 ThirdParty/FreeRTOS/portable/GCC/ARM_CM4F/port.o
 *fill*         0x0000000020000179        0x3 
 .bss.ulMaxPRIGROUPValue
                0x000000002000017c        0x4 ThirdParty/FreeRTOS/portable/GCC/ARM_CM4F/port.o
 .bss.ucHeap    0x0000000020000180    0x19000 ThirdParty/FreeRTOS/portable/MemMang/heap_4.o
 .bss.xStart    0x0000000020019180        0x8 ThirdParty/FreeRTOS/portable/MemMang/heap_4.o
 .bss.pxEnd     0x0000000020019188        0x4 ThirdParty/FreeRTOS/portable/MemMang/heap_4.o
 .bss.xFreeBytesRemaining
                0x000000002001918c        0x4 ThirdParty/FreeRTOS/portable/MemMang/heap_4.o
 .bss.xMinimumEverFreeBytesRemaining
                0x0000000020019190        0x4 ThirdParty/FreeRTOS/portable/MemMang/heap_4.o
 .bss.xNumberOfSuccessfulAllocations
                0x0000000020019194        0x4 ThirdParty/FreeRTOS/portable/MemMang/heap_4.o
 .bss.xNumberOfSuccessfulFrees
                0x0000000020019198        0x4 ThirdParty/FreeRTOS/portable/MemMang/heap_4.o
 .bss.xBlockAllocatedBit
                0x000000002001919c        0x4 ThirdParty/FreeRTOS/portable/MemMang/heap_4.o
 .bss._aTasks   0x00000000200191a0       0xa0 ThirdParty/SEGGER/OS/SEGGER_SYSVIEW_FreeRTOS.o
 .bss._NumTasks
                0x0000000020019240        0x4 ThirdParty/SEGGER/OS/SEGGER_SYSVIEW_FreeRTOS.o
 .bss._acUpBuffer
                0x0000000020019244      0x400 ThirdParty/SEGGER/SEGGER/SEGGER_RTT.o
 .bss._acDownBuffer
                0x0000000020019644       0x10 ThirdParty/SEGGER/SEGGER/SEGGER_RTT.o
 .bss._UpBuffer
                0x0000000020019654     0x1000 ThirdParty/SEGGER/SEGGER/SEGGER_SYSVIEW.o
 .bss._DownBuffer
                0x000000002001a654        0x8 ThirdParty/SEGGER/SEGGER/SEGGER_SYSVIEW.o
 .bss._SYSVIEW_Globals
                0x000000002001a65c       0x28 ThirdParty/SEGGER/SEGGER/SEGGER_SYSVIEW.o
 .bss._pFirstModule
                0x000000002001a684        0x4 ThirdParty/SEGGER/SEGGER/SEGGER_SYSVIEW.o
 .bss._NumModules
                0x000000002001a688        0x1 ThirdParty/SEGGER/SEGGER/SEGGER_SYSVIEW.o
 *fill*         0x000000002001a689        0x3 
 .bss._aPacket  0x000000002001a68c       0xe3 ThirdParty/SEGGER/SEGGER/SEGGER_SYSVIEW.o
 *(COMMON)
 *fill*         0x000000002001a76f        0x1 
 COMMON         0x000000002001a770        0xc CLC_Sys/software_timers/software_timers.o
                0x000000002001a770                xTimers
 COMMON         0x000000002001a77c        0x4 Drivers/STM32F4xx_HAL_Driver/Src/stm32f4xx_hal.o
                0x000000002001a77c                uwTick
 COMMON         0x000000002001a780       0x80 Src/main.o
                0x000000002001a780                htim3
                0x000000002001a7c0                htim1
 COMMON         0x000000002001a800       0x40 Src/stm32f4xx_hal_timebase_tim.o
                0x000000002001a800                htim5
 COMMON         0x000000002001a840       0x40 ThirdParty/FreeRTOS/queue.o
                0x000000002001a840                xQueueRegistry
 COMMON         0x000000002001a880       0xa8 ThirdParty/SEGGER/SEGGER/SEGGER_RTT.o
                0x000000002001a880                _SEGGER_RTT
                0x000000002001a928                . = ALIGN (0x4)
                0x000000002001a928                _ebss = .
                0x000000002001a928                __bss_end__ = _ebss

._user_heap_stack
                0x000000002001a928      0x600 load address 0x00000000080073b4
                0x000000002001a928                . = ALIGN (0x8)
                [!provide]                        PROVIDE (end = .)
                [!provide]                        PROVIDE (_end = .)
                0x000000002001ab28                . = (. + _Min_Heap_Size)
 *fill*         0x000000002001a928      0x200 
                0x000000002001af28                . = (. + _Min_Stack_Size)
 *fill*         0x000000002001ab28      0x400 
                0x000000002001af28                . = ALIGN (0x8)

/DISCARD/
 libc.a(*)
 libm.a(*)
 libgcc.a(*)

.ARM.attributes
                0x0000000000000000       0x30
 *(.ARM.attributes)
 .ARM.attributes
                0x0000000000000000       0x22 c:/st/stm32cubeide_1.1.0/stm32cubeide/plugins/com.st.stm32cube.ide.mcu.externaltools.gnu-tools-for-stm32.7-2018-q2-update.win32_1.0.0.201904181610/tools/bin/../lib/gcc/arm-none-eabi/7.3.1/thumb/v7e-m/fpv4-sp/hard/crti.o
 .ARM.attributes
                0x0000000000000022       0x34 c:/st/stm32cubeide_1.1.0/stm32cubeide/plugins/com.st.stm32cube.ide.mcu.externaltools.gnu-tools-for-stm32.7-2018-q2-update.win32_1.0.0.201904181610/tools/bin/../lib/gcc/arm-none-eabi/7.3.1/thumb/v7e-m/fpv4-sp/hard/crtbegin.o
 .ARM.attributes
                0x0000000000000056       0x39 CLC_Sys/software_timers/software_timers.o
 .ARM.attributes
                0x000000000000008f       0x39 CLC_Sys/tasks/intersection_ctrl/intersection_ctrl.o
 .ARM.attributes
                0x00000000000000c8       0x39 CLC_Sys/tasks/sensor_read/sensor_read.o
 .ARM.attributes
                0x0000000000000101       0x39 CLC_Sys/tasks/state_machine/state_machine.o
 .ARM.attributes
                0x000000000000013a       0x39 Drivers/STM32F4xx_HAL_Driver/Src/stm32f4xx_hal.o
 .ARM.attributes
                0x0000000000000173       0x39 Drivers/STM32F4xx_HAL_Driver/Src/stm32f4xx_hal_cortex.o
 .ARM.attributes
                0x00000000000001ac       0x39 Drivers/STM32F4xx_HAL_Driver/Src/stm32f4xx_hal_gpio.o
 .ARM.attributes
                0x00000000000001e5       0x39 Drivers/STM32F4xx_HAL_Driver/Src/stm32f4xx_hal_rcc.o
 .ARM.attributes
                0x000000000000021e       0x39 Drivers/STM32F4xx_HAL_Driver/Src/stm32f4xx_hal_tim.o
 .ARM.attributes
                0x0000000000000257       0x39 Drivers/STM32F4xx_HAL_Driver/Src/stm32f4xx_hal_tim_ex.o
 .ARM.attributes
                0x0000000000000290       0x39 Src/main.o
 .ARM.attributes
                0x00000000000002c9       0x39 Src/stm32f4xx_hal_msp.o
 .ARM.attributes
                0x0000000000000302       0x39 Src/stm32f4xx_hal_timebase_tim.o
 .ARM.attributes
                0x000000000000033b       0x39 Src/stm32f4xx_it.o
 .ARM.attributes
                0x0000000000000374       0x39 Src/system_stm32f4xx.o
 .ARM.attributes
                0x00000000000003ad       0x21 Startup/startup_stm32f407vgtx.o
 .ARM.attributes
                0x00000000000003ce       0x39 ThirdParty/FreeRTOS/list.o
 .ARM.attributes
                0x0000000000000407       0x39 ThirdParty/FreeRTOS/queue.o
 .ARM.attributes
                0x0000000000000440       0x39 ThirdParty/FreeRTOS/tasks.o
 .ARM.attributes
                0x0000000000000479       0x39 ThirdParty/FreeRTOS/timers.o
 .ARM.attributes
                0x00000000000004b2       0x39 ThirdParty/FreeRTOS/portable/GCC/ARM_CM4F/port.o
 .ARM.attributes
                0x00000000000004eb       0x39 ThirdParty/FreeRTOS/portable/MemMang/heap_4.o
 .ARM.attributes
                0x0000000000000524       0x39 ThirdParty/SEGGER/Config/SEGGER_SYSVIEW_Config_FreeRTOS.o
 .ARM.attributes
                0x000000000000055d       0x39 ThirdParty/SEGGER/OS/SEGGER_SYSVIEW_FreeRTOS.o
 .ARM.attributes
                0x0000000000000596       0x39 ThirdParty/SEGGER/SEGGER/SEGGER_RTT.o
 .ARM.attributes
                0x00000000000005cf       0x25 ThirdParty/SEGGER/SEGGER/SEGGER_RTT_ASM_ARMv7M.o
 .ARM.attributes
                0x00000000000005f4       0x39 ThirdParty/SEGGER/SEGGER/SEGGER_SYSVIEW.o
 .ARM.attributes
                0x000000000000062d       0x34 c:/st/stm32cubeide_1.1.0/stm32cubeide/plugins/com.st.stm32cube.ide.mcu.externaltools.gnu-tools-for-stm32.7-2018-q2-update.win32_1.0.0.201904181610/tools/bin/../lib/gcc/arm-none-eabi/7.3.1/../../../../arm-none-eabi/lib/thumb/v7e-m/fpv4-sp/hard\libc_nano.a(lib_a-init.o)
 .ARM.attributes
                0x0000000000000661       0x34 c:/st/stm32cubeide_1.1.0/stm32cubeide/plugins/com.st.stm32cube.ide.mcu.externaltools.gnu-tools-for-stm32.7-2018-q2-update.win32_1.0.0.201904181610/tools/bin/../lib/gcc/arm-none-eabi/7.3.1/../../../../arm-none-eabi/lib/thumb/v7e-m/fpv4-sp/hard\libc_nano.a(lib_a-memcmp.o)
 .ARM.attributes
                0x0000000000000695       0x34 c:/st/stm32cubeide_1.1.0/stm32cubeide/plugins/com.st.stm32cube.ide.mcu.externaltools.gnu-tools-for-stm32.7-2018-q2-update.win32_1.0.0.201904181610/tools/bin/../lib/gcc/arm-none-eabi/7.3.1/../../../../arm-none-eabi/lib/thumb/v7e-m/fpv4-sp/hard\libc_nano.a(lib_a-memcpy-stub.o)
 .ARM.attributes
                0x00000000000006c9       0x34 c:/st/stm32cubeide_1.1.0/stm32cubeide/plugins/com.st.stm32cube.ide.mcu.externaltools.gnu-tools-for-stm32.7-2018-q2-update.win32_1.0.0.201904181610/tools/bin/../lib/gcc/arm-none-eabi/7.3.1/../../../../arm-none-eabi/lib/thumb/v7e-m/fpv4-sp/hard\libc_nano.a(lib_a-memset.o)
 .ARM.attributes
                0x00000000000006fd       0x22 c:/st/stm32cubeide_1.1.0/stm32cubeide/plugins/com.st.stm32cube.ide.mcu.externaltools.gnu-tools-for-stm32.7-2018-q2-update.win32_1.0.0.201904181610/tools/bin/../lib/gcc/arm-none-eabi/7.3.1/thumb/v7e-m/fpv4-sp/hard\libgcc.a(_aeabi_uldivmod.o)
 .ARM.attributes
                0x000000000000071f       0x34 c:/st/stm32cubeide_1.1.0/stm32cubeide/plugins/com.st.stm32cube.ide.mcu.externaltools.gnu-tools-for-stm32.7-2018-q2-update.win32_1.0.0.201904181610/tools/bin/../lib/gcc/arm-none-eabi/7.3.1/thumb/v7e-m/fpv4-sp/hard\libgcc.a(_udivmoddi4.o)
 .ARM.attributes
                0x0000000000000753       0x22 c:/st/stm32cubeide_1.1.0/stm32cubeide/plugins/com.st.stm32cube.ide.mcu.externaltools.gnu-tools-for-stm32.7-2018-q2-update.win32_1.0.0.201904181610/tools/bin/../lib/gcc/arm-none-eabi/7.3.1/thumb/v7e-m/fpv4-sp/hard\libgcc.a(_dvmd_tls.o)
 .ARM.attributes
                0x0000000000000775       0x22 c:/st/stm32cubeide_1.1.0/stm32cubeide/plugins/com.st.stm32cube.ide.mcu.externaltools.gnu-tools-for-stm32.7-2018-q2-update.win32_1.0.0.201904181610/tools/bin/../lib/gcc/arm-none-eabi/7.3.1/thumb/v7e-m/fpv4-sp/hard/crtn.o
OUTPUT(xmas_crossing_freertos.elf elf32-littlearm)

.debug_info     0x0000000000000000    0x18a22
 .debug_info    0x0000000000000000      0x2cf CLC_Sys/software_timers/software_timers.o
 .debug_info    0x00000000000002cf      0x78b CLC_Sys/tasks/intersection_ctrl/intersection_ctrl.o
 .debug_info    0x0000000000000a5a      0x432 CLC_Sys/tasks/sensor_read/sensor_read.o
 .debug_info    0x0000000000000e8c      0x2ae CLC_Sys/tasks/state_machine/state_machine.o
 .debug_info    0x000000000000113a      0x945 Drivers/STM32F4xx_HAL_Driver/Src/stm32f4xx_hal.o
 .debug_info    0x0000000000001a7f      0xe28 Drivers/STM32F4xx_HAL_Driver/Src/stm32f4xx_hal_cortex.o
 .debug_info    0x00000000000028a7      0x7b5 Drivers/STM32F4xx_HAL_Driver/Src/stm32f4xx_hal_gpio.o
 .debug_info    0x000000000000305c      0x904 Drivers/STM32F4xx_HAL_Driver/Src/stm32f4xx_hal_rcc.o
 .debug_info    0x0000000000003960     0x24a9 Drivers/STM32F4xx_HAL_Driver/Src/stm32f4xx_hal_tim.o
 .debug_info    0x0000000000005e09     0x1157 Drivers/STM32F4xx_HAL_Driver/Src/stm32f4xx_hal_tim_ex.o
 .debug_info    0x0000000000006f60     0x165f Src/main.o
 .debug_info    0x00000000000085bf      0xa4d Src/stm32f4xx_hal_msp.o
 .debug_info    0x000000000000900c      0xb2d Src/stm32f4xx_hal_timebase_tim.o
 .debug_info    0x0000000000009b39      0x70c Src/stm32f4xx_it.o
 .debug_info    0x000000000000a245      0x554 Src/system_stm32f4xx.o
 .debug_info    0x000000000000a799       0x22 Startup/startup_stm32f407vgtx.o
 .debug_info    0x000000000000a7bb      0xae1 ThirdParty/FreeRTOS/list.o
 .debug_info    0x000000000000b29c     0x200d ThirdParty/FreeRTOS/queue.o
 .debug_info    0x000000000000d2a9     0x2a06 ThirdParty/FreeRTOS/tasks.o
 .debug_info    0x000000000000fcaf     0x14df ThirdParty/FreeRTOS/timers.o
 .debug_info    0x000000000001118e      0x608 ThirdParty/FreeRTOS/portable/GCC/ARM_CM4F/port.o
 .debug_info    0x0000000000011796      0xd03 ThirdParty/FreeRTOS/portable/MemMang/heap_4.o
 .debug_info    0x0000000000012499      0x125 ThirdParty/SEGGER/Config/SEGGER_SYSVIEW_Config_FreeRTOS.o
 .debug_info    0x00000000000125be      0xb92 ThirdParty/SEGGER/OS/SEGGER_SYSVIEW_FreeRTOS.o
 .debug_info    0x0000000000013150     0x1c1b ThirdParty/SEGGER/SEGGER/SEGGER_RTT.o
 .debug_info    0x0000000000014d6b       0x26 ThirdParty/SEGGER/SEGGER/SEGGER_RTT_ASM_ARMv7M.o
 .debug_info    0x0000000000014d91     0x3c91 ThirdParty/SEGGER/SEGGER/SEGGER_SYSVIEW.o

.debug_abbrev   0x0000000000000000     0x3378
 .debug_abbrev  0x0000000000000000      0x12e CLC_Sys/software_timers/software_timers.o
 .debug_abbrev  0x000000000000012e      0x16b CLC_Sys/tasks/intersection_ctrl/intersection_ctrl.o
 .debug_abbrev  0x0000000000000299      0x17e CLC_Sys/tasks/sensor_read/sensor_read.o
 .debug_abbrev  0x0000000000000417      0x133 CLC_Sys/tasks/state_machine/state_machine.o
 .debug_abbrev  0x000000000000054a      0x1c7 Drivers/STM32F4xx_HAL_Driver/Src/stm32f4xx_hal.o
 .debug_abbrev  0x0000000000000711      0x2fa Drivers/STM32F4xx_HAL_Driver/Src/stm32f4xx_hal_cortex.o
 .debug_abbrev  0x0000000000000a0b      0x1c9 Drivers/STM32F4xx_HAL_Driver/Src/stm32f4xx_hal_gpio.o
 .debug_abbrev  0x0000000000000bd4      0x245 Drivers/STM32F4xx_HAL_Driver/Src/stm32f4xx_hal_rcc.o
 .debug_abbrev  0x0000000000000e19      0x230 Drivers/STM32F4xx_HAL_Driver/Src/stm32f4xx_hal_tim.o
 .debug_abbrev  0x0000000000001049      0x21e Drivers/STM32F4xx_HAL_Driver/Src/stm32f4xx_hal_tim_ex.o
 .debug_abbrev  0x0000000000001267      0x2ca Src/main.o
 .debug_abbrev  0x0000000000001531      0x1d1 Src/stm32f4xx_hal_msp.o
 .debug_abbrev  0x0000000000001702      0x19d Src/stm32f4xx_hal_timebase_tim.o
 .debug_abbrev  0x000000000000189f      0x174 Src/stm32f4xx_it.o
 .debug_abbrev  0x0000000000001a13      0x12b Src/system_stm32f4xx.o
 .debug_abbrev  0x0000000000001b3e       0x12 Startup/startup_stm32f407vgtx.o
 .debug_abbrev  0x0000000000001b50      0x1cf ThirdParty/FreeRTOS/list.o
 .debug_abbrev  0x0000000000001d1f      0x2f1 ThirdParty/FreeRTOS/queue.o
 .debug_abbrev  0x0000000000002010      0x35d ThirdParty/FreeRTOS/tasks.o
 .debug_abbrev  0x000000000000236d      0x2c8 ThirdParty/FreeRTOS/timers.o
 .debug_abbrev  0x0000000000002635      0x210 ThirdParty/FreeRTOS/portable/GCC/ARM_CM4F/port.o
 .debug_abbrev  0x0000000000002845      0x29e ThirdParty/FreeRTOS/portable/MemMang/heap_4.o
 .debug_abbrev  0x0000000000002ae3       0xb5 ThirdParty/SEGGER/Config/SEGGER_SYSVIEW_Config_FreeRTOS.o
 .debug_abbrev  0x0000000000002b98      0x1ed ThirdParty/SEGGER/OS/SEGGER_SYSVIEW_FreeRTOS.o
 .debug_abbrev  0x0000000000002d85      0x2a7 ThirdParty/SEGGER/SEGGER/SEGGER_RTT.o
 .debug_abbrev  0x000000000000302c       0x14 ThirdParty/SEGGER/SEGGER/SEGGER_RTT_ASM_ARMv7M.o
 .debug_abbrev  0x0000000000003040      0x338 ThirdParty/SEGGER/SEGGER/SEGGER_SYSVIEW.o

.debug_aranges  0x0000000000000000     0x1390
 .debug_aranges
                0x0000000000000000       0x38 CLC_Sys/software_timers/software_timers.o
 .debug_aranges
                0x0000000000000038       0x20 CLC_Sys/tasks/intersection_ctrl/intersection_ctrl.o
 .debug_aranges
                0x0000000000000058       0x58 CLC_Sys/tasks/sensor_read/sensor_read.o
 .debug_aranges
                0x00000000000000b0       0x30 CLC_Sys/tasks/state_machine/state_machine.o
 .debug_aranges
                0x00000000000000e0       0xf0 Drivers/STM32F4xx_HAL_Driver/Src/stm32f4xx_hal.o
 .debug_aranges
                0x00000000000001d0      0x118 Drivers/STM32F4xx_HAL_Driver/Src/stm32f4xx_hal_cortex.o
 .debug_aranges
                0x00000000000002e8       0x58 Drivers/STM32F4xx_HAL_Driver/Src/stm32f4xx_hal_gpio.o
 .debug_aranges
                0x0000000000000340       0x88 Drivers/STM32F4xx_HAL_Driver/Src/stm32f4xx_hal_rcc.o
 .debug_aranges
                0x00000000000003c8      0x3a8 Drivers/STM32F4xx_HAL_Driver/Src/stm32f4xx_hal_tim.o
 .debug_aranges
                0x0000000000000770      0x150 Drivers/STM32F4xx_HAL_Driver/Src/stm32f4xx_hal_tim_ex.o
 .debug_aranges
                0x00000000000008c0       0x50 Src/main.o
 .debug_aranges
                0x0000000000000910       0x38 Src/stm32f4xx_hal_msp.o
 .debug_aranges
                0x0000000000000948       0x30 Src/stm32f4xx_hal_timebase_tim.o
 .debug_aranges
                0x0000000000000978       0x50 Src/stm32f4xx_it.o
 .debug_aranges
                0x00000000000009c8       0x28 Src/system_stm32f4xx.o
 .debug_aranges
                0x00000000000009f0       0x28 Startup/startup_stm32f407vgtx.o
 .debug_aranges
                0x0000000000000a18       0x40 ThirdParty/FreeRTOS/list.o
 .debug_aranges
                0x0000000000000a58      0x130 ThirdParty/FreeRTOS/queue.o
 .debug_aranges
                0x0000000000000b88      0x208 ThirdParty/FreeRTOS/tasks.o
 .debug_aranges
                0x0000000000000d90       0xd8 ThirdParty/FreeRTOS/timers.o
 .debug_aranges
                0x0000000000000e68       0x88 ThirdParty/FreeRTOS/portable/GCC/ARM_CM4F/port.o
 .debug_aranges
                0x0000000000000ef0       0x58 ThirdParty/FreeRTOS/portable/MemMang/heap_4.o
 .debug_aranges
                0x0000000000000f48       0x28 ThirdParty/SEGGER/Config/SEGGER_SYSVIEW_Config_FreeRTOS.o
 .debug_aranges
                0x0000000000000f70       0x48 ThirdParty/SEGGER/OS/SEGGER_SYSVIEW_FreeRTOS.o
 .debug_aranges
                0x0000000000000fb8      0x138 ThirdParty/SEGGER/SEGGER/SEGGER_RTT.o
 .debug_aranges
                0x00000000000010f0       0x20 ThirdParty/SEGGER/SEGGER/SEGGER_RTT_ASM_ARMv7M.o
 .debug_aranges
                0x0000000000001110      0x280 ThirdParty/SEGGER/SEGGER/SEGGER_SYSVIEW.o

.debug_ranges   0x0000000000000000     0x11d8
 .debug_ranges  0x0000000000000000       0x28 CLC_Sys/software_timers/software_timers.o
 .debug_ranges  0x0000000000000028       0x10 CLC_Sys/tasks/intersection_ctrl/intersection_ctrl.o
 .debug_ranges  0x0000000000000038       0x48 CLC_Sys/tasks/sensor_read/sensor_read.o
 .debug_ranges  0x0000000000000080       0x20 CLC_Sys/tasks/state_machine/state_machine.o
 .debug_ranges  0x00000000000000a0       0xe0 Drivers/STM32F4xx_HAL_Driver/Src/stm32f4xx_hal.o
 .debug_ranges  0x0000000000000180      0x108 Drivers/STM32F4xx_HAL_Driver/Src/stm32f4xx_hal_cortex.o
 .debug_ranges  0x0000000000000288       0x48 Drivers/STM32F4xx_HAL_Driver/Src/stm32f4xx_hal_gpio.o
 .debug_ranges  0x00000000000002d0       0x78 Drivers/STM32F4xx_HAL_Driver/Src/stm32f4xx_hal_rcc.o
 .debug_ranges  0x0000000000000348      0x398 Drivers/STM32F4xx_HAL_Driver/Src/stm32f4xx_hal_tim.o
 .debug_ranges  0x00000000000006e0      0x140 Drivers/STM32F4xx_HAL_Driver/Src/stm32f4xx_hal_tim_ex.o
 .debug_ranges  0x0000000000000820       0x40 Src/main.o
 .debug_ranges  0x0000000000000860       0x28 Src/stm32f4xx_hal_msp.o
 .debug_ranges  0x0000000000000888       0x20 Src/stm32f4xx_hal_timebase_tim.o
 .debug_ranges  0x00000000000008a8       0x40 Src/stm32f4xx_it.o
 .debug_ranges  0x00000000000008e8       0x18 Src/system_stm32f4xx.o
 .debug_ranges  0x0000000000000900       0x20 Startup/startup_stm32f407vgtx.o
 .debug_ranges  0x0000000000000920       0x30 ThirdParty/FreeRTOS/list.o
 .debug_ranges  0x0000000000000950      0x120 ThirdParty/FreeRTOS/queue.o
 .debug_ranges  0x0000000000000a70      0x1f8 ThirdParty/FreeRTOS/tasks.o
 .debug_ranges  0x0000000000000c68       0xc8 ThirdParty/FreeRTOS/timers.o
 .debug_ranges  0x0000000000000d30       0x78 ThirdParty/FreeRTOS/portable/GCC/ARM_CM4F/port.o
 .debug_ranges  0x0000000000000da8       0x48 ThirdParty/FreeRTOS/portable/MemMang/heap_4.o
 .debug_ranges  0x0000000000000df0       0x18 ThirdParty/SEGGER/Config/SEGGER_SYSVIEW_Config_FreeRTOS.o
 .debug_ranges  0x0000000000000e08       0x38 ThirdParty/SEGGER/OS/SEGGER_SYSVIEW_FreeRTOS.o
 .debug_ranges  0x0000000000000e40      0x128 ThirdParty/SEGGER/SEGGER/SEGGER_RTT.o
 .debug_ranges  0x0000000000000f68      0x270 ThirdParty/SEGGER/SEGGER/SEGGER_SYSVIEW.o

.debug_macro    0x0000000000000000    0x242fd
 .debug_macro   0x0000000000000000      0x2d7 CLC_Sys/software_timers/software_timers.o
 .debug_macro   0x00000000000002d7      0xa5a CLC_Sys/software_timers/software_timers.o
 .debug_macro   0x0000000000000d31      0x184 CLC_Sys/software_timers/software_timers.o
 .debug_macro   0x0000000000000eb5       0x32 CLC_Sys/software_timers/software_timers.o
 .debug_macro   0x0000000000000ee7       0x2f CLC_Sys/software_timers/software_timers.o
 .debug_macro   0x0000000000000f16       0x22 CLC_Sys/software_timers/software_timers.o
 .debug_macro   0x0000000000000f38       0x8e CLC_Sys/software_timers/software_timers.o
 .debug_macro   0x0000000000000fc6       0x51 CLC_Sys/software_timers/software_timers.o
 .debug_macro   0x0000000000001017       0xef CLC_Sys/software_timers/software_timers.o
 .debug_macro   0x0000000000001106       0x6a CLC_Sys/software_timers/software_timers.o
 .debug_macro   0x0000000000001170      0x1df CLC_Sys/software_timers/software_timers.o
 .debug_macro   0x000000000000134f       0x1c CLC_Sys/software_timers/software_timers.o
 .debug_macro   0x000000000000136b       0x22 CLC_Sys/software_timers/software_timers.o
 .debug_macro   0x000000000000138d       0xdf CLC_Sys/software_timers/software_timers.o
 .debug_macro   0x000000000000146c     0x102d CLC_Sys/software_timers/software_timers.o
 .debug_macro   0x0000000000002499      0x11f CLC_Sys/software_timers/software_timers.o
 .debug_macro   0x00000000000025b8    0x15e3c CLC_Sys/software_timers/software_timers.o
 .debug_macro   0x00000000000183f4       0x43 CLC_Sys/software_timers/software_timers.o
 .debug_macro   0x0000000000018437     0x3652 CLC_Sys/software_timers/software_timers.o
 .debug_macro   0x000000000001ba89      0x174 CLC_Sys/software_timers/software_timers.o
 .debug_macro   0x000000000001bbfd       0x5a CLC_Sys/software_timers/software_timers.o
 .debug_macro   0x000000000001bc57      0x96b CLC_Sys/software_timers/software_timers.o
 .debug_macro   0x000000000001c5c2      0x9fe CLC_Sys/software_timers/software_timers.o
 .debug_macro   0x000000000001cfc0      0x174 CLC_Sys/software_timers/software_timers.o
 .debug_macro   0x000000000001d134      0x117 CLC_Sys/software_timers/software_timers.o
 .debug_macro   0x000000000001d24b      0x13e CLC_Sys/software_timers/software_timers.o
 .debug_macro   0x000000000001d389       0x27 CLC_Sys/software_timers/software_timers.o
 .debug_macro   0x000000000001d3b0      0x287 CLC_Sys/software_timers/software_timers.o
 .debug_macro   0x000000000001d637       0x5f CLC_Sys/software_timers/software_timers.o
 .debug_macro   0x000000000001d696      0x236 CLC_Sys/software_timers/software_timers.o
 .debug_macro   0x000000000001d8cc      0x12c CLC_Sys/software_timers/software_timers.o
 .debug_macro   0x000000000001d9f8      0x21e CLC_Sys/software_timers/software_timers.o
 .debug_macro   0x000000000001dc16       0x2e CLC_Sys/software_timers/software_timers.o
 .debug_macro   0x000000000001dc44      0x11a CLC_Sys/software_timers/software_timers.o
 .debug_macro   0x000000000001dd5e       0x7e CLC_Sys/software_timers/software_timers.o
 .debug_macro   0x000000000001dddc       0x89 CLC_Sys/software_timers/software_timers.o
 .debug_macro   0x000000000001de65      0x8a0 CLC_Sys/software_timers/software_timers.o
 .debug_macro   0x000000000001e705       0x47 CLC_Sys/software_timers/software_timers.o
 .debug_macro   0x000000000001e74c      0x12d CLC_Sys/software_timers/software_timers.o
 .debug_macro   0x000000000001e879      0x112 CLC_Sys/software_timers/software_timers.o
 .debug_macro   0x000000000001e98b       0x58 CLC_Sys/software_timers/software_timers.o
 .debug_macro   0x000000000001e9e3       0x46 CLC_Sys/software_timers/software_timers.o
 .debug_macro   0x000000000001ea29       0x64 CLC_Sys/software_timers/software_timers.o
 .debug_macro   0x000000000001ea8d       0x49 CLC_Sys/software_timers/software_timers.o
 .debug_macro   0x000000000001ead6       0xc3 CLC_Sys/software_timers/software_timers.o
 .debug_macro   0x000000000001eb99      0x204 CLC_Sys/software_timers/software_timers.o
 .debug_macro   0x000000000001ed9d      0x450 CLC_Sys/software_timers/software_timers.o
 .debug_macro   0x000000000001f1ed      0x15a CLC_Sys/software_timers/software_timers.o
 .debug_macro   0x000000000001f347       0xea CLC_Sys/software_timers/software_timers.o
 .debug_macro   0x000000000001f431       0x1c CLC_Sys/software_timers/software_timers.o
 .debug_macro   0x000000000001f44d       0x26 CLC_Sys/software_timers/software_timers.o
 .debug_macro   0x000000000001f473      0x3d0 CLC_Sys/software_timers/software_timers.o
 .debug_macro   0x000000000001f843       0xb5 CLC_Sys/software_timers/software_timers.o
 .debug_macro   0x000000000001f8f8      0x120 CLC_Sys/software_timers/software_timers.o
 .debug_macro   0x000000000001fa18       0x91 CLC_Sys/software_timers/software_timers.o
 .debug_macro   0x000000000001faa9      0x1cd CLC_Sys/software_timers/software_timers.o
 .debug_macro   0x000000000001fc76       0x2e CLC_Sys/software_timers/software_timers.o
 .debug_macro   0x000000000001fca4      0x2e1 CLC_Sys/tasks/intersection_ctrl/intersection_ctrl.o
 .debug_macro   0x000000000001ff85      0x2e1 CLC_Sys/tasks/sensor_read/sensor_read.o
 .debug_macro   0x0000000000020266       0x28 CLC_Sys/tasks/sensor_read/sensor_read.o
 .debug_macro   0x000000000002028e      0x2db CLC_Sys/tasks/state_machine/state_machine.o
 .debug_macro   0x0000000000020569      0x224 Drivers/STM32F4xx_HAL_Driver/Src/stm32f4xx_hal.o
 .debug_macro   0x000000000002078d      0x1c4 Drivers/STM32F4xx_HAL_Driver/Src/stm32f4xx_hal_cortex.o
 .debug_macro   0x0000000000020951      0x1fa Drivers/STM32F4xx_HAL_Driver/Src/stm32f4xx_hal_gpio.o
 .debug_macro   0x0000000000020b4b      0x1e8 Drivers/STM32F4xx_HAL_Driver/Src/stm32f4xx_hal_rcc.o
 .debug_macro   0x0000000000020d33      0x1c5 Drivers/STM32F4xx_HAL_Driver/Src/stm32f4xx_hal_tim.o
 .debug_macro   0x0000000000020ef8      0x1c4 Drivers/STM32F4xx_HAL_Driver/Src/stm32f4xx_hal_tim_ex.o
 .debug_macro   0x00000000000210bc      0x42e Src/main.o
 .debug_macro   0x00000000000214ea       0x46 Src/main.o
 .debug_macro   0x0000000000021530       0x18 Src/main.o
 .debug_macro   0x0000000000021548       0x3c Src/main.o
 .debug_macro   0x0000000000021584       0x34 Src/main.o
 .debug_macro   0x00000000000215b8       0x16 Src/main.o
 .debug_macro   0x00000000000215ce       0x35 Src/main.o
 .debug_macro   0x0000000000021603      0x32a Src/main.o
 .debug_macro   0x000000000002192d       0x52 Src/main.o
 .debug_macro   0x000000000002197f       0x1f Src/main.o
 .debug_macro   0x000000000002199e       0x43 Src/main.o
 .debug_macro   0x00000000000219e1       0x20 Src/main.o
 .debug_macro   0x0000000000021a01      0x1a3 Src/main.o
 .debug_macro   0x0000000000021ba4       0x10 Src/main.o
 .debug_macro   0x0000000000021bb4       0x1c Src/main.o
 .debug_macro   0x0000000000021bd0       0x52 Src/main.o
 .debug_macro   0x0000000000021c22       0x40 Src/main.o
 .debug_macro   0x0000000000021c62       0x10 Src/main.o
 .debug_macro   0x0000000000021c72       0x40 Src/main.o
 .debug_macro   0x0000000000021cb2       0xd7 Src/main.o
 .debug_macro   0x0000000000021d89       0x1c Src/main.o
 .debug_macro   0x0000000000021da5       0x3d Src/main.o
 .debug_macro   0x0000000000021de2       0x16 Src/main.o
 .debug_macro   0x0000000000021df8      0x145 Src/main.o
 .debug_macro   0x0000000000021f3d      0x2d7 Src/stm32f4xx_hal_msp.o
 .debug_macro   0x0000000000022214      0x1c4 Src/stm32f4xx_hal_timebase_tim.o
 .debug_macro   0x00000000000223d8      0x2e1 Src/stm32f4xx_it.o
 .debug_macro   0x00000000000226b9      0x1ca Src/system_stm32f4xx.o
 .debug_macro   0x0000000000022883      0x1e8 ThirdParty/FreeRTOS/list.o
 .debug_macro   0x0000000000022a6b      0x271 ThirdParty/FreeRTOS/queue.o
 .debug_macro   0x0000000000022cdc       0x16 ThirdParty/FreeRTOS/queue.o
 .debug_macro   0x0000000000022cf2       0x20 ThirdParty/FreeRTOS/queue.o
 .debug_macro   0x0000000000022d12       0x80 ThirdParty/FreeRTOS/queue.o
 .debug_macro   0x0000000000022d92      0x2d5 ThirdParty/FreeRTOS/tasks.o
 .debug_macro   0x0000000000023067       0x10 ThirdParty/FreeRTOS/tasks.o
 .debug_macro   0x0000000000023077      0x231 ThirdParty/FreeRTOS/timers.o
 .debug_macro   0x00000000000232a8       0x97 ThirdParty/FreeRTOS/timers.o
 .debug_macro   0x000000000002333f      0x1f8 ThirdParty/FreeRTOS/portable/GCC/ARM_CM4F/port.o
 .debug_macro   0x0000000000023537      0x203 ThirdParty/FreeRTOS/portable/MemMang/heap_4.o
 .debug_macro   0x000000000002373a      0x138 ThirdParty/SEGGER/Config/SEGGER_SYSVIEW_Config_FreeRTOS.o
 .debug_macro   0x0000000000023872      0x1f7 ThirdParty/SEGGER/OS/SEGGER_SYSVIEW_FreeRTOS.o
 .debug_macro   0x0000000000023a69      0x1b0 ThirdParty/SEGGER/SEGGER/SEGGER_RTT.o
 .debug_macro   0x0000000000023c19       0x34 ThirdParty/SEGGER/SEGGER/SEGGER_RTT.o
 .debug_macro   0x0000000000023c4d      0x138 ThirdParty/SEGGER/SEGGER/SEGGER_RTT.o
 .debug_macro   0x0000000000023d85      0x206 ThirdParty/SEGGER/SEGGER/SEGGER_SYSVIEW.o
 .debug_macro   0x0000000000023f8b      0x204 ThirdParty/SEGGER/SEGGER/SEGGER_SYSVIEW.o
 .debug_macro   0x000000000002418f      0x16e ThirdParty/SEGGER/SEGGER/SEGGER_SYSVIEW.o

.debug_line     0x0000000000000000    0x14a1f
 .debug_line    0x0000000000000000      0xdb1 CLC_Sys/software_timers/software_timers.o
 .debug_line    0x0000000000000db1      0xd70 CLC_Sys/tasks/intersection_ctrl/intersection_ctrl.o
 .debug_line    0x0000000000001b21      0xdf7 CLC_Sys/tasks/sensor_read/sensor_read.o
 .debug_line    0x0000000000002918      0xd87 CLC_Sys/tasks/state_machine/state_machine.o
 .debug_line    0x000000000000369f      0x8a9 Drivers/STM32F4xx_HAL_Driver/Src/stm32f4xx_hal.o
 .debug_line    0x0000000000003f48      0x9cd Drivers/STM32F4xx_HAL_Driver/Src/stm32f4xx_hal_cortex.o
 .debug_line    0x0000000000004915      0x888 Drivers/STM32F4xx_HAL_Driver/Src/stm32f4xx_hal_gpio.o
 .debug_line    0x000000000000519d      0x901 Drivers/STM32F4xx_HAL_Driver/Src/stm32f4xx_hal_rcc.o
 .debug_line    0x0000000000005a9e     0x1922 Drivers/STM32F4xx_HAL_Driver/Src/stm32f4xx_hal_tim.o
 .debug_line    0x00000000000073c0      0xcbf Drivers/STM32F4xx_HAL_Driver/Src/stm32f4xx_hal_tim_ex.o
 .debug_line    0x000000000000807f     0x10f6 Src/main.o
 .debug_line    0x0000000000009175      0xd84 Src/stm32f4xx_hal_msp.o
 .debug_line    0x0000000000009ef9      0x6d3 Src/stm32f4xx_hal_timebase_tim.o
 .debug_line    0x000000000000a5cc      0xdb7 Src/stm32f4xx_it.o
 .debug_line    0x000000000000b383      0x6ba Src/system_stm32f4xx.o
 .debug_line    0x000000000000ba3d       0x81 Startup/startup_stm32f407vgtx.o
 .debug_line    0x000000000000babe      0x9e8 ThirdParty/FreeRTOS/list.o
 .debug_line    0x000000000000c4a6     0x13ce ThirdParty/FreeRTOS/queue.o
 .debug_line    0x000000000000d874     0x17c2 ThirdParty/FreeRTOS/tasks.o
 .debug_line    0x000000000000f036      0xd85 ThirdParty/FreeRTOS/timers.o
 .debug_line    0x000000000000fdbb      0xac3 ThirdParty/FreeRTOS/portable/GCC/ARM_CM4F/port.o
 .debug_line    0x000000000001087e      0xb0d ThirdParty/FreeRTOS/portable/MemMang/heap_4.o
 .debug_line    0x000000000001138b      0x858 ThirdParty/SEGGER/Config/SEGGER_SYSVIEW_Config_FreeRTOS.o
 .debug_line    0x0000000000011be3      0xa83 ThirdParty/SEGGER/OS/SEGGER_SYSVIEW_FreeRTOS.o
 .debug_line    0x0000000000012666      0xa3e ThirdParty/SEGGER/SEGGER/SEGGER_RTT.o
 .debug_line    0x00000000000130a4       0xa0 ThirdParty/SEGGER/SEGGER/SEGGER_RTT_ASM_ARMv7M.o
 .debug_line    0x0000000000013144     0x18db ThirdParty/SEGGER/SEGGER/SEGGER_SYSVIEW.o

.debug_str      0x0000000000000000    0xd64f2
 .debug_str     0x0000000000000000    0xc9931 CLC_Sys/software_timers/software_timers.o
                                      0xc9c14 (size before relaxing)
 .debug_str     0x00000000000c9931      0x482 CLC_Sys/tasks/intersection_ctrl/intersection_ctrl.o
                                      0xc9fd0 (size before relaxing)
 .debug_str     0x00000000000c9db3      0x145 CLC_Sys/tasks/sensor_read/sensor_read.o
                                      0xc9d47 (size before relaxing)
 .debug_str     0x00000000000c9ef8       0xb6 CLC_Sys/tasks/state_machine/state_machine.o
                                      0xc9c01 (size before relaxing)
 .debug_str     0x00000000000c9fae      0xb87 Drivers/STM32F4xx_HAL_Driver/Src/stm32f4xx_hal.o
                                      0xc0d01 (size before relaxing)
 .debug_str     0x00000000000cab35      0x3e6 Drivers/STM32F4xx_HAL_Driver/Src/stm32f4xx_hal_cortex.o
                                      0xc0af0 (size before relaxing)
 .debug_str     0x00000000000caf1b      0x255 Drivers/STM32F4xx_HAL_Driver/Src/stm32f4xx_hal_gpio.o
                                      0xc0473 (size before relaxing)
 .debug_str     0x00000000000cb170      0x38f Drivers/STM32F4xx_HAL_Driver/Src/stm32f4xx_hal_rcc.o
                                      0xc0621 (size before relaxing)
 .debug_str     0x00000000000cb4ff      0xd92 Drivers/STM32F4xx_HAL_Driver/Src/stm32f4xx_hal_tim.o
                                      0xc1340 (size before relaxing)
 .debug_str     0x00000000000cc291      0x4ec Drivers/STM32F4xx_HAL_Driver/Src/stm32f4xx_hal_tim_ex.o
                                      0xc0b40 (size before relaxing)
 .debug_str     0x00000000000cc77d     0x40bb Src/main.o
                                      0xce45d (size before relaxing)
 .debug_str     0x00000000000d0838       0x39 Src/stm32f4xx_hal_msp.o
                                      0xca0d7 (size before relaxing)
 .debug_str     0x00000000000d0871       0x50 Src/stm32f4xx_hal_timebase_tim.o
                                      0xc0ba5 (size before relaxing)
 .debug_str     0x00000000000d08c1       0x9d Src/stm32f4xx_it.o
                                      0xc9f85 (size before relaxing)
 .debug_str     0x00000000000d095e       0x5a Src/system_stm32f4xx.o
                                      0xc022f (size before relaxing)
 .debug_str     0x00000000000d09b8       0x8e Startup/startup_stm32f407vgtx.o
 .debug_str     0x00000000000d0a46      0x28e ThirdParty/FreeRTOS/list.o
                                       0xe9c2 (size before relaxing)
 .debug_str     0x00000000000d0cd4     0x1058 ThirdParty/FreeRTOS/queue.o
                                      0x10c86 (size before relaxing)