Archive member included to satisfy reference by file (symbol)

c:/st/stm32cubeide_1.1.0/stm32cubeide/plugins/com.st.stm32cube.ide.mcu.externaltools.gnu-tools-for-stm32.7-2018-q2-update.win32_1.0.0.201904181610/tools/bin/../lib/gcc/arm-none-eabi/7.3.1/../../../../arm-none-eabi/lib/thumb/v7e-m/fpv4-sp/hard\libc_nano.a(lib_a-errno.o)
                              Src/syscalls.o (__errno)
c:/st/stm32cubeide_1.1.0/stm32cubeide/plugins/com.st.stm32cube.ide.mcu.externaltools.gnu-tools-for-stm32.7-2018-q2-update.win32_1.0.0.201904181610/tools/bin/../lib/gcc/arm-none-eabi/7.3.1/../../../../arm-none-eabi/lib/thumb/v7e-m/fpv4-sp/hard\libc_nano.a(lib_a-exit.o)
                              c:/st/stm32cubeide_1.1.0/stm32cubeide/plugins/com.st.stm32cube.ide.mcu.externaltools.gnu-tools-for-stm32.7-2018-q2-update.win32_1.0.0.201904181610/tools/bin/../lib/gcc/arm-none-eabi/7.3.1/../../../../arm-none-eabi/lib/thumb/v7e-m/fpv4-sp/hard/crt0.o (exit)
c:/st/stm32cubeide_1.1.0/stm32cubeide/plugins/com.st.stm32cube.ide.mcu.externaltools.gnu-tools-for-stm32.7-2018-q2-update.win32_1.0.0.201904181610/tools/bin/../lib/gcc/arm-none-eabi/7.3.1/../../../../arm-none-eabi/lib/thumb/v7e-m/fpv4-sp/hard\libc_nano.a(lib_a-impure.o)
                              c:/st/stm32cubeide_1.1.0/stm32cubeide/plugins/com.st.stm32cube.ide.mcu.externaltools.gnu-tools-for-stm32.7-2018-q2-update.win32_1.0.0.201904181610/tools/bin/../lib/gcc/arm-none-eabi/7.3.1/../../../../arm-none-eabi/lib/thumb/v7e-m/fpv4-sp/hard\libc_nano.a(lib_a-exit.o) (_global_impure_ptr)
c:/st/stm32cubeide_1.1.0/stm32cubeide/plugins/com.st.stm32cube.ide.mcu.externaltools.gnu-tools-for-stm32.7-2018-q2-update.win32_1.0.0.201904181610/tools/bin/../lib/gcc/arm-none-eabi/7.3.1/../../../../arm-none-eabi/lib/thumb/v7e-m/fpv4-sp/hard\libc_nano.a(lib_a-init.o)
                              c:/st/stm32cubeide_1.1.0/stm32cubeide/plugins/com.st.stm32cube.ide.mcu.externaltools.gnu-tools-for-stm32.7-2018-q2-update.win32_1.0.0.201904181610/tools/bin/../lib/gcc/arm-none-eabi/7.3.1/../../../../arm-none-eabi/lib/thumb/v7e-m/fpv4-sp/hard/crt0.o (__libc_init_array)
c:/st/stm32cubeide_1.1.0/stm32cubeide/plugins/com.st.stm32cube.ide.mcu.externaltools.gnu-tools-for-stm32.7-2018-q2-update.win32_1.0.0.201904181610/tools/bin/../lib/gcc/arm-none-eabi/7.3.1/../../../../arm-none-eabi/lib/thumb/v7e-m/fpv4-sp/hard\libc_nano.a(lib_a-memcmp.o)
                              ThirdParty/SEGGER/OS/SEGGER_SYSVIEW_FreeRTOS.o (memcmp)
c:/st/stm32cubeide_1.1.0/stm32cubeide/plugins/com.st.stm32cube.ide.mcu.externaltools.gnu-tools-for-stm32.7-2018-q2-update.win32_1.0.0.201904181610/tools/bin/../lib/gcc/arm-none-eabi/7.3.1/../../../../arm-none-eabi/lib/thumb/v7e-m/fpv4-sp/hard\libc_nano.a(lib_a-memcpy-stub.o)
                              ThirdParty/FreeRTOS/queue.o (memcpy)
c:/st/stm32cubeide_1.1.0/stm32cubeide/plugins/com.st.stm32cube.ide.mcu.externaltools.gnu-tools-for-stm32.7-2018-q2-update.win32_1.0.0.201904181610/tools/bin/../lib/gcc/arm-none-eabi/7.3.1/../../../../arm-none-eabi/lib/thumb/v7e-m/fpv4-sp/hard\libc_nano.a(lib_a-memset.o)
                              c:/st/stm32cubeide_1.1.0/stm32cubeide/plugins/com.st.stm32cube.ide.mcu.externaltools.gnu-tools-for-stm32.7-2018-q2-update.win32_1.0.0.201904181610/tools/bin/../lib/gcc/arm-none-eabi/7.3.1/../../../../arm-none-eabi/lib/thumb/v7e-m/fpv4-sp/hard/crt0.o (memset)
c:/st/stm32cubeide_1.1.0/stm32cubeide/plugins/com.st.stm32cube.ide.mcu.externaltools.gnu-tools-for-stm32.7-2018-q2-update.win32_1.0.0.201904181610/tools/bin/../lib/gcc/arm-none-eabi/7.3.1/../../../../arm-none-eabi/lib/thumb/v7e-m/fpv4-sp/hard\libc_nano.a(lib_a-strlen.o)
                              ThirdParty/SEGGER/SEGGER/SEGGER_RTT.o (strlen)
c:/st/stm32cubeide_1.1.0/stm32cubeide/plugins/com.st.stm32cube.ide.mcu.externaltools.gnu-tools-for-stm32.7-2018-q2-update.win32_1.0.0.201904181610/tools/bin/../lib/gcc/arm-none-eabi/7.3.1/thumb/v7e-m/fpv4-sp/hard\libgcc.a(_aeabi_uldivmod.o)
                              Drivers/STM32F4xx_HAL_Driver/Src/stm32f4xx_hal_rcc.o (__aeabi_uldivmod)
c:/st/stm32cubeide_1.1.0/stm32cubeide/plugins/com.st.stm32cube.ide.mcu.externaltools.gnu-tools-for-stm32.7-2018-q2-update.win32_1.0.0.201904181610/tools/bin/../lib/gcc/arm-none-eabi/7.3.1/thumb/v7e-m/fpv4-sp/hard\libgcc.a(_udivmoddi4.o)
                              c:/st/stm32cubeide_1.1.0/stm32cubeide/plugins/com.st.stm32cube.ide.mcu.externaltools.gnu-tools-for-stm32.7-2018-q2-update.win32_1.0.0.201904181610/tools/bin/../lib/gcc/arm-none-eabi/7.3.1/thumb/v7e-m/fpv4-sp/hard\libgcc.a(_aeabi_uldivmod.o) (__udivmoddi4)
c:/st/stm32cubeide_1.1.0/stm32cubeide/plugins/com.st.stm32cube.ide.mcu.externaltools.gnu-tools-for-stm32.7-2018-q2-update.win32_1.0.0.201904181610/tools/bin/../lib/gcc/arm-none-eabi/7.3.1/thumb/v7e-m/fpv4-sp/hard\libgcc.a(_dvmd_tls.o)
[...]
Memory Configuration

Name             Origin             Length             Attributes
CCMRAM           0x0000000010000000 0x0000000000010000 xrw
RAM              0x0000000020000000 0x0000000000020000 xrw
FLASH            0x0000000008000000 0x0000000000100000 xr
*default*        0x0000000000000000 0xffffffffffffffff

Linker script and memory map

LOAD c:/st/stm32cubeide_1.1.0/stm32cubeide/plugins/com.st.stm32cube.ide.mcu.externaltools.gnu-tools-for-stm32.7-2018-q2-update.win32_1.0.0.201904181610/tools/bin/../lib/gcc/arm-none-eabi/7.3.1/thumb/v7e-m/fpv4-sp/hard/crti.o
LOAD c:/st/stm32cubeide_1.1.0/stm32cubeide/plugins/com.st.stm32cube.ide.mcu.externaltools.gnu-tools-for-stm32.7-2018-q2-update.win32_1.0.0.201904181610/tools/bin/../lib/gcc/arm-none-eabi/7.3.1/thumb/v7e-m/fpv4-sp/hard/crtbegin.o
LOAD c:/st/stm32cubeide_1.1.0/stm32cubeide/plugins/com.st.stm32cube.ide.mcu.externaltools.gnu-tools-for-stm32.7-2018-q2-update.win32_1.0.0.201904181610/tools/bin/../lib/gcc/arm-none-eabi/7.3.1/../../../../arm-none-eabi/lib/thumb/v7e-m/fpv4-sp/hard/crt0.o
LOAD CLC_Sys/software_timers/software_timers.o
LOAD CLC_Sys/tasks/intersection_ctrl/intersection_ctrl.o
LOAD CLC_Sys/tasks/sensor_read/sensor_read.o
LOAD CLC_Sys/tasks/state_machine/state_machine.o
LOAD Drivers/STM32F4xx_HAL_Driver/Src/stm32f4xx_hal.o
LOAD Drivers/STM32F4xx_HAL_Driver/Src/stm32f4xx_hal_cortex.o
LOAD Drivers/STM32F4xx_HAL_Driver/Src/stm32f4xx_hal_dma.o
LOAD Drivers/STM32F4xx_HAL_Driver/Src/stm32f4xx_hal_dma_ex.o
LOAD Drivers/STM32F4xx_HAL_Driver/Src/stm32f4xx_hal_exti.o
LOAD Drivers/STM32F4xx_HAL_Driver/Src/stm32f4xx_hal_flash.o
LOAD Drivers/STM32F4xx_HAL_Driver/Src/stm32f4xx_hal_flash_ex.o
LOAD Drivers/STM32F4xx_HAL_Driver/Src/stm32f4xx_hal_flash_ramfunc.o
LOAD Drivers/STM32F4xx_HAL_Driver/Src/stm32f4xx_hal_gpio.o
LOAD Drivers/STM32F4xx_HAL_Driver/Src/stm32f4xx_hal_pwr.o
LOAD Drivers/STM32F4xx_HAL_Driver/Src/stm32f4xx_hal_pwr_ex.o
LOAD Drivers/STM32F4xx_HAL_Driver/Src/stm32f4xx_hal_rcc.o
LOAD Drivers/STM32F4xx_HAL_Driver/Src/stm32f4xx_hal_rcc_ex.o
LOAD Drivers/STM32F4xx_HAL_Driver/Src/stm32f4xx_hal_tim.o
LOAD Drivers/STM32F4xx_HAL_Driver/Src/stm32f4xx_hal_tim_ex.o
LOAD Src/main.o
LOAD Src/stm32f4xx_hal_msp.o
LOAD Src/stm32f4xx_hal_timebase_tim.o
LOAD Src/stm32f4xx_it.o
LOAD Src/syscalls.o
LOAD Src/system_stm32f4xx.o
LOAD Startup/startup_stm32f407vgtx.o
LOAD ThirdParty/FreeRTOS/croutine.o
LOAD ThirdParty/FreeRTOS/event_groups.o
LOAD ThirdParty/FreeRTOS/list.o
LOAD ThirdParty/FreeRTOS/queue.o
LOAD ThirdParty/FreeRTOS/stream_buffer.o
LOAD ThirdParty/FreeRTOS/tasks.o
LOAD ThirdParty/FreeRTOS/timers.o
LOAD ThirdParty/FreeRTOS/portable/GCC/ARM_CM4F/port.o
LOAD ThirdParty/FreeRTOS/portable/MemMang/heap_4.o
LOAD ThirdParty/SEGGER/Config/SEGGER_SYSVIEW_Config_FreeRTOS.o
LOAD ThirdParty/SEGGER/OS/SEGGER_SYSVIEW_FreeRTOS.o
LOAD ThirdParty/SEGGER/SEGGER/SEGGER_RTT.o
LOAD ThirdParty/SEGGER/SEGGER/SEGGER_RTT_ASM_ARMv7M.o
LOAD ThirdParty/SEGGER/SEGGER/SEGGER_RTT_printf.o
LOAD ThirdParty/SEGGER/SEGGER/SEGGER_SYSVIEW.o
LOAD ThirdParty/SEGGER/SEGGER/Syscalls/SEGGER_RTT_Syscalls_GCC.o
START GROUP
LOAD c:/st/stm32cubeide_1.1.0/stm32cubeide/plugins/com.st.stm32cube.ide.mcu.externaltools.gnu-tools-for-stm32.7-2018-q2-update.win32_1.0.0.201904181610/tools/bin/../lib/gcc/arm-none-eabi/7.3.1/../../../../arm-none-eabi/lib/thumb/v7e-m/fpv4-sp/hard\libc_nano.a
LOAD c:/st/stm32cubeide_1.1.0/stm32cubeide/plugins/com.st.stm32cube.ide.mcu.externaltools.gnu-tools-for-stm32.7-2018-q2-update.win32_1.0.0.201904181610/tools/bin/../lib/gcc/arm-none-eabi/7.3.1/../../../../arm-none-eabi/lib/thumb/v7e-m/fpv4-sp/hard\libm.a
END GROUP
START GROUP
LOAD c:/st/stm32cubeide_1.1.0/stm32cubeide/plugins/com.st.stm32cube.ide.mcu.externaltools.gnu-tools-for-stm32.7-2018-q2-update.win32_1.0.0.201904181610/tools/bin/../lib/gcc/arm-none-eabi/7.3.1/thumb/v7e-m/fpv4-sp/hard\libgcc.a
LOAD c:/st/stm32cubeide_1.1.0/stm32cubeide/plugins/com.st.stm32cube.ide.mcu.externaltools.gnu-tools-for-stm32.7-2018-q2-update.win32_1.0.0.201904181610/tools/bin/../lib/gcc/arm-none-eabi/7.3.1/../../../../arm-none-eabi/lib/thumb/v7e-m/fpv4-sp/hard\libc_nano.a
END GROUP
START GROUP
LOAD c:/st/stm32cubeide_1.1.0/stm32cubeide/plugins/com.st.stm32cube.ide.mcu.externaltools.gnu-tools-for-stm32.7-2018-q2-update.win32_1.0.0.201904181610/tools/bin/../lib/gcc/arm-none-eabi/7.3.1/thumb/v7e-m/fpv4-sp/hard\libgcc.a
LOAD c:/st/stm32cubeide_1.1.0/stm32cubeide/plugins/com.st.stm32cube.ide.mcu.externaltools.gnu-tools-for-stm32.7-2018-q2-update.win32_1.0.0.201904181610/tools/bin/../lib/gcc/arm-none-eabi/7.3.1/../../../../arm-none-eabi/lib/thumb/v7e-m/fpv4-sp/hard\libc_nano.a
LOAD c:/st/stm32cubeide_1.1.0/stm32cubeide/plugins/com.st.stm32cube.ide.mcu.externaltools.gnu-tools-for-stm32.7-2018-q2-update.win32_1.0.0.201904181610/tools/bin/../lib/gcc/arm-none-eabi/7.3.1/../../../../arm-none-eabi/lib/thumb/v7e-m/fpv4-sp/hard\libnosys.a
END GROUP
START GROUP
LOAD c:/st/stm32cubeide_1.1.0/stm32cubeide/plugins/com.st.stm32cube.ide.mcu.externaltools.gnu-tools-for-stm32.7-2018-q2-update.win32_1.0.0.201904181610/tools/bin/../lib/gcc/arm-none-eabi/7.3.1/thumb/v7e-m/fpv4-sp/hard\libgcc.a
LOAD c:/st/stm32cubeide_1.1.0/stm32cubeide/plugins/com.st.stm32cube.ide.mcu.externaltools.gnu-tools-for-stm32.7-2018-q2-update.win32_1.0.0.201904181610/tools/bin/../lib/gcc/arm-none-eabi/7.3.1/../../../../arm-none-eabi/lib/thumb/v7e-m/fpv4-sp/hard\libc_nano.a
LOAD c:/st/stm32cubeide_1.1.0/stm32cubeide/plugins/com.st.stm32cube.ide.mcu.externaltools.gnu-tools-for-stm32.7-2018-q2-update.win32_1.0.0.201904181610/tools/bin/../lib/gcc/arm-none-eabi/7.3.1/../../../../arm-none-eabi/lib/thumb/v7e-m/fpv4-sp/hard\libnosys.a
END GROUP
LOAD c:/st/stm32cubeide_1.1.0/stm32cubeide/plugins/com.st.stm32cube.ide.mcu.externaltools.gnu-tools-for-stm32.7-2018-q2-update.win32_1.0.0.201904181610/tools/bin/../lib/gcc/arm-none-eabi/7.3.1/thumb/v7e-m/fpv4-sp/hard/crtend.o
LOAD c:/st/stm32cubeide_1.1.0/stm32cubeide/plugins/com.st.stm32cube.ide.mcu.externaltools.gnu-tools-for-stm32.7-2018-q2-update.win32_1.0.0.201904181610/tools/bin/../lib/gcc/arm-none-eabi/7.3.1/thumb/v7e-m/fpv4-sp/hard/crtn.o
                0x0000000020020000                _estack = 0x20020000
                0x0000000000000200                _Min_Heap_Size = 0x200
                0x0000000000000400                _Min_Stack_Size = 0x400

.isr_vector     0x0000000008000000      0x188
                0x0000000008000000                . = ALIGN (0x4)
 *(.isr_vector)
 .isr_vector    0x0000000008000000      0x188 Startup/startup_stm32f407vgtx.o
                0x0000000008000000                g_pfnVectors
                0x0000000008000188                . = ALIGN (0x4)

.text           0x0000000008000190     0x62dc
                0x0000000008000190                . = ALIGN (0x4)
 *(.text)
 .text          0x0000000008000190       0x40 c:/st/stm32cubeide_1.1.0/stm32cubeide/plugins/com.st.stm32cube.ide.mcu.externaltools.gnu-tools-for-stm32.7-2018-q2-update.win32_1.0.0.201904181610/tools/bin/../lib/gcc/arm-none-eabi/7.3.1/thumb/v7e-m/fpv4-sp/hard/crtbegin.o
 .text          0x00000000080001d0       0x94 ThirdParty/SEGGER/SEGGER/SEGGER_RTT_ASM_ARMv7M.o
                0x00000000080001d0                SEGGER_RTT_ASM_WriteSkipNoLock
 .text          0x0000000008000264       0x30 c:/st/stm32cubeide_1.1.0/stm32cubeide/plugins/com.st.stm32cube.ide.mcu.externaltools.gnu-tools-for-stm32.7-2018-q2-update.win32_1.0.0.201904181610/tools/bin/../lib/gcc/arm-none-eabi/7.3.1/thumb/v7e-m/fpv4-sp/hard\libgcc.a(_aeabi_uldivmod.o)
                0x0000000008000264                __aeabi_uldivmod
 .text          0x0000000008000294      0x2cc c:/st/stm32cubeide_1.1.0/stm32cubeide/plugins/com.st.stm32cube.ide.mcu.externaltools.gnu-tools-for-stm32.7-2018-q2-update.win32_1.0.0.201904181610/tools/bin/../lib/gcc/arm-none-eabi/7.3.1/thumb/v7e-m/fpv4-sp/hard\libgcc.a(_udivmoddi4.o)
                0x0000000008000294                __udivmoddi4
 .text          0x0000000008000560        0x4 c:/st/stm32cubeide_1.1.0/stm32cubeide/plugins/com.st.stm32cube.ide.mcu.externaltools.gnu-tools-for-stm32.7-2018-q2-update.win32_1.0.0.201904181610/tools/bin/../lib/gcc/arm-none-eabi/7.3.1/thumb/v7e-m/fpv4-sp/hard\libgcc.a(_dvmd_tls.o)
                0x0000000008000560                __aeabi_idiv0
                0x0000000008000560                __aeabi_ldiv0
 *(.text*)
 .text.vTask_IntersectionCtrl
                0x0000000008000564       0x4c CLC_Sys/tasks/intersection_ctrl/intersection_ctrl.o
                0x0000000008000564                vTask_IntersectionCtrl
 .text.vTask_SensorRead
                0x00000000080005b0       0x74 CLC_Sys/tasks/sensor_read/sensor_read.o
                0x00000000080005b0                vTask_SensorRead
 .text.sensor_read_get_sensor1_reading
                0x0000000008000624       0x18 CLC_Sys/tasks/sensor_read/sensor_read.o
                0x0000000008000624                sensor_read_get_sensor1_reading
 .text.sensor_read_get_sensor2_reading
                0x000000000800063c       0x18 CLC_Sys/tasks/sensor_read/sensor_read.o
                0x000000000800063c                sensor_read_get_sensor2_reading
 .text.sensor_read_get_exit_sensor
                0x0000000008000654       0x18 CLC_Sys/tasks/sensor_read/sensor_read.o
                0x0000000008000654                sensor_read_get_exit_sensor
 .text.vTask_StateMachine
                0x000000000800066c       0x88 CLC_Sys/tasks/state_machine/state_machine.o
                0x000000000800066c                vTask_StateMachine
 .text.state_machine_get_state
                0x00000000080006f4       0x18 CLC_Sys/tasks/state_machine/state_machine.o
                0x00000000080006f4                state_machine_get_state
 .text.HAL_Init
                0x000000000800070c       0x44 Drivers/STM32F4xx_HAL_Driver/Src/stm32f4xx_hal.o
                0x000000000800070c                HAL_Init
 .text.HAL_IncTick
                0x0000000008000750       0x28 Drivers/STM32F4xx_HAL_Driver/Src/stm32f4xx_hal.o
                0x0000000008000750                HAL_IncTick
 .text.HAL_GetTick
                0x0000000008000778       0x18 Drivers/STM32F4xx_HAL_Driver/Src/stm32f4xx_hal.o
                0x0000000008000778                HAL_GetTick
 .text.__NVIC_SetPriorityGrouping
                0x0000000008000790       0x48 Drivers/STM32F4xx_HAL_Driver/Src/stm32f4xx_hal_cortex.o
 .text.__NVIC_GetPriorityGrouping
                0x00000000080007d8       0x1c Drivers/STM32F4xx_HAL_Driver/Src/stm32f4xx_hal_cortex.o
 .text.__NVIC_EnableIRQ
                0x00000000080007f4       0x3c Drivers/STM32F4xx_HAL_Driver/Src/stm32f4xx_hal_cortex.o
 .text.__NVIC_SetPriority
                0x0000000008000830       0x54 Drivers/STM32F4xx_HAL_Driver/Src/stm32f4xx_hal_cortex.o
 .text.NVIC_EncodePriority
                0x0000000008000884       0x66 Drivers/STM32F4xx_HAL_Driver/Src/stm32f4xx_hal_cortex.o
 .text.HAL_NVIC_SetPriorityGrouping
                0x00000000080008ea       0x16 Drivers/STM32F4xx_HAL_Driver/Src/stm32f4xx_hal_cortex.o
                0x00000000080008ea                HAL_NVIC_SetPriorityGrouping
 .text.HAL_NVIC_SetPriority
                0x0000000008000900       0x38 Drivers/STM32F4xx_HAL_Driver/Src/stm32f4xx_hal_cortex.o
                0x0000000008000900                HAL_NVIC_SetPriority
 .text.HAL_NVIC_EnableIRQ
                0x0000000008000938       0x1c Drivers/STM32F4xx_HAL_Driver/Src/stm32f4xx_hal_cortex.o
                0x0000000008000938                HAL_NVIC_EnableIRQ
 .text.HAL_GPIO_Init
                0x0000000008000954      0x334 Drivers/STM32F4xx_HAL_Driver/Src/stm32f4xx_hal_gpio.o
                0x0000000008000954                HAL_GPIO_Init
 .text.HAL_GPIO_ReadPin
                0x0000000008000c88       0x30 Drivers/STM32F4xx_HAL_Driver/Src/stm32f4xx_hal_gpio.o
                0x0000000008000c88                HAL_GPIO_ReadPin
 .text.HAL_GPIO_WritePin
                0x0000000008000cb8       0x32 Drivers/STM32F4xx_HAL_Driver/Src/stm32f4xx_hal_gpio.o
                0x0000000008000cb8                HAL_GPIO_WritePin
 *fill*         0x0000000008000cea        0x2 
 .text.HAL_RCC_OscConfig
                0x0000000008000cec      0x4e0 Drivers/STM32F4xx_HAL_Driver/Src/stm32f4xx_hal_rcc.o
                0x0000000008000cec                HAL_RCC_OscConfig
 .text.HAL_RCC_ClockConfig
                0x00000000080011cc      0x1cc Drivers/STM32F4xx_HAL_Driver/Src/stm32f4xx_hal_rcc.o
                0x00000000080011cc                HAL_RCC_ClockConfig
 .text.HAL_RCC_GetSysClockFreq
                0x0000000008001398      0x1b0 Drivers/STM32F4xx_HAL_Driver/Src/stm32f4xx_hal_rcc.o
                0x0000000008001398                HAL_RCC_GetSysClockFreq
 .text.HAL_RCC_GetHCLKFreq
                0x0000000008001548       0x18 Drivers/STM32F4xx_HAL_Driver/Src/stm32f4xx_hal_rcc.o
                0x0000000008001548                HAL_RCC_GetHCLKFreq
 .text.HAL_RCC_GetPCLK1Freq
                0x0000000008001560       0x28 Drivers/STM32F4xx_HAL_Driver/Src/stm32f4xx_hal_rcc.o
                0x0000000008001560                HAL_RCC_GetPCLK1Freq
 .text.HAL_RCC_GetClockConfig
                0x0000000008001588       0x64 Drivers/STM32F4xx_HAL_Driver/Src/stm32f4xx_hal_rcc.o
                0x0000000008001588                HAL_RCC_GetClockConfig
 .text.HAL_TIM_Base_Init
                0x00000000080015ec       0x56 Drivers/STM32F4xx_HAL_Driver/Src/stm32f4xx_hal_tim.o
                0x00000000080015ec                HAL_TIM_Base_Init
 .text.HAL_TIM_Base_MspInit
                0x0000000008001642       0x14 Drivers/STM32F4xx_HAL_Driver/Src/stm32f4xx_hal_tim.o
                0x0000000008001642                HAL_TIM_Base_MspInit
 .text.HAL_TIM_Base_Start_IT
                0x0000000008001656       0x48 Drivers/STM32F4xx_HAL_Driver/Src/stm32f4xx_hal_tim.o
                0x0000000008001656                HAL_TIM_Base_Start_IT
 .text.HAL_TIM_IRQHandler
                0x000000000800169e      0x210 Drivers/STM32F4xx_HAL_Driver/Src/stm32f4xx_hal_tim.o
                0x000000000800169e                HAL_TIM_IRQHandler
 .text.HAL_TIM_OC_DelayElapsedCallback
                0x00000000080018ae       0x14 Drivers/STM32F4xx_HAL_Driver/Src/stm32f4xx_hal_tim.o
                0x00000000080018ae                HAL_TIM_OC_DelayElapsedCallback
 .text.HAL_TIM_IC_CaptureCallback
                0x00000000080018c2       0x14 Drivers/STM32F4xx_HAL_Driver/Src/stm32f4xx_hal_tim.o
                0x00000000080018c2                HAL_TIM_IC_CaptureCallback
 .text.HAL_TIM_PWM_PulseFinishedCallback
                0x00000000080018d6       0x14 Drivers/STM32F4xx_HAL_Driver/Src/stm32f4xx_hal_tim.o
                0x00000000080018d6                HAL_TIM_PWM_PulseFinishedCallback
 .text.HAL_TIM_TriggerCallback
                0x00000000080018ea       0x14 Drivers/STM32F4xx_HAL_Driver/Src/stm32f4xx_hal_tim.o
                0x00000000080018ea                HAL_TIM_TriggerCallback
 *fill*         0x00000000080018fe        0x2 
 .text.TIM_Base_SetConfig
                0x0000000008001900      0x140 Drivers/STM32F4xx_HAL_Driver/Src/stm32f4xx_hal_tim.o
                0x0000000008001900                TIM_Base_SetConfig
 .text.HAL_TIMEx_CommutCallback
                0x0000000008001a40       0x14 Drivers/STM32F4xx_HAL_Driver/Src/stm32f4xx_hal_tim_ex.o
                0x0000000008001a40                HAL_TIMEx_CommutCallback
 .text.HAL_TIMEx_BreakCallback
                0x0000000008001a54       0x14 Drivers/STM32F4xx_HAL_Driver/Src/stm32f4xx_hal_tim_ex.o
                0x0000000008001a54                HAL_TIMEx_BreakCallback
 .text.main     0x0000000008001a68       0xdc Src/main.o
                0x0000000008001a68                main
 .text.SystemClock_Config
                0x0000000008001b44       0xd4 Src/main.o
                0x0000000008001b44                SystemClock_Config
 .text.MX_GPIO_Init
                0x0000000008001c18      0x2ec Src/main.o
 .text.HAL_TIM_PeriodElapsedCallback
                0x0000000008001f04       0x24 Src/main.o
                0x0000000008001f04                HAL_TIM_PeriodElapsedCallback
 .text.Error_Handler
                0x0000000008001f28        0xe Src/main.o
                0x0000000008001f28                Error_Handler
 *fill*         0x0000000008001f36        0x2 
 .text.HAL_MspInit
                0x0000000008001f38       0x50 Src/stm32f4xx_hal_msp.o
                0x0000000008001f38                HAL_MspInit
 .text.HAL_InitTick
                0x0000000008001f88       0xb4 Src/stm32f4xx_hal_timebase_tim.o
                0x0000000008001f88                HAL_InitTick
 .text.NMI_Handler
                0x000000000800203c        0xe Src/stm32f4xx_it.o
                0x000000000800203c                NMI_Handler
 .text.HardFault_Handler
                0x000000000800204a        0x6 Src/stm32f4xx_it.o
                0x000000000800204a                HardFault_Handler
 .text.MemManage_Handler
                0x0000000008002050        0x6 Src/stm32f4xx_it.o
                0x0000000008002050                MemManage_Handler
 .text.BusFault_Handler
                0x0000000008002056        0x6 Src/stm32f4xx_it.o
                0x0000000008002056                BusFault_Handler
 .text.UsageFault_Handler
                0x000000000800205c        0x6 Src/stm32f4xx_it.o
                0x000000000800205c                UsageFault_Handler
 .text.DebugMon_Handler
                0x0000000008002062        0xe Src/stm32f4xx_it.o
                0x0000000008002062                DebugMon_Handler
 .text.TIM5_IRQHandler
                0x0000000008002070       0x14 Src/stm32f4xx_it.o
                0x0000000008002070                TIM5_IRQHandler
 .text.SystemInit
                0x0000000008002084       0x2c Src/system_stm32f4xx.o
                0x0000000008002084                SystemInit
 .text.Reset_Handler
                0x00000000080020b0       0x50 Startup/startup_stm32f407vgtx.o
                0x00000000080020b0                Reset_Handler
 .text.Default_Handler
                0x0000000008002100        0x2 Startup/startup_stm32f407vgtx.o
                0x0000000008002100                RTC_Alarm_IRQHandler
                0x0000000008002100                HASH_RNG_IRQHandler
                0x0000000008002100                EXTI2_IRQHandler
                0x0000000008002100                TIM8_CC_IRQHandler
                0x0000000008002100                TIM1_CC_IRQHandler
                0x0000000008002100                DMA2_Stream5_IRQHandler
                0x0000000008002100                DMA1_Stream5_IRQHandler
                0x0000000008002100                PVD_IRQHandler
                0x0000000008002100                SDIO_IRQHandler
                0x0000000008002100                TAMP_STAMP_IRQHandler
                0x0000000008002100                CAN2_RX1_IRQHandler
                0x0000000008002100                EXTI3_IRQHandler
                0x0000000008002100                TIM8_TRG_COM_TIM14_IRQHandler
                0x0000000008002100                TIM1_UP_TIM10_IRQHandler
                0x0000000008002100                TIM8_UP_TIM13_IRQHandler
                0x0000000008002100                I2C3_ER_IRQHandler
                0x0000000008002100                EXTI0_IRQHandler
                0x0000000008002100                I2C2_EV_IRQHandler
                0x0000000008002100                DMA1_Stream2_IRQHandler
                0x0000000008002100                CAN1_RX0_IRQHandler
                0x0000000008002100                FPU_IRQHandler
                0x0000000008002100                OTG_HS_WKUP_IRQHandler
                0x0000000008002100                CAN2_SCE_IRQHandler
                0x0000000008002100                DMA2_Stream2_IRQHandler
                0x0000000008002100                SPI1_IRQHandler
                0x0000000008002100                TIM6_DAC_IRQHandler
                0x0000000008002100                TIM1_BRK_TIM9_IRQHandler
                0x0000000008002100                DCMI_IRQHandler
                0x0000000008002100                CAN2_RX0_IRQHandler
                0x0000000008002100                DMA2_Stream3_IRQHandler
                0x0000000008002100                USART6_IRQHandler
                0x0000000008002100                USART3_IRQHandler
                0x0000000008002100                CAN1_RX1_IRQHandler
                0x0000000008002100                UART5_IRQHandler
                0x0000000008002100                DMA2_Stream0_IRQHandler
                0x0000000008002100                TIM4_IRQHandler
                0x0000000008002100                I2C1_EV_IRQHandler
                0x0000000008002100                DMA1_Stream6_IRQHandler
                0x0000000008002100                DMA1_Stream1_IRQHandler
                0x0000000008002100                UART4_IRQHandler
                0x0000000008002100                TIM3_IRQHandler
                0x0000000008002100                RCC_IRQHandler
                0x0000000008002100                TIM8_BRK_TIM12_IRQHandler
                0x0000000008002100                Default_Handler
                0x0000000008002100                EXTI15_10_IRQHandler
                0x0000000008002100                ADC_IRQHandler
                0x0000000008002100                DMA1_Stream7_IRQHandler
                0x0000000008002100                TIM7_IRQHandler
                0x0000000008002100                CAN2_TX_IRQHandler
                0x0000000008002100                DMA2_Stream7_IRQHandler
                0x0000000008002100                I2C3_EV_IRQHandler
                0x0000000008002100                EXTI9_5_IRQHandler
                0x0000000008002100                RTC_WKUP_IRQHandler
                0x0000000008002100                ETH_WKUP_IRQHandler
                0x0000000008002100                SPI2_IRQHandler
                0x0000000008002100                OTG_HS_EP1_IN_IRQHandler
                0x0000000008002100                DMA1_Stream0_IRQHandler
                0x0000000008002100                CAN1_TX_IRQHandler
                0x0000000008002100                EXTI4_IRQHandler
                0x0000000008002100                FSMC_IRQHandler
                0x0000000008002100                ETH_IRQHandler
                0x0000000008002100                OTG_HS_EP1_OUT_IRQHandler
                0x0000000008002100                WWDG_IRQHandler
                0x0000000008002100                TIM2_IRQHandler
                0x0000000008002100                OTG_FS_WKUP_IRQHandler
                0x0000000008002100                TIM1_TRG_COM_TIM11_IRQHandler
                0x0000000008002100                OTG_HS_IRQHandler
                0x0000000008002100                EXTI1_IRQHandler
                0x0000000008002100                USART2_IRQHandler
                0x0000000008002100                I2C2_ER_IRQHandler
                0x0000000008002100                DMA2_Stream1_IRQHandler
                0x0000000008002100                CAN1_SCE_IRQHandler
                0x0000000008002100                FLASH_IRQHandler
                0x0000000008002100                DMA2_Stream4_IRQHandler
                0x0000000008002100                USART1_IRQHandler
                0x0000000008002100                OTG_FS_IRQHandler
                0x0000000008002100                SPI3_IRQHandler
                0x0000000008002100                DMA1_Stream4_IRQHandler
                0x0000000008002100                I2C1_ER_IRQHandler
                0x0000000008002100                DMA2_Stream6_IRQHandler
                0x0000000008002100                DMA1_Stream3_IRQHandler
 .text.vListInitialise
                0x0000000008002102       0x40 ThirdParty/FreeRTOS/list.o
                0x0000000008002102                vListInitialise
 .text.vListInitialiseItem
                0x0000000008002142       0x1a ThirdParty/FreeRTOS/list.o
                0x0000000008002142                vListInitialiseItem
 .text.vListInsertEnd
                0x000000000800215c       0x48 ThirdParty/FreeRTOS/list.o
                0x000000000800215c                vListInsertEnd
 .text.vListInsert
                0x00000000080021a4       0x72 ThirdParty/FreeRTOS/list.o
                0x00000000080021a4                vListInsert
 .text.uxListRemove
                0x0000000008002216       0x54 ThirdParty/FreeRTOS/list.o
                0x0000000008002216                uxListRemove
 *fill*         0x000000000800226a        0x2 
 .text.xQueueGenericReset
                0x000000000800226c       0xd0 ThirdParty/FreeRTOS/queue.o
                0x000000000800226c                xQueueGenericReset
 .text.xQueueGenericCreate
                0x000000000800233c       0xb8 ThirdParty/FreeRTOS/queue.o
                0x000000000800233c                xQueueGenericCreate
 .text.prvInitialiseNewQueue
                0x00000000080023f4       0x52 ThirdParty/FreeRTOS/queue.o
 *fill*         0x0000000008002446        0x2 
 .text.xQueueGenericSend
                0x0000000008002448      0x244 ThirdParty/FreeRTOS/queue.o
                0x0000000008002448                xQueueGenericSend
 .text.xQueueGenericSendFromISR
                0x000000000800268c      0x172 ThirdParty/FreeRTOS/queue.o
                0x000000000800268c                xQueueGenericSendFromISR
 *fill*         0x00000000080027fe        0x2 
 .text.xQueueReceive
                0x0000000008002800      0x228 ThirdParty/FreeRTOS/queue.o
                0x0000000008002800                xQueueReceive
 .text.prvCopyDataToQueue
                0x0000000008002a28       0xd4 ThirdParty/FreeRTOS/queue.o
 .text.prvCopyDataFromQueue
                0x0000000008002afc       0x4c ThirdParty/FreeRTOS/queue.o
 .text.prvUnlockQueue
                0x0000000008002b48       0xa4 ThirdParty/FreeRTOS/queue.o
 .text.prvIsQueueEmpty
                0x0000000008002bec       0x2c ThirdParty/FreeRTOS/queue.o
 .text.prvIsQueueFull
                0x0000000008002c18       0x30 ThirdParty/FreeRTOS/queue.o
 .text.vQueueAddToRegistry
                0x0000000008002c48       0x60 ThirdParty/FreeRTOS/queue.o
                0x0000000008002c48                vQueueAddToRegistry
 .text.vQueueWaitForMessageRestricted
                0x0000000008002ca8       0x68 ThirdParty/FreeRTOS/queue.o
                0x0000000008002ca8                vQueueWaitForMessageRestricted
 .text.xTaskCreate
                0x0000000008002d10       0x82 ThirdParty/FreeRTOS/tasks.o
                0x0000000008002d10                xTaskCreate
 .text.prvInitialiseNewTask
                0x0000000008002d92      0x12a ThirdParty/FreeRTOS/tasks.o
 .text.prvAddNewTaskToReadyList
                0x0000000008002ebc      0x118 ThirdParty/FreeRTOS/tasks.o
 .text.vTaskStartScheduler
                0x0000000008002fd4       0xc0 ThirdParty/FreeRTOS/tasks.o
                0x0000000008002fd4                vTaskStartScheduler
 .text.vTaskSuspendAll
                0x0000000008003094       0x1c ThirdParty/FreeRTOS/tasks.o
                0x0000000008003094                vTaskSuspendAll
 .text.xTaskResumeAll
                0x00000000080030b0      0x140 ThirdParty/FreeRTOS/tasks.o
                0x00000000080030b0                xTaskResumeAll
 .text.xTaskGetTickCount
                0x00000000080031f0       0x20 ThirdParty/FreeRTOS/tasks.o
                0x00000000080031f0                xTaskGetTickCount
 .text.xTaskGetTickCountFromISR
                0x0000000008003210       0x24 ThirdParty/FreeRTOS/tasks.o
                0x0000000008003210                xTaskGetTickCountFromISR
 .text.xTaskIncrementTick
                0x0000000008003234      0x178 ThirdParty/FreeRTOS/tasks.o
                0x0000000008003234                xTaskIncrementTick
 .text.vTaskSwitchContext
                0x00000000080033ac       0xd0 ThirdParty/FreeRTOS/tasks.o
                0x00000000080033ac                vTaskSwitchContext
 .text.vTaskPlaceOnEventList
                0x000000000800347c       0x48 ThirdParty/FreeRTOS/tasks.o
                0x000000000800347c                vTaskPlaceOnEventList
 .text.vTaskPlaceOnEventListRestricted
                0x00000000080034c4       0x5c ThirdParty/FreeRTOS/tasks.o
                0x00000000080034c4                vTaskPlaceOnEventListRestricted
 .text.xTaskRemoveFromEventList
                0x0000000008003520       0xcc ThirdParty/FreeRTOS/tasks.o
                0x0000000008003520                xTaskRemoveFromEventList
 .text.vTaskInternalSetTimeOutState
                0x00000000080035ec       0x2c ThirdParty/FreeRTOS/tasks.o
                0x00000000080035ec                vTaskInternalSetTimeOutState
 .text.xTaskCheckForTimeOut
                0x0000000008003618       0xc8 ThirdParty/FreeRTOS/tasks.o
                0x0000000008003618                xTaskCheckForTimeOut
 .text.vTaskMissedYield
                0x00000000080036e0       0x18 ThirdParty/FreeRTOS/tasks.o
                0x00000000080036e0                vTaskMissedYield
 .text.prvIdleTask
                0x00000000080036f8       0x30 ThirdParty/FreeRTOS/tasks.o
 .text.prvInitialiseTaskLists
                0x0000000008003728       0x80 ThirdParty/FreeRTOS/tasks.o
 .text.prvCheckTasksWaitingTermination
                0x00000000080037a8       0x58 ThirdParty/FreeRTOS/tasks.o
 .text.prvDeleteTCB
                0x0000000008003800       0x20 ThirdParty/FreeRTOS/tasks.o
 .text.prvResetNextTaskUnblockTime
                0x0000000008003820       0x38 ThirdParty/FreeRTOS/tasks.o
 .text.xTaskGetSchedulerState
                0x0000000008003858       0x3c ThirdParty/FreeRTOS/tasks.o
                0x0000000008003858                xTaskGetSchedulerState
 .text.xTaskPriorityDisinherit
                0x0000000008003894       0xfc ThirdParty/FreeRTOS/tasks.o
                0x0000000008003894                xTaskPriorityDisinherit
 .text.prvAddCurrentTaskToDelayedList
                0x0000000008003990       0xf0 ThirdParty/FreeRTOS/tasks.o
 .text.xTimerCreateTimerTask
                0x0000000008003a80       0x64 ThirdParty/FreeRTOS/timers.o
                0x0000000008003a80                xTimerCreateTimerTask
 .text.xTimerGenericCommand
                0x0000000008003ae4       0x98 ThirdParty/FreeRTOS/timers.o
                0x0000000008003ae4                xTimerGenericCommand
 .text.prvProcessExpiredTimer
                0x0000000008003b7c       0x98 ThirdParty/FreeRTOS/timers.o
 .text.prvTimerTask
                0x0000000008003c14       0x24 ThirdParty/FreeRTOS/timers.o
 .text.prvProcessTimerOrBlockTask
                0x0000000008003c38       0x9c ThirdParty/FreeRTOS/timers.o
 .text.prvGetNextExpireTime
                0x0000000008003cd4       0x48 ThirdParty/FreeRTOS/timers.o
 .text.prvSampleTimeNow
                0x0000000008003d1c       0x40 ThirdParty/FreeRTOS/timers.o
 .text.prvInsertTimerInActiveList
                0x0000000008003d5c       0x84 ThirdParty/FreeRTOS/timers.o
 .text.prvProcessReceivedCommands
                0x0000000008003de0      0x188 ThirdParty/FreeRTOS/timers.o
 .text.prvSwitchTimerLists
                0x0000000008003f68       0xc8 ThirdParty/FreeRTOS/timers.o
 .text.prvCheckForValidListAndQueue
                0x0000000008004030       0x6c ThirdParty/FreeRTOS/timers.o
 .text.pxPortInitialiseStack
                0x000000000800409c       0x68 ThirdParty/FreeRTOS/portable/GCC/ARM_CM4F/port.o
                0x000000000800409c                pxPortInitialiseStack
 .text.prvTaskExitError
                0x0000000008004104       0x54 ThirdParty/FreeRTOS/portable/GCC/ARM_CM4F/port.o
 *fill*         0x0000000008004158        0x8 
 .text.SVC_Handler
                0x0000000008004160       0x28 ThirdParty/FreeRTOS/portable/GCC/ARM_CM4F/port.o
                0x0000000008004160                SVC_Handler
 .text.prvPortStartFirstTask
                0x0000000008004188       0x2c ThirdParty/FreeRTOS/portable/GCC/ARM_CM4F/port.o
 .text.xPortStartScheduler
                0x00000000080041b4      0x13c ThirdParty/FreeRTOS/portable/GCC/ARM_CM4F/port.o
                0x00000000080041b4                xPortStartScheduler
 .text.vInitPrioGroupValue
                0x00000000080042f0       0xf4 ThirdParty/FreeRTOS/portable/GCC/ARM_CM4F/port.o
                0x00000000080042f0                vInitPrioGroupValue
 .text.vPortEnterCritical
                0x00000000080043e4       0x5c ThirdParty/FreeRTOS/portable/GCC/ARM_CM4F/port.o
                0x00000000080043e4                vPortEnterCritical
 .text.vPortExitCritical
                0x0000000008004440       0x50 ThirdParty/FreeRTOS/portable/GCC/ARM_CM4F/port.o
                0x0000000008004440                vPortExitCritical
 .text.PendSV_Handler
                0x0000000008004490       0x68 ThirdParty/FreeRTOS/portable/GCC/ARM_CM4F/port.o
                0x0000000008004490                PendSV_Handler
 .text.SysTick_Handler
                0x00000000080044f8       0x50 ThirdParty/FreeRTOS/portable/GCC/ARM_CM4F/port.o
                0x00000000080044f8                SysTick_Handler
 .text.vPortSetupTimerInterrupt
                0x0000000008004548       0x48 ThirdParty/FreeRTOS/portable/GCC/ARM_CM4F/port.o
                0x0000000008004548                vPortSetupTimerInterrupt
 .text.vPortEnableVFP
                0x0000000008004590       0x18 ThirdParty/FreeRTOS/portable/GCC/ARM_CM4F/port.o
 .text.vPortValidateInterruptPriority
                0x00000000080045a8       0x7c ThirdParty/FreeRTOS/portable/GCC/ARM_CM4F/port.o
                0x00000000080045a8                vPortValidateInterruptPriority
 .text.pvPortMalloc
                0x0000000008004624      0x1b8 ThirdParty/FreeRTOS/portable/MemMang/heap_4.o
                0x0000000008004624                pvPortMalloc
 .text.vPortFree
                0x00000000080047dc       0xc0 ThirdParty/FreeRTOS/portable/MemMang/heap_4.o
                0x00000000080047dc                vPortFree
 .text.prvHeapInit
                0x000000000800489c       0xc4 ThirdParty/FreeRTOS/portable/MemMang/heap_4.o
 .text.prvInsertBlockIntoFreeList
                0x0000000008004960       0xb4 ThirdParty/FreeRTOS/portable/MemMang/heap_4.o
 .text._cbSendSystemDesc
                0x0000000008004a14       0x1c ThirdParty/SEGGER/Config/SEGGER_SYSVIEW_Config_FreeRTOS.o
 .text.SEGGER_SYSVIEW_Conf
                0x0000000008004a30       0x2c ThirdParty/SEGGER/Config/SEGGER_SYSVIEW_Config_FreeRTOS.o
                0x0000000008004a30                SEGGER_SYSVIEW_Conf
 .text._cbSendTaskList
                0x0000000008004a5c       0x90 ThirdParty/SEGGER/OS/SEGGER_SYSVIEW_FreeRTOS.o
 .text._cbGetTime
                0x0000000008004aec       0x76 ThirdParty/SEGGER/OS/SEGGER_SYSVIEW_FreeRTOS.o
 *fill*         0x0000000008004b62        0x2 
 .text.SYSVIEW_AddTask
                0x0000000008004b64       0xd0 ThirdParty/SEGGER/OS/SEGGER_SYSVIEW_FreeRTOS.o
                0x0000000008004b64                SYSVIEW_AddTask
 .text.SYSVIEW_SendTaskInfo
                0x0000000008004c34       0x42 ThirdParty/SEGGER/OS/SEGGER_SYSVIEW_FreeRTOS.o
                0x0000000008004c34                SYSVIEW_SendTaskInfo
 *fill*         0x0000000008004c76        0x2 
 .text._DoInit  0x0000000008004c78       0xb0 ThirdParty/SEGGER/SEGGER/SEGGER_RTT.o
 .text.SEGGER_RTT_ReadNoLock
                0x0000000008004d28      0x10c ThirdParty/SEGGER/SEGGER/SEGGER_RTT.o
                0x0000000008004d28                SEGGER_RTT_ReadNoLock
 .text.SEGGER_RTT_AllocUpBuffer
                0x0000000008004e34      0x108 ThirdParty/SEGGER/SEGGER/SEGGER_RTT.o
                0x0000000008004e34                SEGGER_RTT_AllocUpBuffer
 .text.SEGGER_RTT_ConfigDownBuffer
                0x0000000008004f3c       0x98 ThirdParty/SEGGER/SEGGER/SEGGER_RTT.o
                0x0000000008004f3c                SEGGER_RTT_ConfigDownBuffer
 .text._EncodeStr
                0x0000000008004fd4       0xa0 ThirdParty/SEGGER/SEGGER/SEGGER_SYSVIEW.o
 .text._PreparePacket
                0x0000000008005074       0x18 ThirdParty/SEGGER/SEGGER/SEGGER_SYSVIEW.o
 .text._HandleIncomingPacket
                0x000000000800508c       0xd8 ThirdParty/SEGGER/SEGGER/SEGGER_SYSVIEW.o
 .text._TrySendOverflowPacket
                0x0000000008005164       0xe4 ThirdParty/SEGGER/SEGGER/SEGGER_SYSVIEW.o
 .text._SendPacket
                0x0000000008005248      0x1cc ThirdParty/SEGGER/SEGGER/SEGGER_SYSVIEW.o
 .text.SEGGER_SYSVIEW_Init
                0x0000000008005414       0x88 ThirdParty/SEGGER/SEGGER/SEGGER_SYSVIEW.o
                0x0000000008005414                SEGGER_SYSVIEW_Init
 .text.SEGGER_SYSVIEW_SetRAMBase
                0x000000000800549c       0x20 ThirdParty/SEGGER/SEGGER/SEGGER_SYSVIEW.o
                0x000000000800549c                SEGGER_SYSVIEW_SetRAMBase
 .text.SEGGER_SYSVIEW_RecordVoid
                0x00000000080054bc       0x3c ThirdParty/SEGGER/SEGGER/SEGGER_SYSVIEW.o
                0x00000000080054bc                SEGGER_SYSVIEW_RecordVoid
 .text.SEGGER_SYSVIEW_RecordU32
                0x00000000080054f8       0x78 ThirdParty/SEGGER/SEGGER/SEGGER_SYSVIEW.o
                0x00000000080054f8                SEGGER_SYSVIEW_RecordU32
 .text.SEGGER_SYSVIEW_RecordU32x2
                0x0000000008005570       0xb4 ThirdParty/SEGGER/SEGGER/SEGGER_SYSVIEW.o
                0x0000000008005570                SEGGER_SYSVIEW_RecordU32x2
 .text.SEGGER_SYSVIEW_RecordU32x3
                0x0000000008005624       0xec ThirdParty/SEGGER/SEGGER/SEGGER_SYSVIEW.o
                0x0000000008005624                SEGGER_SYSVIEW_RecordU32x3
 .text.SEGGER_SYSVIEW_RecordU32x4
                0x0000000008005710      0x124 ThirdParty/SEGGER/SEGGER/SEGGER_SYSVIEW.o
                0x0000000008005710                SEGGER_SYSVIEW_RecordU32x4
 .text.SEGGER_SYSVIEW_Start
                0x0000000008005834      0x174 ThirdParty/SEGGER/SEGGER/SEGGER_SYSVIEW.o
                0x0000000008005834                SEGGER_SYSVIEW_Start
 .text.SEGGER_SYSVIEW_Stop
                0x00000000080059a8       0x4c ThirdParty/SEGGER/SEGGER/SEGGER_SYSVIEW.o
                0x00000000080059a8                SEGGER_SYSVIEW_Stop
 .text.SEGGER_SYSVIEW_GetSysDesc
                0x00000000080059f4      0x134 ThirdParty/SEGGER/SEGGER/SEGGER_SYSVIEW.o
                0x00000000080059f4                SEGGER_SYSVIEW_GetSysDesc
 .text.SEGGER_SYSVIEW_SendTaskInfo
                0x0000000008005b28      0x1c8 ThirdParty/SEGGER/SEGGER/SEGGER_SYSVIEW.o
                0x0000000008005b28                SEGGER_SYSVIEW_SendTaskInfo
 .text.SEGGER_SYSVIEW_SendTaskList
                0x0000000008005cf0       0x28 ThirdParty/SEGGER/SEGGER/SEGGER_SYSVIEW.o
                0x0000000008005cf0                SEGGER_SYSVIEW_SendTaskList
 .text.SEGGER_SYSVIEW_SendSysDesc
                0x0000000008005d18       0x48 ThirdParty/SEGGER/SEGGER/SEGGER_SYSVIEW.o
                0x0000000008005d18                SEGGER_SYSVIEW_SendSysDesc
 .text.SEGGER_SYSVIEW_RecordSystime
                0x0000000008005d60       0x60 ThirdParty/SEGGER/SEGGER/SEGGER_SYSVIEW.o
                0x0000000008005d60                SEGGER_SYSVIEW_RecordSystime
 .text.SEGGER_SYSVIEW_RecordEnterISR
                0x0000000008005dc0       0x84 ThirdParty/SEGGER/SEGGER/SEGGER_SYSVIEW.o
                0x0000000008005dc0                SEGGER_SYSVIEW_RecordEnterISR
 .text.SEGGER_SYSVIEW_RecordExitISR
                0x0000000008005e44       0x38 ThirdParty/SEGGER/SEGGER/SEGGER_SYSVIEW.o
                0x0000000008005e44                SEGGER_SYSVIEW_RecordExitISR
 .text.SEGGER_SYSVIEW_RecordExitISRToScheduler
                0x0000000008005e7c       0x38 ThirdParty/SEGGER/SEGGER/SEGGER_SYSVIEW.o
                0x0000000008005e7c                SEGGER_SYSVIEW_RecordExitISRToScheduler
 .text.SEGGER_SYSVIEW_OnIdle
                0x0000000008005eb4       0x38 ThirdParty/SEGGER/SEGGER/SEGGER_SYSVIEW.o
                0x0000000008005eb4                SEGGER_SYSVIEW_OnIdle
 .text.SEGGER_SYSVIEW_OnTaskCreate
                0x0000000008005eec       0x84 ThirdParty/SEGGER/SEGGER/SEGGER_SYSVIEW.o
                0x0000000008005eec                SEGGER_SYSVIEW_OnTaskCreate
 .text.SEGGER_SYSVIEW_OnTaskStartExec
                0x0000000008005f70       0x84 ThirdParty/SEGGER/SEGGER/SEGGER_SYSVIEW.o
                0x0000000008005f70                SEGGER_SYSVIEW_OnTaskStartExec
 .text.SEGGER_SYSVIEW_OnTaskStartReady
                0x0000000008005ff4       0x84 ThirdParty/SEGGER/SEGGER/SEGGER_SYSVIEW.o
                0x0000000008005ff4                SEGGER_SYSVIEW_OnTaskStartReady
 .text.SEGGER_SYSVIEW_OnTaskStopReady
                0x0000000008006078       0xc0 ThirdParty/SEGGER/SEGGER/SEGGER_SYSVIEW.o
                0x0000000008006078                SEGGER_SYSVIEW_OnTaskStopReady
 .text.SEGGER_SYSVIEW_ShrinkId
                0x0000000008006138       0x20 ThirdParty/SEGGER/SEGGER/SEGGER_SYSVIEW.o
                0x0000000008006138                SEGGER_SYSVIEW_ShrinkId
 .text.SEGGER_SYSVIEW_SendModule
                0x0000000008006158      0x100 ThirdParty/SEGGER/SEGGER/SEGGER_SYSVIEW.o
                0x0000000008006158                SEGGER_SYSVIEW_SendModule
 .text.SEGGER_SYSVIEW_SendModuleDescription
                0x0000000008006258       0x3c ThirdParty/SEGGER/SEGGER/SEGGER_SYSVIEW.o
                0x0000000008006258                SEGGER_SYSVIEW_SendModuleDescription
 .text.SEGGER_SYSVIEW_SendNumModules
                0x0000000008006294       0x7c ThirdParty/SEGGER/SEGGER/SEGGER_SYSVIEW.o
                0x0000000008006294                SEGGER_SYSVIEW_SendNumModules
 .text.SEGGER_SYSVIEW_Warn
                0x0000000008006310       0xb8 ThirdParty/SEGGER/SEGGER/SEGGER_SYSVIEW.o
                0x0000000008006310                SEGGER_SYSVIEW_Warn
 .text.__libc_init_array
                0x00000000080063c8       0x48 c:/st/stm32cubeide_1.1.0/stm32cubeide/plugins/com.st.stm32cube.ide.mcu.externaltools.gnu-tools-for-stm32.7-2018-q2-update.win32_1.0.0.201904181610/tools/bin/../lib/gcc/arm-none-eabi/7.3.1/../../../../arm-none-eabi/lib/thumb/v7e-m/fpv4-sp/hard\libc_nano.a(lib_a-init.o)
                0x00000000080063c8                __libc_init_array
 .text.memcmp   0x0000000008006410       0x1e c:/st/stm32cubeide_1.1.0/stm32cubeide/plugins/com.st.stm32cube.ide.mcu.externaltools.gnu-tools-for-stm32.7-2018-q2-update.win32_1.0.0.201904181610/tools/bin/../lib/gcc/arm-none-eabi/7.3.1/../../../../arm-none-eabi/lib/thumb/v7e-m/fpv4-sp/hard\libc_nano.a(lib_a-memcmp.o)
                0x0000000008006410                memcmp
 .text.memcpy   0x000000000800642e       0x16 c:/st/stm32cubeide_1.1.0/stm32cubeide/plugins/com.st.stm32cube.ide.mcu.externaltools.gnu-tools-for-stm32.7-2018-q2-update.win32_1.0.0.201904181610/tools/bin/../lib/gcc/arm-none-eabi/7.3.1/../../../../arm-none-eabi/lib/thumb/v7e-m/fpv4-sp/hard\libc_nano.a(lib_a-memcpy-stub.o)
                0x000000000800642e                memcpy
 .text.memset   0x0000000008006444       0x10 c:/st/stm32cubeide_1.1.0/stm32cubeide/plugins/com.st.stm32cube.ide.mcu.externaltools.gnu-tools-for-stm32.7-2018-q2-update.win32_1.0.0.201904181610/tools/bin/../lib/gcc/arm-none-eabi/7.3.1/../../../../arm-none-eabi/lib/thumb/v7e-m/fpv4-sp/hard\libc_nano.a(lib_a-memset.o)
                0x0000000008006444                memset
 *(.glue_7)
 .glue_7        0x0000000008006454        0x0 linker stubs
 *(.glue_7t)
 .glue_7t       0x0000000008006454        0x0 linker stubs
 *(.eh_frame)
 .eh_frame      0x0000000008006454        0x0 c:/st/stm32cubeide_1.1.0/stm32cubeide/plugins/com.st.stm32cube.ide.mcu.externaltools.gnu-tools-for-stm32.7-2018-q2-update.win32_1.0.0.201904181610/tools/bin/../lib/gcc/arm-none-eabi/7.3.1/thumb/v7e-m/fpv4-sp/hard/crtbegin.o
 *(.init)
 .init          0x0000000008006454        0x4 c:/st/stm32cubeide_1.1.0/stm32cubeide/plugins/com.st.stm32cube.ide.mcu.externaltools.gnu-tools-for-stm32.7-2018-q2-update.win32_1.0.0.201904181610/tools/bin/../lib/gcc/arm-none-eabi/7.3.1/thumb/v7e-m/fpv4-sp/hard/crti.o
                0x0000000008006454                _init
 .init          0x0000000008006458        0x8 c:/st/stm32cubeide_1.1.0/stm32cubeide/plugins/com.st.stm32cube.ide.mcu.externaltools.gnu-tools-for-stm32.7-2018-q2-update.win32_1.0.0.201904181610/tools/bin/../lib/gcc/arm-none-eabi/7.3.1/thumb/v7e-m/fpv4-sp/hard/crtn.o
 *(.fini)
 .fini          0x0000000008006460        0x4 c:/st/stm32cubeide_1.1.0/stm32cubeide/plugins/com.st.stm32cube.ide.mcu.externaltools.gnu-tools-for-stm32.7-2018-q2-update.win32_1.0.0.201904181610/tools/bin/../lib/gcc/arm-none-eabi/7.3.1/thumb/v7e-m/fpv4-sp/hard/crti.o
                0x0000000008006460                _fini
 .fini          0x0000000008006464        0x8 c:/st/stm32cubeide_1.1.0/stm32cubeide/plugins/com.st.stm32cube.ide.mcu.externaltools.gnu-tools-for-stm32.7-2018-q2-update.win32_1.0.0.201904181610/tools/bin/../lib/gcc/arm-none-eabi/7.3.1/thumb/v7e-m/fpv4-sp/hard/crtn.o
                0x000000000800646c                . = ALIGN (0x4)
                0x000000000800646c                _etext = .

.vfp11_veneer   0x000000000800646c        0x0
 .vfp11_veneer  0x000000000800646c        0x0 linker stubs

.v4_bx          0x000000000800646c        0x0
 .v4_bx         0x000000000800646c        0x0 linker stubs

.iplt           0x000000000800646c        0x0
 .iplt          0x000000000800646c        0x0 c:/st/stm32cubeide_1.1.0/stm32cubeide/plugins/com.st.stm32cube.ide.mcu.externaltools.gnu-tools-for-stm32.7-2018-q2-update.win32_1.0.0.201904181610/tools/bin/../lib/gcc/arm-none-eabi/7.3.1/thumb/v7e-m/fpv4-sp/hard/crtbegin.o

.rodata         0x000000000800646c      0x14c
                0x000000000800646c                . = ALIGN (0x4)
 *(.rodata)
 .rodata        0x000000000800646c       0x3a Src/main.o
 *fill*         0x00000000080064a6        0x2 
 .rodata        0x00000000080064a8        0x5 ThirdParty/FreeRTOS/tasks.o
 *fill*         0x00000000080064ad        0x3 
 .rodata        0x00000000080064b0        0xd ThirdParty/FreeRTOS/timers.o
 *fill*         0x00000000080064bd        0x3 
 .rodata        0x00000000080064c0       0x51 ThirdParty/SEGGER/Config/SEGGER_SYSVIEW_Config_FreeRTOS.o
 *fill*         0x0000000008006511        0x3 
 .rodata        0x0000000008006514       0x58 ThirdParty/SEGGER/OS/SEGGER_SYSVIEW_FreeRTOS.o
 .rodata        0x000000000800656c       0x17 ThirdParty/SEGGER/SEGGER/SEGGER_RTT.o
 *fill*         0x0000000008006583        0x1 
 .rodata        0x0000000008006584        0x8 ThirdParty/SEGGER/SEGGER/SEGGER_SYSVIEW.o
 *(.rodata*)
 .rodata.AHBPrescTable
                0x000000000800658c       0x10 Src/system_stm32f4xx.o
                0x000000000800658c                AHBPrescTable
 .rodata.APBPrescTable
                0x000000000800659c        0x8 Src/system_stm32f4xx.o
                0x000000000800659c                APBPrescTable
 .rodata.SYSVIEW_X_OS_TraceAPI
                0x00000000080065a4        0x8 ThirdParty/SEGGER/OS/SEGGER_SYSVIEW_FreeRTOS.o
                0x00000000080065a4                SYSVIEW_X_OS_TraceAPI
 .rodata._abSync
                0x00000000080065ac        0xa ThirdParty/SEGGER/SEGGER/SEGGER_SYSVIEW.o
                0x00000000080065b8                . = ALIGN (0x4)
 *fill*         0x00000000080065b6        0x2 

.ARM.extab      0x00000000080065b8        0x0
                0x00000000080065b8                . = ALIGN (0x4)
 *(.ARM.extab* .gnu.linkonce.armextab.*)
                0x00000000080065b8                . = ALIGN (0x4)

.ARM            0x00000000080065b8        0x8
                0x00000000080065b8                . = ALIGN (0x4)
                0x00000000080065b8                __exidx_start = .
 *(.ARM.exidx*)
 .ARM.exidx     0x00000000080065b8        0x8 c:/st/stm32cubeide_1.1.0/stm32cubeide/plugins/com.st.stm32cube.ide.mcu.externaltools.gnu-tools-for-stm32.7-2018-q2-update.win32_1.0.0.201904181610/tools/bin/../lib/gcc/arm-none-eabi/7.3.1/thumb/v7e-m/fpv4-sp/hard\libgcc.a(_udivmoddi4.o)
                0x00000000080065c0                __exidx_end = .
                0x00000000080065c0                . = ALIGN (0x4)

.rel.dyn        0x00000000080065c0        0x0
 .rel.iplt      0x00000000080065c0        0x0 c:/st/stm32cubeide_1.1.0/stm32cubeide/plugins/com.st.stm32cube.ide.mcu.externaltools.gnu-tools-for-stm32.7-2018-q2-update.win32_1.0.0.201904181610/tools/bin/../lib/gcc/arm-none-eabi/7.3.1/thumb/v7e-m/fpv4-sp/hard/crtbegin.o

.preinit_array  0x00000000080065c0        0x0
                0x00000000080065c0                . = ALIGN (0x4)
                0x00000000080065c0                PROVIDE (__preinit_array_start = .)
 *(.preinit_array*)
                0x00000000080065c0                PROVIDE (__preinit_array_end = .)
                0x00000000080065c0                . = ALIGN (0x4)

.init_array     0x00000000080065c0        0x4
                0x00000000080065c0                . = ALIGN (0x4)
                0x00000000080065c0                PROVIDE (__init_array_start = .)
 *(SORT_BY_NAME(.init_array.*))
 *(.init_array*)
 .init_array    0x00000000080065c0        0x4 c:/st/stm32cubeide_1.1.0/stm32cubeide/plugins/com.st.stm32cube.ide.mcu.externaltools.gnu-tools-for-stm32.7-2018-q2-update.win32_1.0.0.201904181610/tools/bin/../lib/gcc/arm-none-eabi/7.3.1/thumb/v7e-m/fpv4-sp/hard/crtbegin.o
                0x00000000080065c4                PROVIDE (__init_array_end = .)
                0x00000000080065c4                . = ALIGN (0x4)

.fini_array     0x00000000080065c4        0x4
                0x00000000080065c4                . = ALIGN (0x4)
                [!provide]                        PROVIDE (__fini_array_start = .)
 *(SORT_BY_NAME(.fini_array.*))
 *(.fini_array*)
 .fini_array    0x00000000080065c4        0x4 c:/st/stm32cubeide_1.1.0/stm32cubeide/plugins/com.st.stm32cube.ide.mcu.externaltools.gnu-tools-for-stm32.7-2018-q2-update.win32_1.0.0.201904181610/tools/bin/../lib/gcc/arm-none-eabi/7.3.1/thumb/v7e-m/fpv4-sp/hard/crtbegin.o
                [!provide]                        PROVIDE (__fini_array_end = .)
                0x00000000080065c8                . = ALIGN (0x4)
                0x00000000080065c8                _sidata = LOADADDR (.data)

.data           0x0000000020000000       0x14 load address 0x00000000080065c8
                0x0000000020000000                . = ALIGN (0x4)
                0x0000000020000000                _sdata = .
 *(.data)
 *(.data*)
 .data.uwTickPrio
                0x0000000020000000        0x4 Drivers/STM32F4xx_HAL_Driver/Src/stm32f4xx_hal.o
                0x0000000020000000                uwTickPrio
 .data.uwTickFreq
                0x0000000020000004        0x1 Drivers/STM32F4xx_HAL_Driver/Src/stm32f4xx_hal.o
                0x0000000020000004                uwTickFreq
 *fill*         0x0000000020000005        0x3 
 .data.SystemCoreClock
                0x0000000020000008        0x4 Src/system_stm32f4xx.o
                0x0000000020000008                SystemCoreClock
 .data.uxTopUsedPriority
                0x000000002000000c        0x4 ThirdParty/FreeRTOS/tasks.o
                0x000000002000000c                uxTopUsedPriority
 .data.uxCriticalNesting
                0x0000000020000010        0x4 ThirdParty/FreeRTOS/portable/GCC/ARM_CM4F/port.o
                0x0000000020000014                . = ALIGN (0x4)
                0x0000000020000014                _edata = .

.igot.plt       0x0000000020000014        0x0 load address 0x00000000080065dc
 .igot.plt      0x0000000020000014        0x0 c:/st/stm32cubeide_1.1.0/stm32cubeide/plugins/com.st.stm32cube.ide.mcu.externaltools.gnu-tools-for-stm32.7-2018-q2-update.win32_1.0.0.201904181610/tools/bin/../lib/gcc/arm-none-eabi/7.3.1/thumb/v7e-m/fpv4-sp/hard/crtbegin.o
                0x0000000020000014                . = ALIGN (0x4)

.bss            0x0000000020000014    0x1a884 load address 0x00000000080065dc
                0x0000000020000014                _sbss = .
                0x0000000020000014                __bss_start__ = _sbss
 *(.bss)
 .bss           0x0000000020000014       0x1c c:/st/stm32cubeide_1.1.0/stm32cubeide/plugins/com.st.stm32cube.ide.mcu.externaltools.gnu-tools-for-stm32.7-2018-q2-update.win32_1.0.0.201904181610/tools/bin/../lib/gcc/arm-none-eabi/7.3.1/thumb/v7e-m/fpv4-sp/hard/crtbegin.o
 *(.bss*)
 .bss.sensor1_reading
                0x0000000020000030        0x1 CLC_Sys/tasks/sensor_read/sensor_read.o
 .bss.sensor2_reading
                0x0000000020000031        0x1 CLC_Sys/tasks/sensor_read/sensor_read.o
 .bss.exit_sensor
                0x0000000020000032        0x1 CLC_Sys/tasks/sensor_read/sensor_read.o
 .bss.CLC_current_state
                0x0000000020000033        0x1 CLC_Sys/tasks/state_machine/state_machine.o
 .bss.pxCurrentTCB
                0x0000000020000034        0x4 ThirdParty/FreeRTOS/tasks.o
                0x0000000020000034                pxCurrentTCB
 .bss.pxReadyTasksLists
                0x0000000020000038       0x64 ThirdParty/FreeRTOS/tasks.o
 .bss.xDelayedTaskList1
                0x000000002000009c       0x14 ThirdParty/FreeRTOS/tasks.o
 .bss.xDelayedTaskList2
                0x00000000200000b0       0x14 ThirdParty/FreeRTOS/tasks.o
 .bss.pxDelayedTaskList
                0x00000000200000c4        0x4 ThirdParty/FreeRTOS/tasks.o
 .bss.pxOverflowDelayedTaskList
                0x00000000200000c8        0x4 ThirdParty/FreeRTOS/tasks.o
 .bss.xPendingReadyList
                0x00000000200000cc       0x14 ThirdParty/FreeRTOS/tasks.o
 .bss.xTasksWaitingTermination
                0x00000000200000e0       0x14 ThirdParty/FreeRTOS/tasks.o
 .bss.uxDeletedTasksWaitingCleanUp
                0x00000000200000f4        0x4 ThirdParty/FreeRTOS/tasks.o
 .bss.xSuspendedTaskList
                0x00000000200000f8       0x14 ThirdParty/FreeRTOS/tasks.o
 .bss.uxCurrentNumberOfTasks
                0x000000002000010c        0x4 ThirdParty/FreeRTOS/tasks.o
 .bss.xTickCount
                0x0000000020000110        0x4 ThirdParty/FreeRTOS/tasks.o
 .bss.uxTopReadyPriority
                0x0000000020000114        0x4 ThirdParty/FreeRTOS/tasks.o
 .bss.xSchedulerRunning
                0x0000000020000118        0x4 ThirdParty/FreeRTOS/tasks.o
 .bss.xPendedTicks
                0x000000002000011c        0x4 ThirdParty/FreeRTOS/tasks.o
 .bss.xYieldPending
                0x0000000020000120        0x4 ThirdParty/FreeRTOS/tasks.o
 .bss.xNumOfOverflows
                0x0000000020000124        0x4 ThirdParty/FreeRTOS/tasks.o
 .bss.uxTaskNumber
                0x0000000020000128        0x4 ThirdParty/FreeRTOS/tasks.o
 .bss.xNextTaskUnblockTime
                0x000000002000012c        0x4 ThirdParty/FreeRTOS/tasks.o
 .bss.xIdleTaskHandle
                0x0000000020000130        0x4 ThirdParty/FreeRTOS/tasks.o
 .bss.uxSchedulerSuspended
                0x0000000020000134        0x4 ThirdParty/FreeRTOS/tasks.o
 .bss.xActiveTimerList1
                0x0000000020000138       0x14 ThirdParty/FreeRTOS/timers.o
 .bss.xActiveTimerList2
                0x000000002000014c       0x14 ThirdParty/FreeRTOS/timers.o
 .bss.pxCurrentTimerList
                0x0000000020000160        0x4 ThirdParty/FreeRTOS/timers.o
 .bss.pxOverflowTimerList
                0x0000000020000164        0x4 ThirdParty/FreeRTOS/timers.o
 .bss.xTimerQueue
                0x0000000020000168        0x4 ThirdParty/FreeRTOS/timers.o
 .bss.xTimerTaskHandle
                0x000000002000016c        0x4 ThirdParty/FreeRTOS/timers.o
 .bss.xLastTime.7146
                0x0000000020000170        0x4 ThirdParty/FreeRTOS/timers.o
 .bss.ucMaxSysCallPriority
                0x0000000020000174        0x1 ThirdParty/FreeRTOS/portable/GCC/ARM_CM4F/port.o
 *fill*         0x0000000020000175        0x3 
 .bss.ulMaxPRIGROUPValue
                0x0000000020000178        0x4 ThirdParty/FreeRTOS/portable/GCC/ARM_CM4F/port.o
 .bss.ucHeap    0x000000002000017c    0x19000 ThirdParty/FreeRTOS/portable/MemMang/heap_4.o
 .bss.xStart    0x000000002001917c        0x8 ThirdParty/FreeRTOS/portable/MemMang/heap_4.o
 .bss.pxEnd     0x0000000020019184        0x4 ThirdParty/FreeRTOS/portable/MemMang/heap_4.o
 .bss.xFreeBytesRemaining
                0x0000000020019188        0x4 ThirdParty/FreeRTOS/portable/MemMang/heap_4.o
 .bss.xMinimumEverFreeBytesRemaining
                0x000000002001918c        0x4 ThirdParty/FreeRTOS/portable/MemMang/heap_4.o
 .bss.xNumberOfSuccessfulAllocations
                0x0000000020019190        0x4 ThirdParty/FreeRTOS/portable/MemMang/heap_4.o
 .bss.xNumberOfSuccessfulFrees
                0x0000000020019194        0x4 ThirdParty/FreeRTOS/portable/MemMang/heap_4.o
 .bss.xBlockAllocatedBit
                0x0000000020019198        0x4 ThirdParty/FreeRTOS/portable/MemMang/heap_4.o
 .bss._aTasks   0x000000002001919c       0xa0 ThirdParty/SEGGER/OS/SEGGER_SYSVIEW_FreeRTOS.o
 .bss._NumTasks
                0x000000002001923c        0x4 ThirdParty/SEGGER/OS/SEGGER_SYSVIEW_FreeRTOS.o
 .bss._acUpBuffer
                0x0000000020019240      0x400 ThirdParty/SEGGER/SEGGER/SEGGER_RTT.o
 .bss._acDownBuffer
                0x0000000020019640       0x10 ThirdParty/SEGGER/SEGGER/SEGGER_RTT.o
 .bss._UpBuffer
                0x0000000020019650     0x1000 ThirdParty/SEGGER/SEGGER/SEGGER_SYSVIEW.o
 .bss._DownBuffer
                0x000000002001a650        0x8 ThirdParty/SEGGER/SEGGER/SEGGER_SYSVIEW.o
 .bss._SYSVIEW_Globals
                0x000000002001a658       0x28 ThirdParty/SEGGER/SEGGER/SEGGER_SYSVIEW.o
 .bss._pFirstModule
                0x000000002001a680        0x4 ThirdParty/SEGGER/SEGGER/SEGGER_SYSVIEW.o
 .bss._NumModules
                0x000000002001a684        0x1 ThirdParty/SEGGER/SEGGER/SEGGER_SYSVIEW.o
 *fill*         0x000000002001a685        0x3 
 .bss._aPacket  0x000000002001a688       0xe3 ThirdParty/SEGGER/SEGGER/SEGGER_SYSVIEW.o
 *(COMMON)
 *fill*         0x000000002001a76b        0x1 
 COMMON         0x000000002001a76c        0x4 Drivers/STM32F4xx_HAL_Driver/Src/stm32f4xx_hal.o
                0x000000002001a76c                uwTick
 COMMON         0x000000002001a770       0x40 Src/stm32f4xx_hal_timebase_tim.o
                0x000000002001a770                htim5
 COMMON         0x000000002001a7b0       0x40 ThirdParty/FreeRTOS/queue.o
                0x000000002001a7b0                xQueueRegistry
 COMMON         0x000000002001a7f0       0xa8 ThirdParty/SEGGER/SEGGER/SEGGER_RTT.o
                0x000000002001a7f0                _SEGGER_RTT
                0x000000002001a898                . = ALIGN (0x4)
                0x000000002001a898                _ebss = .
                0x000000002001a898                __bss_end__ = _ebss

._user_heap_stack
                0x000000002001a898      0x600 load address 0x00000000080065dc
                0x000000002001a898                . = ALIGN (0x8)
                [!provide]                        PROVIDE (end = .)
                [!provide]                        PROVIDE (_end = .)
                0x000000002001aa98                . = (. + _Min_Heap_Size)
 *fill*         0x000000002001a898      0x200 
                0x000000002001ae98                . = (. + _Min_Stack_Size)
 *fill*         0x000000002001aa98      0x400 
                0x000000002001ae98                . = ALIGN (0x8)

/DISCARD/
 libc.a(*)
 libm.a(*)
 libgcc.a(*)

.ARM.attributes
                0x0000000000000000       0x30
 *(.ARM.attributes)
 .ARM.attributes
                0x0000000000000000       0x22 c:/st/stm32cubeide_1.1.0/stm32cubeide/plugins/com.st.stm32cube.ide.mcu.externaltools.gnu-tools-for-stm32.7-2018-q2-update.win32_1.0.0.201904181610/tools/bin/../lib/gcc/arm-none-eabi/7.3.1/thumb/v7e-m/fpv4-sp/hard/crti.o
 .ARM.attributes
                0x0000000000000022       0x34 c:/st/stm32cubeide_1.1.0/stm32cubeide/plugins/com.st.stm32cube.ide.mcu.externaltools.gnu-tools-for-stm32.7-2018-q2-update.win32_1.0.0.201904181610/tools/bin/../lib/gcc/arm-none-eabi/7.3.1/thumb/v7e-m/fpv4-sp/hard/crtbegin.o
 .ARM.attributes
                0x0000000000000056       0x39 CLC_Sys/tasks/intersection_ctrl/intersection_ctrl.o
 .ARM.attributes
                0x000000000000008f       0x39 CLC_Sys/tasks/sensor_read/sensor_read.o
 .ARM.attributes
                0x00000000000000c8       0x39 CLC_Sys/tasks/state_machine/state_machine.o
 .ARM.attributes
                0x0000000000000101       0x39 Drivers/STM32F4xx_HAL_Driver/Src/stm32f4xx_hal.o
 .ARM.attributes
                0x000000000000013a       0x39 Drivers/STM32F4xx_HAL_Driver/Src/stm32f4xx_hal_cortex.o
 .ARM.attributes
                0x0000000000000173       0x39 Drivers/STM32F4xx_HAL_Driver/Src/stm32f4xx_hal_gpio.o
 .ARM.attributes
                0x00000000000001ac       0x39 Drivers/STM32F4xx_HAL_Driver/Src/stm32f4xx_hal_rcc.o
 .ARM.attributes
                0x00000000000001e5       0x39 Drivers/STM32F4xx_HAL_Driver/Src/stm32f4xx_hal_tim.o
 .ARM.attributes
                0x000000000000021e       0x39 Drivers/STM32F4xx_HAL_Driver/Src/stm32f4xx_hal_tim_ex.o
 .ARM.attributes
                0x0000000000000257       0x39 Src/main.o
 .ARM.attributes
                0x0000000000000290       0x39 Src/stm32f4xx_hal_msp.o
 .ARM.attributes
                0x00000000000002c9       0x39 Src/stm32f4xx_hal_timebase_tim.o
 .ARM.attributes
                0x0000000000000302       0x39 Src/stm32f4xx_it.o
 .ARM.attributes
                0x000000000000033b       0x39 Src/system_stm32f4xx.o
 .ARM.attributes
                0x0000000000000374       0x21 Startup/startup_stm32f407vgtx.o
 .ARM.attributes
                0x0000000000000395       0x39 ThirdParty/FreeRTOS/list.o
 .ARM.attributes
                0x00000000000003ce       0x39 ThirdParty/FreeRTOS/queue.o
 .ARM.attributes
                0x0000000000000407       0x39 ThirdParty/FreeRTOS/tasks.o
 .ARM.attributes
                0x0000000000000440       0x39 ThirdParty/FreeRTOS/timers.o
 .ARM.attributes
                0x0000000000000479       0x39 ThirdParty/FreeRTOS/portable/GCC/ARM_CM4F/port.o
 .ARM.attributes
                0x00000000000004b2       0x39 ThirdParty/FreeRTOS/portable/MemMang/heap_4.o
 .ARM.attributes
                0x00000000000004eb       0x39 ThirdParty/SEGGER/Config/SEGGER_SYSVIEW_Config_FreeRTOS.o
 .ARM.attributes
                0x0000000000000524       0x39 ThirdParty/SEGGER/OS/SEGGER_SYSVIEW_FreeRTOS.o
 .ARM.attributes
                0x000000000000055d       0x39 ThirdParty/SEGGER/SEGGER/SEGGER_RTT.o
 .ARM.attributes
                0x0000000000000596       0x25 ThirdParty/SEGGER/SEGGER/SEGGER_RTT_ASM_ARMv7M.o
 .ARM.attributes
                0x00000000000005bb       0x39 ThirdParty/SEGGER/SEGGER/SEGGER_SYSVIEW.o
 .ARM.attributes
                0x00000000000005f4       0x34 c:/st/stm32cubeide_1.1.0/stm32cubeide/plugins/com.st.stm32cube.ide.mcu.externaltools.gnu-tools-for-stm32.7-2018-q2-update.win32_1.0.0.201904181610/tools/bin/../lib/gcc/arm-none-eabi/7.3.1/../../../../arm-none-eabi/lib/thumb/v7e-m/fpv4-sp/hard\libc_nano.a(lib_a-init.o)
 .ARM.attributes
                0x0000000000000628       0x34 c:/st/stm32cubeide_1.1.0/stm32cubeide/plugins/com.st.stm32cube.ide.mcu.externaltools.gnu-tools-for-stm32.7-2018-q2-update.win32_1.0.0.201904181610/tools/bin/../lib/gcc/arm-none-eabi/7.3.1/../../../../arm-none-eabi/lib/thumb/v7e-m/fpv4-sp/hard\libc_nano.a(lib_a-memcmp.o)
 .ARM.attributes
                0x000000000000065c       0x34 c:/st/stm32cubeide_1.1.0/stm32cubeide/plugins/com.st.stm32cube.ide.mcu.externaltools.gnu-tools-for-stm32.7-2018-q2-update.win32_1.0.0.201904181610/tools/bin/../lib/gcc/arm-none-eabi/7.3.1/../../../../arm-none-eabi/lib/thumb/v7e-m/fpv4-sp/hard\libc_nano.a(lib_a-memcpy-stub.o)
 .ARM.attributes
                0x0000000000000690       0x34 c:/st/stm32cubeide_1.1.0/stm32cubeide/plugins/com.st.stm32cube.ide.mcu.externaltools.gnu-tools-for-stm32.7-2018-q2-update.win32_1.0.0.201904181610/tools/bin/../lib/gcc/arm-none-eabi/7.3.1/../../../../arm-none-eabi/lib/thumb/v7e-m/fpv4-sp/hard\libc_nano.a(lib_a-memset.o)
 .ARM.attributes
                0x00000000000006c4       0x22 c:/st/stm32cubeide_1.1.0/stm32cubeide/plugins/com.st.stm32cube.ide.mcu.externaltools.gnu-tools-for-stm32.7-2018-q2-update.win32_1.0.0.201904181610/tools/bin/../lib/gcc/arm-none-eabi/7.3.1/thumb/v7e-m/fpv4-sp/hard\libgcc.a(_aeabi_uldivmod.o)
 .ARM.attributes
                0x00000000000006e6       0x34 c:/st/stm32cubeide_1.1.0/stm32cubeide/plugins/com.st.stm32cube.ide.mcu.externaltools.gnu-tools-for-stm32.7-2018-q2-update.win32_1.0.0.201904181610/tools/bin/../lib/gcc/arm-none-eabi/7.3.1/thumb/v7e-m/fpv4-sp/hard\libgcc.a(_udivmoddi4.o)
 .ARM.attributes
                0x000000000000071a       0x22 c:/st/stm32cubeide_1.1.0/stm32cubeide/plugins/com.st.stm32cube.ide.mcu.externaltools.gnu-tools-for-stm32.7-2018-q2-update.win32_1.0.0.201904181610/tools/bin/../lib/gcc/arm-none-eabi/7.3.1/thumb/v7e-m/fpv4-sp/hard\libgcc.a(_dvmd_tls.o)
 .ARM.attributes
                0x000000000000073c       0x22 c:/st/stm32cubeide_1.1.0/stm32cubeide/plugins/com.st.stm32cube.ide.mcu.externaltools.gnu-tools-for-stm32.7-2018-q2-update.win32_1.0.0.201904181610/tools/bin/../lib/gcc/arm-none-eabi/7.3.1/thumb/v7e-m/fpv4-sp/hard/crtn.o
OUTPUT(xmas_crossing_freertos.elf elf32-littlearm)

.debug_info     0x0000000000000000    0x17a7a
 .debug_info    0x0000000000000000      0x2bd CLC_Sys/tasks/intersection_ctrl/intersection_ctrl.o
 .debug_info    0x00000000000002bd      0x432 CLC_Sys/tasks/sensor_read/sensor_read.o
 .debug_info    0x00000000000006ef      0x2ae CLC_Sys/tasks/state_machine/state_machine.o
 .debug_info    0x000000000000099d      0x945 Drivers/STM32F4xx_HAL_Driver/Src/stm32f4xx_hal.o
 .debug_info    0x00000000000012e2      0xe28 Drivers/STM32F4xx_HAL_Driver/Src/stm32f4xx_hal_cortex.o
 .debug_info    0x000000000000210a      0x7b5 Drivers/STM32F4xx_HAL_Driver/Src/stm32f4xx_hal_gpio.o
 .debug_info    0x00000000000028bf      0x904 Drivers/STM32F4xx_HAL_Driver/Src/stm32f4xx_hal_rcc.o
 .debug_info    0x00000000000031c3     0x24a9 Drivers/STM32F4xx_HAL_Driver/Src/stm32f4xx_hal_tim.o
 .debug_info    0x000000000000566c     0x1157 Drivers/STM32F4xx_HAL_Driver/Src/stm32f4xx_hal_tim_ex.o
 .debug_info    0x00000000000067c3     0x14eb Src/main.o
 .debug_info    0x0000000000007cae      0x3b6 Src/stm32f4xx_hal_msp.o
 .debug_info    0x0000000000008064      0xb2d Src/stm32f4xx_hal_timebase_tim.o
 .debug_info    0x0000000000008b91      0x70c Src/stm32f4xx_it.o
 .debug_info    0x000000000000929d      0x554 Src/system_stm32f4xx.o
 .debug_info    0x00000000000097f1       0x22 Startup/startup_stm32f407vgtx.o
 .debug_info    0x0000000000009813      0xae1 ThirdParty/FreeRTOS/list.o
 .debug_info    0x000000000000a2f4     0x200d ThirdParty/FreeRTOS/queue.o
 .debug_info    0x000000000000c301     0x2a06 ThirdParty/FreeRTOS/tasks.o
 .debug_info    0x000000000000ed07     0x14df ThirdParty/FreeRTOS/timers.o
 .debug_info    0x00000000000101e6      0x608 ThirdParty/FreeRTOS/portable/GCC/ARM_CM4F/port.o
 .debug_info    0x00000000000107ee      0xd03 ThirdParty/FreeRTOS/portable/MemMang/heap_4.o
 .debug_info    0x00000000000114f1      0x125 ThirdParty/SEGGER/Config/SEGGER_SYSVIEW_Config_FreeRTOS.o
 .debug_info    0x0000000000011616      0xb92 ThirdParty/SEGGER/OS/SEGGER_SYSVIEW_FreeRTOS.o
 .debug_info    0x00000000000121a8     0x1c1b ThirdParty/SEGGER/SEGGER/SEGGER_RTT.o
 .debug_info    0x0000000000013dc3       0x26 ThirdParty/SEGGER/SEGGER/SEGGER_RTT_ASM_ARMv7M.o
 .debug_info    0x0000000000013de9     0x3c91 ThirdParty/SEGGER/SEGGER/SEGGER_SYSVIEW.o

.debug_abbrev   0x0000000000000000     0x3132
 .debug_abbrev  0x0000000000000000      0x11f CLC_Sys/tasks/intersection_ctrl/intersection_ctrl.o
 .debug_abbrev  0x000000000000011f      0x17e CLC_Sys/tasks/sensor_read/sensor_read.o
 .debug_abbrev  0x000000000000029d      0x133 CLC_Sys/tasks/state_machine/state_machine.o
 .debug_abbrev  0x00000000000003d0      0x1c7 Drivers/STM32F4xx_HAL_Driver/Src/stm32f4xx_hal.o
 .debug_abbrev  0x0000000000000597      0x2fa Drivers/STM32F4xx_HAL_Driver/Src/stm32f4xx_hal_cortex.o
 .debug_abbrev  0x0000000000000891      0x1c9 Drivers/STM32F4xx_HAL_Driver/Src/stm32f4xx_hal_gpio.o
 .debug_abbrev  0x0000000000000a5a      0x245 Drivers/STM32F4xx_HAL_Driver/Src/stm32f4xx_hal_rcc.o
 .debug_abbrev  0x0000000000000c9f      0x230 Drivers/STM32F4xx_HAL_Driver/Src/stm32f4xx_hal_tim.o
 .debug_abbrev  0x0000000000000ecf      0x21e Drivers/STM32F4xx_HAL_Driver/Src/stm32f4xx_hal_tim_ex.o
 .debug_abbrev  0x00000000000010ed      0x2a3 Src/main.o
 .debug_abbrev  0x0000000000001390      0x12c Src/stm32f4xx_hal_msp.o
 .debug_abbrev  0x00000000000014bc      0x19d Src/stm32f4xx_hal_timebase_tim.o
 .debug_abbrev  0x0000000000001659      0x174 Src/stm32f4xx_it.o
 .debug_abbrev  0x00000000000017cd      0x12b Src/system_stm32f4xx.o
 .debug_abbrev  0x00000000000018f8       0x12 Startup/startup_stm32f407vgtx.o
 .debug_abbrev  0x000000000000190a      0x1cf ThirdParty/FreeRTOS/list.o
 .debug_abbrev  0x0000000000001ad9      0x2f1 ThirdParty/FreeRTOS/queue.o
 .debug_abbrev  0x0000000000001dca      0x35d ThirdParty/FreeRTOS/tasks.o
 .debug_abbrev  0x0000000000002127      0x2c8 ThirdParty/FreeRTOS/timers.o
 .debug_abbrev  0x00000000000023ef      0x210 ThirdParty/FreeRTOS/portable/GCC/ARM_CM4F/port.o
 .debug_abbrev  0x00000000000025ff      0x29e ThirdParty/FreeRTOS/portable/MemMang/heap_4.o
 .debug_abbrev  0x000000000000289d       0xb5 ThirdParty/SEGGER/Config/SEGGER_SYSVIEW_Config_FreeRTOS.o
 .debug_abbrev  0x0000000000002952      0x1ed ThirdParty/SEGGER/OS/SEGGER_SYSVIEW_FreeRTOS.o
 .debug_abbrev  0x0000000000002b3f      0x2a7 ThirdParty/SEGGER/SEGGER/SEGGER_RTT.o
 .debug_abbrev  0x0000000000002de6       0x14 ThirdParty/SEGGER/SEGGER/SEGGER_RTT_ASM_ARMv7M.o
 .debug_abbrev  0x0000000000002dfa      0x338 ThirdParty/SEGGER/SEGGER/SEGGER_SYSVIEW.o

.debug_aranges  0x0000000000000000     0x1330
 .debug_aranges
                0x0000000000000000       0x20 CLC_Sys/tasks/intersection_ctrl/intersection_ctrl.o
 .debug_aranges
                0x0000000000000020       0x58 CLC_Sys/tasks/sensor_read/sensor_read.o
 .debug_aranges
                0x0000000000000078       0x30 CLC_Sys/tasks/state_machine/state_machine.o
 .debug_aranges
                0x00000000000000a8       0xf0 Drivers/STM32F4xx_HAL_Driver/Src/stm32f4xx_hal.o
 .debug_aranges
                0x0000000000000198      0x118 Drivers/STM32F4xx_HAL_Driver/Src/stm32f4xx_hal_cortex.o
 .debug_aranges
                0x00000000000002b0       0x58 Drivers/STM32F4xx_HAL_Driver/Src/stm32f4xx_hal_gpio.o
 .debug_aranges
                0x0000000000000308       0x88 Drivers/STM32F4xx_HAL_Driver/Src/stm32f4xx_hal_rcc.o
 .debug_aranges
                0x0000000000000390      0x3a8 Drivers/STM32F4xx_HAL_Driver/Src/stm32f4xx_hal_tim.o
 .debug_aranges
                0x0000000000000738      0x150 Drivers/STM32F4xx_HAL_Driver/Src/stm32f4xx_hal_tim_ex.o
 .debug_aranges
                0x0000000000000888       0x40 Src/main.o
 .debug_aranges
                0x00000000000008c8       0x20 Src/stm32f4xx_hal_msp.o
 .debug_aranges
                0x00000000000008e8       0x30 Src/stm32f4xx_hal_timebase_tim.o
 .debug_aranges
                0x0000000000000918       0x50 Src/stm32f4xx_it.o
 .debug_aranges
                0x0000000000000968       0x28 Src/system_stm32f4xx.o
 .debug_aranges
                0x0000000000000990       0x28 Startup/startup_stm32f407vgtx.o
 .debug_aranges
                0x00000000000009b8       0x40 ThirdParty/FreeRTOS/list.o
 .debug_aranges
                0x00000000000009f8      0x130 ThirdParty/FreeRTOS/queue.o
 .debug_aranges
                0x0000000000000b28      0x208 ThirdParty/FreeRTOS/tasks.o
 .debug_aranges
                0x0000000000000d30       0xd8 ThirdParty/FreeRTOS/timers.o
 .debug_aranges
                0x0000000000000e08       0x88 ThirdParty/FreeRTOS/portable/GCC/ARM_CM4F/port.o
 .debug_aranges
                0x0000000000000e90       0x58 ThirdParty/FreeRTOS/portable/MemMang/heap_4.o
 .debug_aranges
                0x0000000000000ee8       0x28 ThirdParty/SEGGER/Config/SEGGER_SYSVIEW_Config_FreeRTOS.o
 .debug_aranges
                0x0000000000000f10       0x48 ThirdParty/SEGGER/OS/SEGGER_SYSVIEW_FreeRTOS.o
 .debug_aranges
                0x0000000000000f58      0x138 ThirdParty/SEGGER/SEGGER/SEGGER_RTT.o
 .debug_aranges
                0x0000000000001090       0x20 ThirdParty/SEGGER/SEGGER/SEGGER_RTT_ASM_ARMv7M.o
 .debug_aranges
                0x00000000000010b0      0x280 ThirdParty/SEGGER/SEGGER/SEGGER_SYSVIEW.o

.debug_ranges   0x0000000000000000     0x1188
 .debug_ranges  0x0000000000000000       0x10 CLC_Sys/tasks/intersection_ctrl/intersection_ctrl.o
 .debug_ranges  0x0000000000000010       0x48 CLC_Sys/tasks/sensor_read/sensor_read.o
 .debug_ranges  0x0000000000000058       0x20 CLC_Sys/tasks/state_machine/state_machine.o
 .debug_ranges  0x0000000000000078       0xe0 Drivers/STM32F4xx_HAL_Driver/Src/stm32f4xx_hal.o
 .debug_ranges  0x0000000000000158      0x108 Drivers/STM32F4xx_HAL_Driver/Src/stm32f4xx_hal_cortex.o
 .debug_ranges  0x0000000000000260       0x48 Drivers/STM32F4xx_HAL_Driver/Src/stm32f4xx_hal_gpio.o
 .debug_ranges  0x00000000000002a8       0x78 Drivers/STM32F4xx_HAL_Driver/Src/stm32f4xx_hal_rcc.o
 .debug_ranges  0x0000000000000320      0x398 Drivers/STM32F4xx_HAL_Driver/Src/stm32f4xx_hal_tim.o
 .debug_ranges  0x00000000000006b8      0x140 Drivers/STM32F4xx_HAL_Driver/Src/stm32f4xx_hal_tim_ex.o
 .debug_ranges  0x00000000000007f8       0x30 Src/main.o
 .debug_ranges  0x0000000000000828       0x10 Src/stm32f4xx_hal_msp.o
 .debug_ranges  0x0000000000000838       0x20 Src/stm32f4xx_hal_timebase_tim.o
 .debug_ranges  0x0000000000000858       0x40 Src/stm32f4xx_it.o
 .debug_ranges  0x0000000000000898       0x18 Src/system_stm32f4xx.o
 .debug_ranges  0x00000000000008b0       0x20 Startup/startup_stm32f407vgtx.o
 .debug_ranges  0x00000000000008d0       0x30 ThirdParty/FreeRTOS/list.o
 .debug_ranges  0x0000000000000900      0x120 ThirdParty/FreeRTOS/queue.o
 .debug_ranges  0x0000000000000a20      0x1f8 ThirdParty/FreeRTOS/tasks.o
 .debug_ranges  0x0000000000000c18       0xc8 ThirdParty/FreeRTOS/timers.o
 .debug_ranges  0x0000000000000ce0       0x78 ThirdParty/FreeRTOS/portable/GCC/ARM_CM4F/port.o
 .debug_ranges  0x0000000000000d58       0x48 ThirdParty/FreeRTOS/portable/MemMang/heap_4.o
 .debug_ranges  0x0000000000000da0       0x18 ThirdParty/SEGGER/Config/SEGGER_SYSVIEW_Config_FreeRTOS.o
 .debug_ranges  0x0000000000000db8       0x38 ThirdParty/SEGGER/OS/SEGGER_SYSVIEW_FreeRTOS.o
 .debug_ranges  0x0000000000000df0      0x128 ThirdParty/SEGGER/SEGGER/SEGGER_RTT.o
 .debug_ranges  0x0000000000000f18      0x270 ThirdParty/SEGGER/SEGGER/SEGGER_SYSVIEW.o

.debug_macro    0x0000000000000000     0x4659
 .debug_macro   0x0000000000000000      0x2e1 CLC_Sys/tasks/intersection_ctrl/intersection_ctrl.o
 .debug_macro   0x00000000000002e1      0x2e1 CLC_Sys/tasks/sensor_read/sensor_read.o
 .debug_macro   0x00000000000005c2       0x28 CLC_Sys/tasks/sensor_read/sensor_read.o
 .debug_macro   0x00000000000005ea      0x2db CLC_Sys/tasks/state_machine/state_machine.o
 .debug_macro   0x00000000000008c5      0x224 Drivers/STM32F4xx_HAL_Driver/Src/stm32f4xx_hal.o
 .debug_macro   0x0000000000000ae9      0x1c4 Drivers/STM32F4xx_HAL_Driver/Src/stm32f4xx_hal_cortex.o
 .debug_macro   0x0000000000000cad      0x1fa Drivers/STM32F4xx_HAL_Driver/Src/stm32f4xx_hal_gpio.o
 .debug_macro   0x0000000000000ea7      0x1e8 Drivers/STM32F4xx_HAL_Driver/Src/stm32f4xx_hal_rcc.o
 .debug_macro   0x000000000000108f      0x1c5 Drivers/STM32F4xx_HAL_Driver/Src/stm32f4xx_hal_tim.o
 .debug_macro   0x0000000000001254      0x1c4 Drivers/STM32F4xx_HAL_Driver/Src/stm32f4xx_hal_tim_ex.o
 .debug_macro   0x0000000000001418      0x42e Src/main.o
 .debug_macro   0x0000000000001846       0x46 Src/main.o
 .debug_macro   0x000000000000188c       0x18 Src/main.o
 .debug_macro   0x00000000000018a4       0x3c Src/main.o
 .debug_macro   0x00000000000018e0       0x34 Src/main.o
 .debug_macro   0x0000000000001914       0x16 Src/main.o
 .debug_macro   0x000000000000192a       0x35 Src/main.o
 .debug_macro   0x000000000000195f      0x32a Src/main.o
 .debug_macro   0x0000000000001c89       0x52 Src/main.o
 .debug_macro   0x0000000000001cdb       0x1f Src/main.o
 .debug_macro   0x0000000000001cfa       0x43 Src/main.o
 .debug_macro   0x0000000000001d3d       0x20 Src/main.o
 .debug_macro   0x0000000000001d5d      0x1a3 Src/main.o
 .debug_macro   0x0000000000001f00       0x10 Src/main.o
 .debug_macro   0x0000000000001f10       0x1c Src/main.o
 .debug_macro   0x0000000000001f2c       0x52 Src/main.o
 .debug_macro   0x0000000000001f7e       0x40 Src/main.o
 .debug_macro   0x0000000000001fbe       0x10 Src/main.o
 .debug_macro   0x0000000000001fce       0x40 Src/main.o
 .debug_macro   0x000000000000200e       0xd7 Src/main.o
 .debug_macro   0x00000000000020e5       0x1c Src/main.o
 .debug_macro   0x0000000000002101       0x3d Src/main.o
 .debug_macro   0x000000000000213e       0x16 Src/main.o
 .debug_macro   0x0000000000002154      0x145 Src/main.o
 .debug_macro   0x0000000000002299      0x2d7 Src/stm32f4xx_hal_msp.o
 .debug_macro   0x0000000000002570      0x1c4 Src/stm32f4xx_hal_timebase_tim.o
 .debug_macro   0x0000000000002734      0x2e1 Src/stm32f4xx_it.o
 .debug_macro   0x0000000000002a15      0x1ca Src/system_stm32f4xx.o
 .debug_macro   0x0000000000002bdf      0x1e8 ThirdParty/FreeRTOS/list.o
 .debug_macro   0x0000000000002dc7      0x271 ThirdParty/FreeRTOS/queue.o
 .debug_macro   0x0000000000003038       0x16 ThirdParty/FreeRTOS/queue.o
 .debug_macro   0x000000000000304e       0x20 ThirdParty/FreeRTOS/queue.o
 .debug_macro   0x000000000000306e       0x80 ThirdParty/FreeRTOS/queue.o
 .debug_macro   0x00000000000030ee      0x2d5 ThirdParty/FreeRTOS/tasks.o
 .debug_macro   0x00000000000033c3       0x10 ThirdParty/FreeRTOS/tasks.o
 .debug_macro   0x00000000000033d3      0x231 ThirdParty/FreeRTOS/timers.o
 .debug_macro   0x0000000000003604       0x97 ThirdParty/FreeRTOS/timers.o
 .debug_macro   0x000000000000369b      0x1f8 ThirdParty/FreeRTOS/portable/GCC/ARM_CM4F/port.o
 .debug_macro   0x0000000000003893      0x203 ThirdParty/FreeRTOS/portable/MemMang/heap_4.o
 .debug_macro   0x0000000000003a96      0x138 ThirdParty/SEGGER/Config/SEGGER_SYSVIEW_Config_FreeRTOS.o
 .debug_macro   0x0000000000003bce      0x1f7 ThirdParty/SEGGER/OS/SEGGER_SYSVIEW_FreeRTOS.o
 .debug_macro   0x0000000000003dc5      0x1b0 ThirdParty/SEGGER/SEGGER/SEGGER_RTT.o
 .debug_macro   0x0000000000003f75       0x34 ThirdParty/SEGGER/SEGGER/SEGGER_RTT.o
 .debug_macro   0x0000000000003fa9      0x138 ThirdParty/SEGGER/SEGGER/SEGGER_RTT.o
 .debug_macro   0x00000000000040e1      0x206 ThirdParty/SEGGER/SEGGER/SEGGER_SYSVIEW.o
 .debug_macro   0x00000000000042e7      0x204 ThirdParty/SEGGER/SEGGER/SEGGER_SYSVIEW.o
 .debug_macro   0x00000000000044eb      0x16e ThirdParty/SEGGER/SEGGER/SEGGER_SYSVIEW.o

.debug_line     0x0000000000000000    0x13bf3
 .debug_line    0x0000000000000000      0xd6e CLC_Sys/tasks/intersection_ctrl/intersection_ctrl.o
 .debug_line    0x0000000000000d6e      0xe00 CLC_Sys/tasks/sensor_read/sensor_read.o
 .debug_line    0x0000000000001b6e      0xda2 CLC_Sys/tasks/state_machine/state_machine.o
 .debug_line    0x0000000000002910      0x8a9 Drivers/STM32F4xx_HAL_Driver/Src/stm32f4xx_hal.o
 .debug_line    0x00000000000031b9      0x9cd Drivers/STM32F4xx_HAL_Driver/Src/stm32f4xx_hal_cortex.o
 .debug_line    0x0000000000003b86      0x888 Drivers/STM32F4xx_HAL_Driver/Src/stm32f4xx_hal_gpio.o
 .debug_line    0x000000000000440e      0x901 Drivers/STM32F4xx_HAL_Driver/Src/stm32f4xx_hal_rcc.o
 .debug_line    0x0000000000004d0f     0x1922 Drivers/STM32F4xx_HAL_Driver/Src/stm32f4xx_hal_tim.o
 .debug_line    0x0000000000006631      0xcbf Drivers/STM32F4xx_HAL_Driver/Src/stm32f4xx_hal_tim_ex.o
 .debug_line    0x00000000000072f0     0x10a7 Src/main.o
 .debug_line    0x0000000000008397      0xd36 Src/stm32f4xx_hal_msp.o
 .debug_line    0x00000000000090cd      0x6d3 Src/stm32f4xx_hal_timebase_tim.o
 .debug_line    0x00000000000097a0      0xdb7 Src/stm32f4xx_it.o
 .debug_line    0x000000000000a557      0x6ba Src/system_stm32f4xx.o
 .debug_line    0x000000000000ac11       0x81 Startup/startup_stm32f407vgtx.o
 .debug_line    0x000000000000ac92      0x9e8 ThirdParty/FreeRTOS/list.o
 .debug_line    0x000000000000b67a     0x13ce ThirdParty/FreeRTOS/queue.o
 .debug_line    0x000000000000ca48     0x17c2 ThirdParty/FreeRTOS/tasks.o
 .debug_line    0x000000000000e20a      0xd85 ThirdParty/FreeRTOS/timers.o
 .debug_line    0x000000000000ef8f      0xac3 ThirdParty/FreeRTOS/portable/GCC/ARM_CM4F/port.o
 .debug_line    0x000000000000fa52      0xb0d ThirdParty/FreeRTOS/portable/MemMang/heap_4.o
 .debug_line    0x000000000001055f      0x858 ThirdParty/SEGGER/Config/SEGGER_SYSVIEW_Config_FreeRTOS.o
 .debug_line    0x0000000000010db7      0xa83 ThirdParty/SEGGER/OS/SEGGER_SYSVIEW_FreeRTOS.o
 .debug_line    0x000000000001183a      0xa3e ThirdParty/SEGGER/SEGGER/SEGGER_RTT.o
 .debug_line    0x0000000000012278       0xa0 ThirdParty/SEGGER/SEGGER/SEGGER_RTT_ASM_ARMv7M.o
 .debug_line    0x0000000000012318     0x18db ThirdParty/SEGGER/SEGGER/SEGGER_SYSVIEW.o

.debug_str      0x0000000000000000    0xd6429
 .debug_str     0x0000000000000000    0xc9904 CLC_Sys/tasks/intersection_ctrl/intersection_ctrl.o
                                      0xc9bda (size before relaxing)
 .debug_str     0x00000000000c9904      0x1b1 CLC_Sys/tasks/sensor_read/sensor_read.o
                                      0xc9d76 (size before relaxing)
 .debug_str     0x00000000000c9ab5       0xb6 CLC_Sys/tasks/state_machine/state_machine.o
                                      0xc9c30 (size before relaxing)
 .debug_str     0x00000000000c9b6b      0xbe4 Drivers/STM32F4xx_HAL_Driver/Src/stm32f4xx_hal.o
                                      0xc0ce1 (size before relaxing)
 .debug_str     0x00000000000ca74f      0x3e6 Drivers/STM32F4xx_HAL_Driver/Src/stm32f4xx_hal_cortex.o
                                      0xc0ad0 (size before relaxing)
 .debug_str     0x00000000000cab35      0x255 Drivers/STM32F4xx_HAL_Driver/Src/stm32f4xx_hal_gpio.o
                                      0xc0453 (size before relaxing)
 .debug_str     0x00000000000cad8a      0x38f Drivers/STM32F4xx_HAL_Driver/Src/stm32f4xx_hal_rcc.o
                                      0xc0601 (size before relaxing)
 .debug_str     0x00000000000cb119     0x112f Drivers/STM32F4xx_HAL_Driver/Src/stm32f4xx_hal_tim.o
                                      0xc1320 (size before relaxing)
 .debug_str     0x00000000000cc248      0x4ec Drivers/STM32F4xx_HAL_Driver/Src/stm32f4xx_hal_tim_ex.o
                                      0xc0b20 (size before relaxing)
 .debug_str     0x00000000000cc734     0x40b6 Src/main.o
                                      0xce358 (size before relaxing)
 .debug_str     0x00000000000d07ea       0x1b Src/stm32f4xx_hal_msp.o
                                      0xc9c1c (size before relaxing)
 .debug_str     0x00000000000d0805       0x50 Src/stm32f4xx_hal_timebase_tim.o
                                      0xc0b85 (size before relaxing)
 .debug_str     0x00000000000d0855       0x9d Src/stm32f4xx_it.o
                                      0xc9fb4 (size before relaxing)
 .debug_str     0x00000000000d08f2       0x5a Src/system_stm32f4xx.o
                                      0xc020f (size before relaxing)
 .debug_str     0x00000000000d094c       0x31 Startup/startup_stm32f407vgtx.o
                                         0x8e (size before relaxing)
 .debug_str     0x00000000000d097d      0x28e ThirdParty/FreeRTOS/list.o
                                       0xe9c2 (size before relaxing)
 .debug_str     0x00000000000d0c0b     0x1058 ThirdParty/FreeRTOS/queue.o
                                      0x10c86 (size before relaxing)
 .debug_str     0x00000000000d1c63     0x155b ThirdParty/FreeRTOS/tasks.o
                                      0x11ad6 (size before relaxing)
 .debug_str     0x00000000000d31be      0x50d ThirdParty/FreeRTOS/timers.o
                                      0x1106a (size before relaxing)
 .debug_str     0x00000000000d36cb      0x7fb ThirdParty/FreeRTOS/portable/GCC/ARM_CM4F/port.o
                                       0xd31e (size before relaxing)
 .debug_str     0x00000000000d3ec6      0x327 ThirdParty/FreeRTOS/portable/MemMang/heap_4.o
                                       0xfe3c (size before relaxing)
 .debug_str     0x00000000000d41ed      0x172 ThirdParty/SEGGER/Config/SEGGER_SYSVIEW_Config_FreeRTOS.o
                                       0xb1cd (size before relaxing)
 .debug_str     0x00000000000d435f       0xf5 ThirdParty/SEGGER/OS/SEGGER_SYSVIEW_FreeRTOS.o
                                       0xfb97 (size before relaxing)
 .debug_str     0x00000000000d4454     0x104d ThirdParty/SEGGER/SEGGER/SEGGER_RTT.o
                                       0x791d (size before relaxing)
 .debug_str     0x00000000000d54a1       0x34 ThirdParty/SEGGER/SEGGER/SEGGER_RTT_ASM_ARMv7M.o
                                         0x9f (size before relaxing)
 .debug_str     0x00000000000d54d5      0xf54 ThirdParty/SEGGER/SEGGER/SEGGER_SYSVIEW.o
                                       0x98d2 (size before relaxing)

.comment        0x0000000000000000       0x7b
 .comment       0x0000000000000000       0x7b CLC_Sys/tasks/intersection_ctrl/intersection_ctrl.o
                                         0x7c (size before relaxing)
 .comment       0x000000000000007b       0x7c CLC_Sys/tasks/sensor_read/sensor_read.o
 .comment       0x000000000000007b       0x7c CLC_Sys/tasks/state_machine/state_machine.o
 .comment       0x000000000000007b       0x7c Drivers/STM32F4xx_HAL_Driver/Src/stm32f4xx_hal.o
 .comment       0x000000000000007b       0x7c Drivers/STM32F4xx_HAL_Driver/Src/stm32f4xx_hal_cortex.o
 .comment       0x000000000000007b       0x7c Drivers/STM32F4xx_HAL_Driver/Src/stm32f4xx_hal_gpio.o
 .comment       0x000000000000007b       0x7c Drivers/STM32F4xx_HAL_Driver/Src/stm32f4xx_hal_rcc.o
 .comment       0x000000000000007b       0x7c Drivers/STM32F4xx_HAL_Driver/Src/stm32f4xx_hal_tim.o
 .comment       0x000000000000007b       0x7c Drivers/STM32F4xx_HAL_Driver/Src/stm32f4xx_hal_tim_ex.o
 .comment       0x000000000000007b       0x7c Src/main.o
 .comment       0x000000000000007b       0x7c Src/stm32f4xx_hal_msp.o
 .comment       0x000000000000007b       0x7c Src/stm32f4xx_hal_timebase_tim.o
 .comment       0x000000000000007b       0x7c Src/stm32f4xx_it.o
 .comment       0x000000000000007b       0x7c Src/system_stm32f4xx.o
 .comment       0x000000000000007b       0x7c ThirdParty/FreeRTOS/list.o
 .comment       0x000000000000007b       0x7c ThirdParty/FreeRTOS/queue.o
 .comment       0x000000000000007b       0x7c ThirdParty/FreeRTOS/tasks.o
 .comment       0x000000000000007b       0x7c ThirdParty/FreeRTOS/timers.o
 .comment       0x000000000000007b       0x7c ThirdParty/FreeRTOS/portable/GCC/ARM_CM4F/port.o
 .comment       0x000000000000007b       0x7c ThirdParty/FreeRTOS/portable/MemMang/heap_4.o
 .comment       0x000000000000007b       0x7c ThirdParty/SEGGER/Config/SEGGER_SYSVIEW_Config_FreeRTOS.o
 .comment       0x000000000000007b       0x7c ThirdParty/SEGGER/OS/SEGGER_SYSVIEW_FreeRTOS.o
 .comment       0x000000000000007b       0x7c ThirdParty/SEGGER/SEGGER/SEGGER_RTT.o
 .comment       0x000000000000007b       0x7c ThirdParty/SEGGER/SEGGER/SEGGER_SYSVIEW.o

.debug_frame    0x0000000000000000     0x4f38
 .debug_frame   0x0000000000000000       0x30 CLC_Sys/tasks/intersection_ctrl/intersection_ctrl.o
 .debug_frame   0x0000000000000030      0x130 CLC_Sys/tasks/sensor_read/sensor_read.o
 .debug_frame   0x0000000000000160       0x78 CLC_Sys/tasks/state_machine/state_machine.o
 .debug_frame   0x00000000000001d8      0x374 Drivers/STM32F4xx_HAL_Driver/Src/stm32f4xx_hal.o
 .debug_frame   0x000000000000054c      0x498 Drivers/STM32F4xx_HAL_Driver/Src/stm32f4xx_hal_cortex.o
 .debug_frame   0x00000000000009e4      0x14c Drivers/STM32F4xx_HAL_Driver/Src/stm32f4xx_hal_gpio.o
 .debug_frame   0x0000000000000b30      0x1f0 Drivers/STM32F4xx_HAL_Driver/Src/stm32f4xx_hal_rcc.o
 .debug_frame   0x0000000000000d20     0x10f0 Drivers/STM32F4xx_HAL_Driver/Src/stm32f4xx_hal_tim.o
 .debug_frame   0x0000000000001e10      0x5c0 Drivers/STM32F4xx_HAL_Driver/Src/stm32f4xx_hal_tim_ex.o
 .debug_frame   0x00000000000023d0       0xc0 Src/main.o
 .debug_frame   0x0000000000002490       0x34 Src/stm32f4xx_hal_msp.o
 .debug_frame   0x00000000000024c4       0x74 Src/stm32f4xx_hal_timebase_tim.o
 .debug_frame   0x0000000000002538       0xcc Src/stm32f4xx_it.o
 .debug_frame   0x0000000000002604       0x58 Src/system_stm32f4xx.o
 .debug_frame   0x000000000000265c       0xd8 ThirdParty/FreeRTOS/list.o
 .debug_frame   0x0000000000002734      0x544 ThirdParty/FreeRTOS/queue.o
 .debug_frame   0x0000000000002c78      0x8fc ThirdParty/FreeRTOS/tasks.o
 .debug_frame   0x0000000000003574      0x38c ThirdParty/FreeRTOS/timers.o
 .debug_frame   0x0000000000003900      0x1d0 ThirdParty/FreeRTOS/portable/GCC/ARM_CM4F/port.o
 .debug_frame   0x0000000000003ad0      0x12c ThirdParty/FreeRTOS/portable/MemMang/heap_4.o
 .debug_frame   0x0000000000003bfc       0x48 ThirdParty/SEGGER/Config/SEGGER_SYSVIEW_Config_FreeRTOS.o
 .debug_frame   0x0000000000003c44      0x100 ThirdParty/SEGGER/OS/SEGGER_SYSVIEW_FreeRTOS.o
 .debug_frame   0x0000000000003d44      0x530 ThirdParty/SEGGER/SEGGER/SEGGER_RTT.o
 .debug_frame   0x0000000000004274      0xbc4 ThirdParty/SEGGER/SEGGER/SEGGER_SYSVIEW.o
 .debug_frame   0x0000000000004e38       0x2c c:/st/stm32cubeide_1.1.0/stm32cubeide/plugins/com.st.stm32cube.ide.mcu.externaltools.gnu-tools-for-stm32.7-2018-q2-update.win32_1.0.0.201904181610/tools/bin/../lib/gcc/arm-none-eabi/7.3.1/../../../../arm-none-eabi/lib/thumb/v7e-m/fpv4-sp/hard\libc_nano.a(lib_a-init.o)
 .debug_frame   0x0000000000004e64       0x2c c:/st/stm32cubeide_1.1.0/stm32cubeide/plugins/com.st.stm32cube.ide.mcu.externaltools.gnu-tools-for-stm32.7-2018-q2-update.win32_1.0.0.201904181610/tools/bin/../lib/gcc/arm-none-eabi/7.3.1/../../../../arm-none-eabi/lib/thumb/v7e-m/fpv4-sp/hard\libc_nano.a(lib_a-memcmp.o)
 .debug_frame   0x0000000000004e90       0x28 c:/st/stm32cubeide_1.1.0/stm32cubeide/plugins/com.st.stm32cube.ide.mcu.externaltools.gnu-tools-for-stm32.7-2018-q2-update.win32_1.0.0.201904181610/tools/bin/../lib/gcc/arm-none-eabi/7.3.1/../../../../arm-none-eabi/lib/thumb/v7e-m/fpv4-sp/hard\libc_nano.a(lib_a-memcpy-stub.o)
 .debug_frame   0x0000000000004eb8       0x20 c:/st/stm32cubeide_1.1.0/stm32cubeide/plugins/com.st.stm32cube.ide.mcu.externaltools.gnu-tools-for-stm32.7-2018-q2-update.win32_1.0.0.201904181610/tools/bin/../lib/gcc/arm-none-eabi/7.3.1/../../../../arm-none-eabi/lib/thumb/v7e-m/fpv4-sp/hard\libc_nano.a(lib_a-memset.o)
 .debug_frame   0x0000000000004ed8       0x2c c:/st/stm32cubeide_1.1.0/stm32cubeide/plugins/com.st.stm32cube.ide.mcu.externaltools.gnu-tools-for-stm32.7-2018-q2-update.win32_1.0.0.201904181610/tools/bin/../lib/gcc/arm-none-eabi/7.3.1/thumb/v7e-m/fpv4-sp/hard\libgcc.a(_aeabi_uldivmod.o)
 .debug_frame   0x0000000000004f04       0x34 c:/st/stm32cubeide_1.1.0/stm32cubeide/plugins/com.st.stm32cube.ide.mcu.externaltools.gnu-tools-for-stm32.7-2018-q2-update.win32_1.0.0.201904181610/tools/bin/../lib/gcc/arm-none-eabi/7.3.1/thumb/v7e-m/fpv4-sp/hard\libgcc.a(_udivmoddi4.o)
